Archive member included to satisfy reference by file (symbol)

/opt/linux/x86-arm/aarch64-mix210-linux/host_bin/../target/usr/lib/libc_nonshared.a(fstat.oS)
                              build/arm11-gcc-uClibc-linux-gk7605v100/obj/src/common_venc/sample_comm_venc.o (fstat)

Allocating common symbols
Common symbol       size              file

stBitmap            0x18              build/arm11-gcc-uClibc-linux-gk7605v100/obj/src/svp_rtsp/ive/sample/sample_ive_md.o
shmid_tx            0x4               build/arm11-gcc-uClibc-linux-gk7605v100/obj/src/svp_rtsp/ive/sample/sample_ive_md.o
factory_test        0x2e8             build/arm11-gcc-uClibc-linux-gk7605v100/obj/src/factory_test/factory_test.o
g_call_id           0x4               build/arm11-gcc-uClibc-linux-gk7605v100/obj/src/third/gb28181/ite_gb28181_sip.o
random_int          0x4               build/arm11-gcc-uClibc-linux-gk7605v100/obj/src/svp_rtsp/ive/sample/sample_ive_md.o
sockfd              0x4               build/arm11-gcc-uClibc-linux-gk7605v100/obj/src/svp_rtsp/ive/sample/sample_ive_md.o
ptr_tx              0x8               build/arm11-gcc-uClibc-linux-gk7605v100/obj/src/svp_rtsp/ive/sample/sample_ive_md.o
SocketInfo          0x1e0             build/arm11-gcc-uClibc-linux-gk7605v100/obj/src/third/gb28181/ite_gb28181_rtp.o
sys_conf            0x14c             build/arm11-gcc-uClibc-linux-gk7605v100/obj/src/third/gb28181/ite_gb28181_app.o
g_call_id_str       0xc8              build/arm11-gcc-uClibc-linux-gk7605v100/obj/src/third/gb28181/ite_gb28181_sip.o
g_did_fileDown      0x4               build/arm11-gcc-uClibc-linux-gk7605v100/obj/src/third/gb28181/ite_gb28181_sip.o
g_dec_surveillance_param
                    0xc               build/arm11-gcc-uClibc-linux-gk7605v100/obj/src/third/gb28181/ite_gb28181_sip.o
g_enc_surveillance_param
                    0xc               build/arm11-gcc-uClibc-linux-gk7605v100/obj/src/third/gb28181/ite_gb28181_sip.o
g_broadcast_invite_callid
                    0x80              build/arm11-gcc-uClibc-linux-gk7605v100/obj/src/third/gb28181/ite_gb28181_sip.o
buf                 0x8               build/arm11-gcc-uClibc-linux-gk7605v100/obj/src/svp_rtsp/ive/sample/sample_ive_md.o
region_tmp_old      0x804             build/arm11-gcc-uClibc-linux-gk7605v100/obj/src/svp_rtsp/ive/sample/sample_ive_md.o
g_broadcast_dstid   0x40              build/arm11-gcc-uClibc-linux-gk7605v100/obj/src/third/gb28181/ite_gb28181_sip.o
g_dec_svc_param     0x10              build/arm11-gcc-uClibc-linux-gk7605v100/obj/src/third/gb28181/ite_gb28181_sip.o
uas_handle_Message  0x8               build/arm11-gcc-uClibc-linux-gk7605v100/obj/src/third/gb28181/ite_gb28181_app.o
device_status       0x28              build/arm11-gcc-uClibc-linux-gk7605v100/obj/src/third/gb28181/ite_gb28181_rtp.o
rtsp_handle         0x30              build/arm11-gcc-uClibc-linux-gk7605v100/obj/src/venc_audio/sample_venc_aenc.o
uas_handle_invite_sdp
                    0x8               build/arm11-gcc-uClibc-linux-gk7605v100/obj/src/third/gb28181/ite_gb28181_app.o
uas_start_transport
                    0x8               build/arm11-gcc-uClibc-linux-gk7605v100/obj/src/third/gb28181/ite_gb28181_app.o
g_did_backPlay      0x4               build/arm11-gcc-uClibc-linux-gk7605v100/obj/src/third/gb28181/ite_gb28181_sip.o
g_broadcast_callid  0x80              build/arm11-gcc-uClibc-linux-gk7605v100/obj/src/third/gb28181/ite_gb28181_sip.o
g_strAuth           0x400             build/arm11-gcc-uClibc-linux-gk7605v100/obj/src/third/gb28181/ite_gb28181_sip.o
g_broadcast_srcid   0x40              build/arm11-gcc-uClibc-linux-gk7605v100/obj/src/third/gb28181/ite_gb28181_sip.o
g_did_realPlay      0x4               build/arm11-gcc-uClibc-linux-gk7605v100/obj/src/third/gb28181/ite_gb28181_sip.o
ite_eXosip_callback
                    0x30              build/arm11-gcc-uClibc-linux-gk7605v100/obj/src/third/gb28181/ite_gb28181_rtp.o
serverAddr          0x10              build/arm11-gcc-uClibc-linux-gk7605v100/obj/src/svp_rtsp/ive/sample/sample_ive_md.o
rtcp_pkt_sr         0x1c              build/arm11-gcc-uClibc-linux-gk7605v100/obj/src/third/gb28181/ite_gb28181_rtp.o
p                   0x8               build/arm11-gcc-uClibc-linux-gk7605v100/obj/src/svp_rtsp/ive/sample/sample_ive_md.o
size                0x4               build/arm11-gcc-uClibc-linux-gk7605v100/obj/src/svp_rtsp/ive/sample/sample_ive_md.o
g_did_audioPlay     0x4               build/arm11-gcc-uClibc-linux-gk7605v100/obj/src/third/gb28181/ite_gb28181_sip.o
g_svac_audio_param  0x4               build/arm11-gcc-uClibc-linux-gk7605v100/obj/src/third/gb28181/ite_gb28181_sip.o
g_alarm_method      0xa               build/arm11-gcc-uClibc-linux-gk7605v100/obj/src/third/gb28181/ite_gb28181_sip.o
autolight_lock      0x38              build/arm11-gcc-uClibc-linux-gk7605v100/obj/src/autolight/netcam_autolight.o
[...]
Memory Configuration

Name             Origin             Length             Attributes
*default*        0x0000000000000000 0xffffffffffffffff

Linker script and memory map

LOAD /opt/linux/x86-arm/aarch64-mix210-linux/host_bin/../target/usr/lib/crti.o
LOAD /opt/linux/x86-arm/aarch64-mix210-linux/host_bin/../lib/gcc/aarch64-linux-gnu/7.3.0/crtbeginS.o
LOAD /opt/linux/x86-arm/aarch64-mix210-linux/host_bin/../lib/gcc/aarch64-linux-gnu/7.3.0/../../../../aarch64-linux-gnu/lib/../lib64/libstdc++.so
LOAD src/svp_rtsp/SDL2-2.26.1/install/lib/libSDL2.so
LOAD src/svp_rtsp/SDL2_ttf-2.0.18/install/lib/libSDL2_ttf.so
LOAD /opt/linux/x86-arm/aarch64-mix210-linux/host_bin/../target/usr/lib/libpthread.so
LOAD /opt/linux/x86-arm/aarch64-mix210-linux/host_bin/../target/usr/lib/librt.so
LOAD /opt/linux/x86-arm/aarch64-mix210-linux/host_bin/../target/usr/lib/libresolv.so
LOAD /opt/linux/x86-arm/aarch64-mix210-linux/host_bin/../target/usr/lib/libdl.so
LOAD /opt/linux/x86-arm/aarch64-mix210-linux/host_bin/../target/usr/lib/libm.so
LOAD /home/huxinjie/7608_netcam/install/arm11-gcc-uClibc-linux-gk7605v100/lib/librtsp.a
LOAD /opt/linux/x86-arm/aarch64-mix210-linux/host_bin/../target/usr/lib/libdl.so
LOAD /opt/linux/x86-arm/aarch64-mix210-linux/host_bin/../lib/gcc/aarch64-linux-gnu/7.3.0/../../../../aarch64-linux-gnu/lib/../lib64/libstdc++.so
LOAD /opt/linux/x86-arm/aarch64-mix210-linux/host_bin/../target/usr/lib/libm.so
LOAD /home/huxinjie/7608_netcam/install/arm11-gcc-uClibc-linux-gk7605v100/lib/libprotobuf-c.a
LOAD build/arm11-gcc-uClibc-linux-gk7605v100/obj/src/rtsp/gk_rtsp.o
LOAD build/arm11-gcc-uClibc-linux-gk7605v100/obj/src/factory_test/factory_test.o
LOAD build/arm11-gcc-uClibc-linux-gk7605v100/obj/src/gkvision/gkvision.o
LOAD build/arm11-gcc-uClibc-linux-gk7605v100/obj/src/third/gb28181/ite_gb28181_rtp.o
LOAD build/arm11-gcc-uClibc-linux-gk7605v100/obj/src/third/gb28181/ite_gb28181_sip.o
LOAD build/arm11-gcc-uClibc-linux-gk7605v100/obj/src/third/gb28181/ite_gb28181_app.o
LOAD build/arm11-gcc-uClibc-linux-gk7605v100/obj/src/third/gb28181/ite_gb28181_playback.o
LOAD build/arm11-gcc-uClibc-linux-gk7605v100/obj/src/common/main.o
LOAD build/arm11-gcc-uClibc-linux-gk7605v100/obj/src/common/netcam_sys.o
LOAD build/arm11-gcc-uClibc-linux-gk7605v100/obj/src/video/netcam_video.o
LOAD build/arm11-gcc-uClibc-linux-gk7605v100/obj/src/video/netcam_video_web_stream.o
LOAD build/arm11-gcc-uClibc-linux-gk7605v100/obj/src/image/netcam_image.o
LOAD build/arm11-gcc-uClibc-linux-gk7605v100/obj/src/timer/netcam_timer.o
LOAD build/arm11-gcc-uClibc-linux-gk7605v100/obj/src/autolight/netcam_autolight.o
LOAD build/arm11-gcc-uClibc-linux-gk7605v100/obj/src/osd/netcam_osd.o
LOAD build/arm11-gcc-uClibc-linux-gk7605v100/obj/src/http/netcam_http_web.o
LOAD build/arm11-gcc-uClibc-linux-gk7605v100/obj/src/net/netcam_network.o
LOAD build/arm11-gcc-uClibc-linux-gk7605v100/obj/src/net/net_arp.o
LOAD build/arm11-gcc-uClibc-linux-gk7605v100/obj/src/net/net_dhcp.o
LOAD build/arm11-gcc-uClibc-linux-gk7605v100/obj/src/net/net_arping.o
LOAD build/arm11-gcc-uClibc-linux-gk7605v100/obj/src/ptz/netcam_ptz.o
LOAD build/arm11-gcc-uClibc-linux-gk7605v100/obj/src/md/netcam_motion_detect.o
LOAD build/arm11-gcc-uClibc-linux-gk7605v100/obj/src/watchdog/netcam_watchdog.o
LOAD build/arm11-gcc-uClibc-linux-gk7605v100/obj/src/work_callback/system_handle.o
LOAD build/arm11-gcc-uClibc-linux-gk7605v100/obj/src/common_venc/loadbmp.o
LOAD build/arm11-gcc-uClibc-linux-gk7605v100/obj/src/common_venc/sample_comm_audio.o
LOAD build/arm11-gcc-uClibc-linux-gk7605v100/obj/src/common_venc/sample_comm_isp.o
LOAD build/arm11-gcc-uClibc-linux-gk7605v100/obj/src/common_venc/sample_comm_mipi_tx.o
LOAD build/arm11-gcc-uClibc-linux-gk7605v100/obj/src/common_venc/sample_comm_region.o
LOAD build/arm11-gcc-uClibc-linux-gk7605v100/obj/src/common_venc/sample_comm_sys.o
LOAD build/arm11-gcc-uClibc-linux-gk7605v100/obj/src/common_venc/sample_comm_vdec.o
LOAD build/arm11-gcc-uClibc-linux-gk7605v100/obj/src/common_venc/sample_comm_venc.o
LOAD build/arm11-gcc-uClibc-linux-gk7605v100/obj/src/common_venc/sample_comm_vi.o
LOAD build/arm11-gcc-uClibc-linux-gk7605v100/obj/src/common_venc/sample_comm_vo.o
LOAD build/arm11-gcc-uClibc-linux-gk7605v100/obj/src/common_venc/sample_comm_vpss.o
LOAD build/arm11-gcc-uClibc-linux-gk7605v100/obj/src/venc_audio/sample_audio.o
LOAD build/arm11-gcc-uClibc-linux-gk7605v100/obj/src/venc_audio/sample_venc_aenc.o
LOAD build/arm11-gcc-uClibc-linux-gk7605v100/obj/src/venc_audio/adp/audio_aac_adp.o
LOAD build/arm11-gcc-uClibc-linux-gk7605v100/obj/src/venc_audio/adp/audio_dl_adp.o
LOAD build/arm11-gcc-uClibc-linux-gk7605v100/obj/src/svp_rtsp/common/sample_common_ive.o
LOAD build/arm11-gcc-uClibc-linux-gk7605v100/obj/src/svp_rtsp/common/sample_common_svp.o
LOAD build/arm11-gcc-uClibc-linux-gk7605v100/obj/src/svp_rtsp/ive/sample_ive_main.o
LOAD build/arm11-gcc-uClibc-linux-gk7605v100/obj/src/svp_rtsp/ive/sample/sample_ive_md.o
LOAD build/arm11-gcc-uClibc-linux-gk7605v100/obj/src/ntpclient/ntp_client.o
LOAD build/arm11-gcc-uClibc-linux-gk7605v100/obj/src/bplustree/bplustree.o
LOAD /opt/linux/x86-arm/aarch64-mix210-linux/host_bin/../lib/gcc/aarch64-linux-gnu/7.3.0/libgcc.a
LOAD /opt/linux/x86-arm/aarch64-mix210-linux/host_bin/../lib/gcc/aarch64-linux-gnu/7.3.0/../../../../aarch64-linux-gnu/lib/../lib64/libgcc_s.so
LOAD /opt/linux/x86-arm/aarch64-mix210-linux/host_bin/../target/usr/lib/libc.so
START GROUP
LOAD /opt/linux/x86-arm/aarch64-mix210-linux/host_bin/../target/lib/libc.so.6
LOAD /opt/linux/x86-arm/aarch64-mix210-linux/host_bin/../target/usr/lib/libc_nonshared.a
LOAD /opt/linux/x86-arm/aarch64-mix210-linux/host_bin/../target/lib/ld-linux-aarch64.so.1
END GROUP
LOAD /opt/linux/x86-arm/aarch64-mix210-linux/host_bin/../lib/gcc/aarch64-linux-gnu/7.3.0/libgcc.a
LOAD /opt/linux/x86-arm/aarch64-mix210-linux/host_bin/../lib/gcc/aarch64-linux-gnu/7.3.0/../../../../aarch64-linux-gnu/lib/../lib64/libgcc_s.so
LOAD /opt/linux/x86-arm/aarch64-mix210-linux/host_bin/../lib/gcc/aarch64-linux-gnu/7.3.0/crtendS.o
LOAD /opt/linux/x86-arm/aarch64-mix210-linux/host_bin/../target/usr/lib/crtn.o
                0x0000000000000190                . = (SEGMENT_START ("text-segment", 0x0) + SIZEOF_HEADERS)

.note.gnu.build-id
 *(.note.gnu.build-id)

.hash           0x0000000000000190     0x27e0
 *(.hash)
 .hash          0x0000000000000190     0x27e0 /opt/linux/x86-arm/aarch64-mix210-linux/host_bin/../target/usr/lib/crti.o

.gnu.hash       0x0000000000002970     0x1620
 *(.gnu.hash)
 .gnu.hash      0x0000000000002970     0x1620 /opt/linux/x86-arm/aarch64-mix210-linux/host_bin/../target/usr/lib/crti.o

.dynsym         0x0000000000003f90     0x8e68
 *(.dynsym)
 .dynsym        0x0000000000003f90     0x8e68 /opt/linux/x86-arm/aarch64-mix210-linux/host_bin/../target/usr/lib/crti.o

.dynstr         0x000000000000cdf8     0x7c96
 *(.dynstr)
 .dynstr        0x000000000000cdf8     0x7c96 /opt/linux/x86-arm/aarch64-mix210-linux/host_bin/../target/usr/lib/crti.o

.gnu.version    0x0000000000014a8e      0xbde
 *(.gnu.version)
 .gnu.version   0x0000000000014a8e      0xbde /opt/linux/x86-arm/aarch64-mix210-linux/host_bin/../target/usr/lib/crti.o

.gnu.version_d  0x0000000000015670        0x0
 *(.gnu.version_d)
 .gnu.version_d
                0x0000000000015670        0x0 /opt/linux/x86-arm/aarch64-mix210-linux/host_bin/../target/usr/lib/crti.o

.gnu.version_r  0x0000000000015670       0x60
 *(.gnu.version_r)
 .gnu.version_r
                0x0000000000015670       0x60 /opt/linux/x86-arm/aarch64-mix210-linux/host_bin/../target/usr/lib/crti.o

.rela.dyn       0x00000000000156d0     0x1908
 *(.rela.init)
 *(.rela.text .rela.text.* .rela.gnu.linkonce.t.*)
 *(.rela.fini)
 *(.rela.rodata .rela.rodata.* .rela.gnu.linkonce.r.*)
 *(.rela.data .rela.data.* .rela.gnu.linkonce.d.*)
 .rela.data.rel.local
                0x00000000000156d0      0x4c8 /opt/linux/x86-arm/aarch64-mix210-linux/host_bin/../target/usr/lib/crti.o
 .rela.data.rel
                0x0000000000015b98      0x1f8 /opt/linux/x86-arm/aarch64-mix210-linux/host_bin/../target/usr/lib/crti.o
 .rela.data     0x0000000000015d90      0x120 /opt/linux/x86-arm/aarch64-mix210-linux/host_bin/../target/usr/lib/crti.o
 .rela.data.rel.ro.local
                0x0000000000015eb0      0x198 /opt/linux/x86-arm/aarch64-mix210-linux/host_bin/../target/usr/lib/crti.o
 *(.rela.tdata .rela.tdata.* .rela.gnu.linkonce.td.*)
 *(.rela.tbss .rela.tbss.* .rela.gnu.linkonce.tb.*)
 *(.rela.ctors)
 *(.rela.dtors)
 *(.rela.got)
 .rela.got      0x0000000000016048      0xf60 /opt/linux/x86-arm/aarch64-mix210-linux/host_bin/../target/usr/lib/crti.o
 *(.rela.bss .rela.bss.* .rela.gnu.linkonce.b.*)
 *(.rela.ifunc)
 .rela.ifunc    0x0000000000016fa8        0x0 /opt/linux/x86-arm/aarch64-mix210-linux/host_bin/../target/usr/lib/crti.o
 .rela.init_array
                0x0000000000016fa8       0x18 /opt/linux/x86-arm/aarch64-mix210-linux/host_bin/../target/usr/lib/crti.o
 .rela.fini_array
                0x0000000000016fc0       0x18 /opt/linux/x86-arm/aarch64-mix210-linux/host_bin/../target/usr/lib/crti.o

.rela.plt       0x0000000000016fd8     0x6678
 *(.rela.plt)
 .rela.plt      0x0000000000016fd8     0x6678 /opt/linux/x86-arm/aarch64-mix210-linux/host_bin/../target/usr/lib/crti.o
 *(.rela.iplt)

.init           0x000000000001d650       0x14
 *(SORT_NONE(.init))
 .init          0x000000000001d650        0xc /opt/linux/x86-arm/aarch64-mix210-linux/host_bin/../target/usr/lib/crti.o
                0x000000000001d650                _init
 .init          0x000000000001d65c        0x8 /opt/linux/x86-arm/aarch64-mix210-linux/host_bin/../target/usr/lib/crtn.o

.plt            0x000000000001d670     0x4470
 *(.plt)
 .plt           0x000000000001d670     0x4470 /opt/linux/x86-arm/aarch64-mix210-linux/host_bin/../target/usr/lib/crti.o
 *(.iplt)

.text           0x0000000000021ae0    0x6f530
 *(.text.unlikely .text.*_unlikely .text.unlikely.*)
 *(.text.exit .text.exit.*)
 *(.text.startup .text.startup.*)
 *(.text.hot .text.hot.*)
 *(SORT_BY_NAME(.text.sorted.*))
 *(.text .stub .text.* .gnu.linkonce.t.*)
 .text          0x0000000000021ae0       0x14 /opt/linux/x86-arm/aarch64-mix210-linux/host_bin/../target/usr/lib/crti.o
 *fill*         0x0000000000021af4        0x4 1f2003d5
 .text          0x0000000000021af8       0xbc /opt/linux/x86-arm/aarch64-mix210-linux/host_bin/../lib/gcc/aarch64-linux-gnu/7.3.0/crtbeginS.o
 .text          0x0000000000021bb4     0x1364 build/arm11-gcc-uClibc-linux-gk7605v100/obj/src/rtsp/gk_rtsp.o
                0x000000000002288c                printf_rtsp_param
                0x0000000000022b74                rtsp_setParam
                0x0000000000022bec                rtsp_getParam
                0x0000000000022e78                rtsp_start
                0x0000000000022f04                rtsp_stop
 .text          0x0000000000022f18      0xdf4 build/arm11-gcc-uClibc-linux-gk7605v100/obj/src/factory_test/factory_test.o
                0x0000000000022f18                vFactoryWorkMode_Play_AudioFile
                0x0000000000023010                vFactoryWorkMode_PTZ_Loop
                0x000000000002302c                vFactoryWorkMode_PTZ_StopLoop
                0x0000000000023044                vFactoryWorkMode_LinkWifi
                0x0000000000023194                vFactoryWorkMode_StopLinkWifi
                0x00000000000231c8                vFactoryWorkMode_WriteRecordFile
                0x000000000002327c                vFactoryWorkMode_StartRecord
                0x0000000000023330                vFactoryWorkMode_StopRecord
                0x0000000000023374                vFactoryWorkMode_StartPlayRecord
                0x0000000000023398                vFactoryWorkMode_TestInit
                0x00000000000234b8                vFactoryWorkMode_BurninInit
                0x000000000002368c                iFactoryWorkMode_PreInit
                0x000000000002384c                vFactoryWorkMode_Proc
                0x0000000000023c44                vFactoryWorkMode_Init
                0x0000000000023ca4                vFactoryWorkMode_Exit
 *fill*         0x0000000000023d0c        0x4 1f2003d5
 .text          0x0000000000023d10     0x16c0 build/arm11-gcc-uClibc-linux-gk7605v100/obj/src/gkvision/gkvision.o
                0x0000000000023d10                gk_vision_init
                0x0000000000023f38                gk_vision_exit
                0x00000000000244cc                gk_vision_set_human_detection_state
                0x0000000000024548                gk_vision_set_motion_tracing
                0x00000000000253a4                gk_vision_fresh_rect
                0x00000000000253bc                gk_vision_set_sensitive
 .text.stub     0x00000000000253d0       0x10 linker stubs
 .text          0x00000000000263d0     0x71dc build/arm11-gcc-uClibc-linux-gk7605v100/obj/src/third/gb28181/ite_gb28181_rtp.o
                0x00000000000263d0                ite_check_test_server
                0x00000000000263d8                ite_make_ps_header
                0x0000000000026808                ite_make_sys_header
                0x000000000002695c                ite_make_psm_header
                0x0000000000026b90                ite_make_pes_header
                0x0000000000026d3c                ite_make_rtp_header
                0x0000000000026ec0                ite_make_rtptcp_header
                0x00000000000270f4                rtp_send_h264ps
                0x0000000000027300                ITE_SHARE_BUFFER_Init_Mgr
                0x0000000000027314                saveps
                0x000000000002744c                ite_RtpSendUdp_PS_H264frame
                0x0000000000027674                rtp_sendtcp_h264ps
                0x0000000000027b14                ite_RtpSendTcp_PS_H264frame
                0x0000000000027dc0                RtpSendOverUdpPkt3984
                0x000000000002818c                Pframe_process
                0x0000000000028310                Iframe_process
                0x00000000000285e0                GetH264FrameType
                0x0000000000028658                bulid_rtcp_sr
                0x0000000000028730                bulid_rtcp_rr
                0x0000000000028808                recvRtcpRr
                0x0000000000028b2c                sendRtcpSr
                0x00000000000295d4                SendVideoOverTcp_Org
                0x000000000002a4e0                rtp_stream_fail_event_upload
                0x000000000002a9ac                rtp_stream_status_send
                0x000000000002a9e0                SendVideoRtpTask
                0x000000000002bd64                RecvAudioRtpTask
                0x000000000002c008                gk_rtp_playback_send
                0x000000000002c584                gk_rtp_playback_close
                0x000000000002c614                gk_rtp_play_close
                0x000000000002c65c                SetIFameFlag
                0x000000000002c680                rtpGetHandle
                0x000000000002cb44                rtpCloseHandle
                0x000000000002cc3c                rtpInit
                0x000000000002cc64                ProcessInviteMediaPlay
                0x000000000002cddc                ProcessInviteAudioPlay
                0x000000000002cf6c                ProcessMediaStop
                0x000000000002d060                ProcessVoiceStop
                0x000000000002d154                ProcessMediaStopAll
                0x000000000002d3c0                CreateUdpSocket
                0x000000000002d4f4                CreateTcpSocket
                0x000000000002d56c                gk_rtp_playback_close_rtp_channel
                0x000000000002d580                gk_rtp_playback_open_rtp_channel
 .text          0x000000000002d5ac     0xa01c build/arm11-gcc-uClibc-linux-gk7605v100/obj/src/third/gb28181/ite_gb28181_sip.o
                0x000000000002d5ac                uac_init
                0x000000000002d71c                uac_register
                0x000000000002d758                uac_UNregister
                0x000000000002d78c                uac_invite
                0x000000000002d7d4                uac_bye
                0x000000000002d7f8                uac_send_info
                0x000000000002d8dc                uac_send_message
                0x000000000002d9b8                getlocalip
                0x000000000002db38                ite_eXosip_init
                0x000000000002dbf4                SetSystemTime
                0x000000000002dd28                ite_eXosip_rand_num
                0x000000000002dda0                ite_eXosip_register
                0x000000000002e55c                ite_eXosip_unregister
                0x000000000002e584                ite_eXosip_sendEventAlarm
                0x000000000002e8c8                ite_eXosip_sendEventPostion
                0x000000000002eb10                ite_eXosip_sendFileEnd
                0x000000000002f424                ite_eXosip_ProcessMsgBody
                0x0000000000034118                ite_eXosip_parseInviteBody
                0x0000000000034c74                ite_eXosip_parseInfoBody
                0x0000000000035170                ite_eXosip_printEvent
                0x0000000000035550                ite_eXosip_NotifyAlarm_Task
                0x0000000000035720                ite_eXosip_PositionAlert_Task
                0x000000000003586c                ite_eXosip_processEvent_Task
                0x00000000000369a8                ite_eXosip_invit
                0x0000000000036d08                ite_eXosip_bye
                0x0000000000036d3c                ite_eXosip_keep_alive
                0x0000000000036f64                ite_eXosip_Kalive_Task
                0x0000000000037134                ite_eXosip_get_register_status
                0x0000000000037144                ite_eXosip_register_Task
                0x0000000000037304                ite_eXosip_launch
 .text          0x00000000000375c8     0x1288 build/arm11-gcc-uClibc-linux-gk7605v100/obj/src/third/gb28181/ite_gb28181_app.o
                0x00000000000375c8                uac_get_sdp
                0x0000000000037604                uac_handle_sdp
                0x0000000000037618                uac_receive_media
                0x0000000000037620                uac_get_rtsp
                0x0000000000037664                uac_handle_message
                0x0000000000037678                uac_close_media
                0x0000000000037680                uas_function_run
                0x00000000000376a8                uas_handle_sdp
                0x00000000000376d0                uas_get_sdp
                0x000000000003770c                uas_send_media
                0x0000000000037714                uas_handle_rtsp
                0x0000000000037728                uas_get_message
                0x0000000000037768                uas_close_media
                0x0000000000037770                handle_invite
                0x000000000003793c                handle_message
                0x0000000000037a3c                handle_bye
                0x0000000000037a98                uas_eXosip_processEvent
                0x0000000000037de4                gb28181_init_signal
                0x0000000000037ed0                UAC_TryConnectServer
                0x0000000000038280                rtp_get_data_init
                0x00000000000382c8                rtp_get_data
                0x0000000000038354                rtp_get_data_close
                0x0000000000038374                gb28181_set_sip_info
                0x00000000000384a0                gb28181_start_thread
                0x0000000000038784                gb28181_start
                0x00000000000387b4                gb28181_close
                0x00000000000387cc                gb28181_get_reg_serverip_port
                0x000000000003882c                gb28181_set_reg_expire_time
 .text          0x0000000000038850     0x350c build/arm11-gcc-uClibc-linux-gk7605v100/obj/src/third/gb28181/ite_gb28181_playback.o
                0x0000000000038928                gk_gb28181_timestamp_to_u64t
                0x00000000000389e8                gk_gb28181_time_to_u64t
                0x0000000000038abc                gk_gb28181_u64t_to_time
                0x0000000000038c78                gk_gb28181_playback_get_record_time
                0x000000000003ace8                gk_gb28181_playback_set_download_cmd
                0x000000000003b17c                gk_gb28181_playback_set_playback_cmd
                0x000000000003b5e0                gk_gb28181_playback_set_play_cmd
                0x000000000003b830                gk_gb28181_playback_set_pause_cmd
                0x000000000003b9c8                gk_gb28181_playback_set_stop_cmd
                0x000000000003bb00                gk_gb28181_playback_session_open
                0x000000000003bcac                gk_gb28181_playback_init
 .text          0x000000000003bd5c      0x58c build/arm11-gcc-uClibc-linux-gk7605v100/obj/src/common/main.o
                0x000000000003c200                ignore_SIGPIPE
                0x000000000003c258                main
 .text          0x000000000003c2e8     0x1164 build/arm11-gcc-uClibc-linux-gk7605v100/obj/src/common/netcam_sys.o
                0x000000000003c2e8                netcam_sys_set_time_zone_by_utc_string
                0x000000000003c4bc                netcam_sys_set_time_zone_by_utc_second
                0x000000000003c6b4                netcam_sys_init
                0x000000000003c780                netcam_sys_get_DevInfor
                0x000000000003c7b8                netcam_sys_use_timer_init
                0x000000000003c834                netcam_sys_save
                0x000000000003c854                netcam_sys_reboot
                0x000000000003c8d0                netcam_sys_get_local_time_string
                0x000000000003c9b0                netcam_sys_operation
                0x000000000003cc84                netcam_sys_ntp_get
                0x000000000003ccf8                netcam_sys_ntp_set
                0x000000000003cd28                netcam_sys_ntp_start_stop
                0x000000000003cd58                netcam_sys_init_maintain
                0x000000000003ce88                netcam_sys_get_name
                0x000000000003cf2c                netcam_sys_shell_result
 .text          0x000000000003d44c     0x19dc build/arm11-gcc-uClibc-linux-gk7605v100/obj/src/video/netcam_video.o
                0x000000000003d6fc                netcam_video_get_channel_number
                0x000000000003d774                netcam_video_init
                0x000000000003de6c                netcam_video_convert_channel
                0x000000000003df04                netcam_video_get_map
                0x000000000003e088                netcam_video_get
                0x000000000003e10c                netcam_video_set
                0x000000000003e220                netcam_video_snapshot
                0x000000000003e2f4                netcam_video_get_all_channel_par
                0x000000000003e330                netcam_video_cfg_save
                0x000000000003e390                netcam_video_exit
                0x000000000003e47c                netcam_video_get_cfg_json_string
                0x000000000003e4a8                netcam_video_get_actual_fps
                0x000000000003e4d4                netcam_video_check_alive
                0x000000000003e51c                video_syn_cfg
                0x000000000003e714                video_syn_cfg_x
                0x000000000003e8cc                netcam_video_set_stream_name
                0x000000000003e95c                netcam_adjust_bps
                0x000000000003e980                netcam_adjust_fps
                0x000000000003e9a4                netcam_venc_set_h264_qp_config
                0x000000000003eaa4                netcam_video_force_i_frame
                0x000000000003eac4                netcam_video_get_pic_format
 .text          0x000000000003ee28     0x2074 build/arm11-gcc-uClibc-linux-gk7605v100/obj/src/video/netcam_video_web_stream.o
                0x000000000003f2a8                tcp_destroy_client_recod
                0x000000000003f460                tcp_init_client
                0x000000000003f5d0                tcp_client_usable_id
                0x000000000003fea0                fillAVTPPacket
                0x0000000000040af0                netcam_video_web_stream_init
 .text          0x0000000000040e9c      0x92c build/arm11-gcc-uClibc-linux-gk7605v100/obj/src/image/netcam_image.o
                0x0000000000041098                netcam_image_init
                0x0000000000041124                netcam_iamge_ircut_auto_check
                0x0000000000041144                netcam_image_get_map
                0x0000000000041210                netcam_image_get
                0x000000000004124c                netcam_image_set
                0x000000000004154c                netcam_image_set2
                0x0000000000041744                netcam_image_cfg_save
                0x0000000000041784                netcam_image_reset_default
 .text.stub     0x00000000000417c8       0x10 linker stubs
 .text          0x00000000000427c8      0xb74 build/arm11-gcc-uClibc-linux-gk7605v100/obj/src/timer/netcam_timer.o
                0x00000000000427c8                timer_get_ms
                0x0000000000042824                netcam_timer_add_task
                0x0000000000042b28                netcam_timer_add_task2
                0x0000000000042e88                netcam_timer_del_task
                0x0000000000042f90                netcam_timer_del_task2
                0x000000000004322c                netcam_timer_init
                0x00000000000432ac                netcam_timer_destroy
 .text          0x000000000004333c      0xa20 build/arm11-gcc-uClibc-linux-gk7605v100/obj/src/autolight/netcam_autolight.o
                0x0000000000043c50                netcam_autolight_init
                0x0000000000043c88                netcam_autolight_get
                0x0000000000043cc0                netcam_autolight_set
                0x0000000000043d1c                netcam_autolight_cfg_save
 .text          0x0000000000043d5c     0x210c build/arm11-gcc-uClibc-linux-gk7605v100/obj/src/osd/netcam_osd.o
                0x0000000000043de0                netcam_osd_init
                0x0000000000043ec0                netcam_osd_deinit
                0x0000000000044444                netcam_osd_update_clock
                0x0000000000044670                netcam_osd_update_title
                0x0000000000044880                netcam_osd_update_id
                0x0000000000045034                netcam_osd_text_copy
                0x00000000000450a8                netcam_osd_set_title
                0x0000000000045150                netcam_osd_set_id
                0x00000000000451fc                netcam_osd_pm_save
                0x00000000000452a0                netcam_osd_cfg_json_string
                0x0000000000045378                netcam_pm_get_cfg_json_string
                0x0000000000045450                netcam_osd_get_info
                0x0000000000045558                netcam_osd_set_info
                0x000000000004565c                netcam_osd_update_id_rect
                0x0000000000045904                netcam_osd_update_id_text
                0x00000000000459ec                netcam_pm_init
                0x0000000000045b34                netcam_pm_set_cover
                0x0000000000045cb4                netcam_pm_get_cover
                0x0000000000045dbc                netcam_pm_exit_cover
 .text          0x0000000000045e68     0x675c build/arm11-gcc-uClibc-linux-gk7605v100/obj/src/http/netcam_http_web.o
                0x00000000000464c4                netcam_http_service
                0x000000000004bfd8                add_p2p_info
                0x000000000004c1f4                netcam_http_web_init
 .text          0x000000000004c5c4     0x30cc build/arm11-gcc-uClibc-linux-gk7605v100/obj/src/net/netcam_network.o
                0x000000000004d0d0                netcam_net_get_icute_number
                0x000000000004e128                netcam_net_register_smartlink
                0x000000000004e144                netcam_net_private_smartlink
                0x000000000004e158                netcam_net_wifi_getConfigHostAP
                0x000000000004e174                netcam_net_wifi_setConfigHostAP
                0x000000000004e190                netcam_net_wifi_get_scan_list
                0x000000000004e1b4                netcam_net_wifi_get_scan_list_ext
                0x000000000004e1d8                netcam_net_wifi_get_scan_list_ap
                0x000000000004e1fc                netcam_net_wifi_get_connect_info
                0x000000000004e218                netcam_net_wifi_probe
                0x000000000004e22c                netcam_net_wifi_switchWorkMode
                0x000000000004e288                netcam_net_set
                0x000000000004e3d4                netcam_net_getcfg
                0x000000000004e404                netcam_net_get
                0x000000000004e4c4                netcam_net_cfg_save
                0x000000000004e5e0                netcam_net_autotracking
                0x000000000004e91c                netcam_net_get_detect
                0x000000000004e938                netcam_net_wifi_isenbale
                0x000000000004e948                netcam_net_wifi_getWorkMode
                0x000000000004e95c                netcam_net_wifi_set_connect_info
                0x000000000004e99c                netcam_net_wifi_connect_test
                0x000000000004eaf8                netcam_net_wifi_get_devname
                0x000000000004eb0c                netcam_net_wifi_wps
                0x000000000004eb90                netcam_net_reset_net_ip
                0x000000000004ee50                netcam_net_monitor
                0x000000000004ef60                netcam_net_wifi_isOn
                0x000000000004ef70                netcam_net_wifi_on
                0x000000000004efb4                netcam_net_wifi_off
                0x000000000004efe4                netcam_net_init
                0x000000000004f0b0                netcam_net_wifi_start
                0x000000000004f1dc                netcam_net_wifi_init
                0x000000000004f514                netcam_net_exit
                0x000000000004f544                netcam_net_setwifi
 .text          0x000000000004f690     0x1214 build/arm11-gcc-uClibc-linux-gk7605v100/obj/src/net/net_arp.o
                0x000000000004f868                arp_send_packet
                0x000000000004ffdc                ARP_send_request
                0x0000000000050134                ARP_query
                0x000000000005025c                ARP_get_arptable
                0x0000000000050424                RARP_send_request
                0x0000000000050534                arp_sock_new
                0x0000000000050634                arp_proc
                0x0000000000050838                ARP_listener_start
                0x0000000000050890                ARP_listener_stop
 .text          0x00000000000508a4      0xca4 build/arm11-gcc-uClibc-linux-gk7605v100/obj/src/net/net_dhcp.o
                0x0000000000050ba0                get_ip_conflict_proc
                0x0000000000050c30                NET_get_ip_conflict
                0x0000000000051488                NET_adapt_ip
 .text          0x0000000000051548      0x758 build/arm11-gcc-uClibc-linux-gk7605v100/obj/src/net/net_arping.o
                0x0000000000051548                read_interface
                0x0000000000051788                arpping
                0x0000000000051bb8                check_ip
 .text          0x0000000000051ca0     0x2298 build/arm11-gcc-uClibc-linux-gk7605v100/obj/src/ptz/netcam_ptz.o
                0x0000000000052f60                netcam_ptz_init
                0x000000000005324c                netcam_ptz_exit
                0x00000000000532b8                netcam_ptz_set_preset
                0x0000000000053524                netcam_ptz_clr_preset
                0x00000000000535f8                netcam_ptz_start
                0x000000000005361c                netcam_ptz_up
                0x0000000000053670                netcam_ptz_down
                0x00000000000536c4                netcam_ptz_left
                0x0000000000053718                netcam_ptz_right
                0x000000000005376c                netcam_ptz_left_up
                0x0000000000053874                netcam_ptz_left_down
                0x000000000005397c                netcam_ptz_right_up
                0x0000000000053a84                netcam_ptz_right_down
                0x0000000000053b8c                netcam_ptz_get_presets
                0x0000000000053d0c                netcam_ptz_horizontal_cruise
                0x0000000000053d34                netcam_ptz_vertical_cruise
                0x0000000000053d5c                netcam_ptz_hor_ver_cruise
                0x0000000000053d84                netcam_ptz_preset_cruise
                0x0000000000053ea0                netcam_ptz_stop
                0x0000000000053ed8                netcam_ptz_ciruise_stop
                0x0000000000053efc                netcam_ptz_is_moving
 .text          0x0000000000053f38     0x121c build/arm11-gcc-uClibc-linux-gk7605v100/obj/src/md/netcam_motion_detect.o
                0x0000000000054090                md_light_close_delay
                0x0000000000054478                md_light_alarm
                0x000000000005451c                netcam_md_handle
                0x0000000000054ac4                netcam_md_enable
                0x0000000000054b24                netcam_md_set_sensitivity_percentage
                0x0000000000054bb4                netcam_md_set_sensitivity
                0x0000000000054c0c                netcam_md_get_sensitivity
                0x0000000000054e3c                netcam_md_init
                0x0000000000054eb8                netcam_md_destroy
                0x0000000000054ed0                netcam_md_light_auto_start
                0x0000000000054f28                netcam_md_light_auto_stop
                0x0000000000054f74                netcam_md_play_start_one
                0x0000000000055038                netcam_md_play_stop_one
                0x0000000000055110                netcam_md_play_get_cnt
                0x0000000000055120                netcam_md_get_md_light_status
                0x0000000000055130                netcam_md_set_md_light_status
 *fill*         0x0000000000055154        0x4 1f2003d5
 .text.stub     0x0000000000055158       0x10 linker stubs
 .text          0x0000000000056158       0xb8 build/arm11-gcc-uClibc-linux-gk7605v100/obj/src/watchdog/netcam_watchdog.o
                0x0000000000056198                netcam_watchdog_feed
                0x00000000000561b8                netcam_watchdog_init
                0x00000000000561e0                netcam_watchdog_exit
                0x00000000000561f4                netcam_watchdog_set_timeout
 .text          0x0000000000056210       0xec build/arm11-gcc-uClibc-linux-gk7605v100/obj/src/work_callback/system_handle.o
                0x0000000000056210                maintain_handle
 .text          0x00000000000562fc     0x1960 build/arm11-gcc-uClibc-linux-gk7605v100/obj/src/common_venc/loadbmp.o
                0x00000000000562fc                osd_make_color_u16
                0x000000000005641c                get_bmp_info
                0x00000000000568d4                load_bmp
                0x0000000000057310                load_bmp_ex
                0x00000000000576a8                load_bmp_canvas
                0x0000000000057848                get_ext_name
                0x00000000000578d8                load_image
                0x0000000000057978                load_image_ex
                0x0000000000057a20                load_canvas_ex
                0x0000000000057ac8                load_bit_map_to_surface
                0x0000000000057b08                create_surface_by_bit_map
                0x0000000000057b98                create_surface_by_canvas
 .text          0x0000000000057c5c     0x26f8 build/arm11-gcc-uClibc-linux-gk7605v100/obj/src/common_venc/sample_comm_audio.o
                0x0000000000057de8                sample_inner_codec_cfg_audio
                0x0000000000057f24                sample_comm_audio_cfg_acodec
                0x00000000000581bc                sample_comm_audio_ai_proc
                0x000000000005862c                sample_comm_audio_aenc_proc
                0x000000000005889c                sample_comm_audio_adec_proc
                0x0000000000058a14                sample_comm_audio_ao_vol_proc
                0x0000000000058c68                sample_comm_audio_creat_trd_ai_ao
                0x0000000000058d8c                sample_comm_audio_creat_trd_ai_aenc
                0x0000000000058ea0                sample_comm_audio_creat_trd_aenc_adec
                0x0000000000058f94                sample_comm_audio_creat_trd_file_adec
                0x000000000005906c                sample_comm_audio_creat_trd_ao_vol_ctrl
                0x0000000000059114                sample_comm_audio_destory_trd_ai
                0x00000000000591e4                sample_comm_audio_destory_trd_aenc_adec
                0x00000000000592a8                sample_comm_audio_destory_trd_file_adec
                0x000000000005936c                sample_comm_audio_destory_trd_ao_vol_ctrl
                0x000000000005940c                sample_comm_audio_ao_bind_adec
                0x0000000000059460                sample_comm_audio_ao_unbind_adec
                0x00000000000594b4                sample_comm_audio_ao_bind_ai
                0x0000000000059510                sample_comm_audio_ao_unbind_ai
                0x000000000005956c                sample_comm_audio_aenc_bind_ai
                0x00000000000595c0                sample_comm_audio_aenc_unbind_ai
                0x0000000000059790                sample_comm_audio_start_ai
                0x000000000005993c                sample_comm_audio_stop_ai
                0x0000000000059ab8                sample_comm_audio_start_ao
                0x0000000000059cac                sample_comm_audio_stop_ao
                0x0000000000059dec                sample_comm_audio_start_aenc
                0x0000000000059f9c                sample_comm_audio_stop_aenc
                0x000000000005a014                sample_comm_audio_destory_all_trd
                0x000000000005a190                sample_comm_audio_start_adec
                0x000000000005a300                sample_comm_audio_stop_adec
 .text          0x000000000005a354      0xae0 build/arm11-gcc-uClibc-linux-gk7605v100/obj/src/common_venc/sample_comm_isp.o
                0x000000000005a354                sample_comm_isp_get_pub_attr_by_sns
                0x000000000005a540                sample_comm_isp_get_sns_obj
                0x000000000005a5ec                sample_comm_get_sns_bus_type
                0x000000000005a600                sample_comm_isp_sensor_regiter_callback
                0x000000000005a714                sample_comm_isp_sensor_unregiter_callback
                0x000000000005a83c                sample_comm_isp_bind_sns
                0x000000000005a93c                sample_comm_isp_ae_lib_callback
                0x000000000005a9b4                sample_comm_isp_ae_lib_uncallback
                0x000000000005aa2c                sample_comm_isp_awb_lib_callback
                0x000000000005aaa4                sample_comm_isp_awb_lib_uncallback
                0x000000000005abd0                sample_comm_isp_sensor_founction_cfg
                0x000000000005ac40                sample_comm_isp_mirror_flip_set
                0x000000000005ad14                sample_comm_isp_run
                0x000000000005ad9c                sample_comm_isp_stop
                0x000000000005adf8                sample_comm_all_isp_stop
 .text          0x000000000005ae34      0x694 build/arm11-gcc-uClibc-linux-gk7605v100/obj/src/common_venc/sample_comm_mipi_tx.o
                0x000000000005b18c                sample_comm_start_mipi_tx
                0x000000000005b3c8                sample_comm_stop_mipi_tx
 .text          0x000000000005b4c8     0x3050 build/arm11-gcc-uClibc-linux-gk7605v100/obj/src/common_venc/sample_comm_region.o
                0x000000000005b8d0                fil_bmp
                0x000000000005b99c                region_mst_load_bmp
                0x000000000005bb8c                region_mst_update_canvas
                0x000000000005bda8                sample_comm_region_get_min_handle
                0x000000000005be70                sample_region_create_overlay
                0x000000000005c0e0                sample_region_create_overlayex
                0x000000000005c1a0                sample_region_create_cover
                0x000000000005c238                sample_region_create_coverex
                0x000000000005c2d0                sample_region_create_line
                0x000000000005c368                sample_region_create_mosaic
                0x000000000005c400                sample_region_create_mosaicex
                0x000000000005c498                sample_region_create_corner_rectex
                0x000000000005c530                sample_region_destroy
                0x000000000005c590                sample_region_attach_to_chn
                0x000000000005c600                sample_region_detach_from_chn
                0x000000000005c668                sample_region_set_bit_map
                0x000000000005c6d0                sample_region_get_up_canvas_info
                0x000000000005c780                sample_comm_region_create
                0x000000000005c930                sample_comm_region_destroy
                0x000000000005ca48                sample_comm_region_attach_check
                0x000000000005cbec                sample_region_set_overlay_chn_attr
                0x000000000005cda8                sample_region_set_overlayex_chn_attr
                0x000000000005d100                sample_region_set_cover_chn_attr
                0x000000000005d480                sample_region_set_coverex_chn_attr
                0x000000000005d6b0                sample_region_set_corner_rectex_chn_attr
                0x000000000005dcbc                sample_region_set_mosaicex_chn_attr
                0x000000000005ddd8                sample_region_set_chn_attr
                0x000000000005df0c                sample_comm_region_attach_to_chn
                0x000000000005dfb8                sample_comm_check_min
                0x000000000005dfec                sample_comm_region_detach_frm_chn
                0x000000000005e18c                sample_comm_region_set_bit_map
                0x000000000005e3d8                sample_comm_region_get_up_canvas
 .text          0x000000000005e518     0x13b8 build/arm11-gcc-uClibc-linux-gk7605v100/obj/src/common_venc/sample_comm_sys.o
                0x000000000005e518                sample_sys_signal
                0x000000000005e58c                sample_sys_io_mmap
                0x000000000005e6cc                sample_sys_munmap
                0x000000000005e72c                sample_sys_set_reg
                0x000000000005e78c                sample_sys_get_reg
                0x000000000005e808                sample_comm_sys_get_pic_size
                0x000000000005e8d4                sample_comm_sys_get_pic_enum
                0x000000000005ea8c                sample_comm_sys_mem_config
                0x000000000005ead8                sample_comm_sys_init
                0x000000000005ebf8                sample_comm_sys_init_with_vb_supplement
                0x000000000005ed68                sample_comm_sys_exit
                0x000000000005ed8c                sample_comm_vi_bind_vo
                0x000000000005ee28                sample_comm_vi_un_bind_vo
                0x000000000005eec4                sample_comm_vi_bind_vpss
                0x000000000005ef60                sample_comm_vi_un_bind_vpss
                0x000000000005effc                sample_comm_vi_bind_venc
                0x000000000005f090                sample_comm_vi_un_bind_venc
                0x000000000005f124                sample_comm_avs_bind_venc
                0x000000000005f1b8                sample_comm_avs_un_bind_venc
                0x000000000005f24c                sample_comm_avs_bind_vo
                0x000000000005f2e8                sample_comm_avs_un_bind_vo
                0x000000000005f384                sample_comm_vpss_bind_vo
                0x000000000005f420                sample_comm_vpss_un_bind_vo
                0x000000000005f4bc                sample_comm_vpss_bind_avs
                0x000000000005f558                sample_comm_vpss_un_bind_avs
                0x000000000005f5f4                sample_comm_vpss_bind_venc
                0x000000000005f688                sample_comm_vpss_un_bind_venc
                0x000000000005f71c                sample_comm_vdec_bind_vpss
                0x000000000005f7a8                sample_comm_vdec_un_bind_vpss
                0x000000000005f834                sample_comm_vo_bind_vo
                0x000000000005f890                sample_comm_vo_un_bind_vo
 .text          0x000000000005f8d0     0x3784 build/arm11-gcc-uClibc-linux-gk7605v100/obj/src/common_venc/sample_comm_vdec.o
                0x000000000005fd64                sample_comm_vdec_print_chn_status
                0x000000000005fe04                sample_comm_vdec_get_lowdelay_en
                0x000000000005fe14                sample_comm_vdec_set_lowdelay_en
                0x000000000005fe38                sample_comm_vdec_init_user_vb_pool
                0x0000000000060034                sample_comm_handle_init_vb_fail
                0x0000000000060158                sample_comm_vdec_cal_vb_size
                0x0000000000060520                sample_comm_vdec_config_vb_pool
                0x00000000000609c0                sample_comm_vdec_init_vb_pool
                0x0000000000060b80                sample_comm_vdec_exit_user_vb_pool
                0x0000000000060c90                sample_comm_vdec_exit_vb_pool
                0x0000000000060ce0                sample_comm_vdec_send_h264_frame_process
                0x0000000000061060                sample_comm_vdec_send_mpeg4_frame_process
                0x00000000000612b0                sample_comm_vdec_send_h265_frame_process
                0x00000000000615d4                sample_comm_vdec_send_jpeg_frame_process
                0x000000000006183c                sample_comm_vdec_cut_frame
                0x00000000000619d0                sample_comm_vdec_send_stream_proc
                0x0000000000061b5c                sample_comm_vdec_handle_send_stream
                0x0000000000061ce0                sample_comm_vdec_send_stream_process
                0x0000000000061ed8                sample_comm_vdec_check_send_stream_param
                0x000000000006209c                sample_comm_vdec_send_stream
                0x00000000000622dc                sample_comm_vdec_cmd_not_circle_send
                0x00000000000624bc                sample_comm_vdec_start_send_stream
                0x00000000000625b4                sample_comm_vdec_stop_send_stream
                0x00000000000626c8                sample_comm_vdec_config_attr
                0x0000000000062868                sample_comm_config_ldy_attr
                0x00000000000629d0                sample_comm_vdec_start
                0x0000000000062f60                sample_comm_vdec_stop
 .text          0x0000000000063054     0x9fcc build/arm11-gcc-uClibc-linux-gk7605v100/obj/src/common_venc/sample_comm_venc.o
                0x00000000000637f4                sample_comm_venc_mem_config
                0x000000000006388c                sample_comm_venc_get_file_postfix
                0x00000000000639a8                sample_comm_venc_get_gop_attr
                0x0000000000063acc                sample_comm_venc_get_dcf_info
                0x0000000000063d0c                sample_comm_venc_save_stream
                0x0000000000064198                sample_comm_venc_save_stream_phys_addr
                0x0000000000064440                sample_comm_venc_close_reencode
                0x00000000000675c0                sample_comm_venc_create
                0x0000000000067728                sample_comm_venc_create_x
                0x0000000000067884                sample_comm_venc_start
                0x0000000000067944                sample_comm_venc_stop
                0x00000000000679ec                sample_comm_venc_snap_start
                0x0000000000067b74                sample_comm_venc_photo_start
                0x0000000000067cb0                sample_comm_venc_snap_stop
                0x0000000000068230                sample_comm_venc_snap_process
                0x0000000000068494                sample_comm_venc_save_jpeg
                0x0000000000069184                sample_comm_qpmap_send_frame_proc
                0x000000000006948c                sample_comm_venc_qpmap_send_frame
                0x00000000000697dc                sample_venc_process_jpeg_roi
                0x0000000000069e24                sample_comm_send_roimap_frame_proc
                0x000000000006a1fc                sample_comm_venc_send_roimap_frame
                0x000000000006aecc                sample_comm_venc_get_venc_stream_proc
                0x000000000006b294                sample_comm_venc_set_region
                0x000000000006b4b8                sample_comm_venc_set_svc_param
                0x000000000006b694                sample_comm_venc_rateauto_stream_proc
                0x000000000006c354                sample_comm_venc_get_venc_stream_proc_svc_t
                0x000000000006c700                sample_comm_venc_start_get_stream
                0x000000000006c7bc                sample_comm_venc_rateauto_start
                0x000000000006c8c0                sample_comm_venc_start_get_stream_svc_t
                0x000000000006c91c                sample_comm_venc_stop_get_stream
                0x000000000006c9cc                sample_comm_venc_stop_get_stream_x
                0x000000000006ca90                sample_comm_venc_stop_send_qpmap_frame
                0x000000000006cad8                sample_comm_venc_stop_send_roimap_frame
                0x000000000006cb20                sample_comm_venc_stop_rateauto
                0x000000000006cdbc                sample_comm_venc_plan_to_semi
 .text          0x000000000006d020     0x7acc build/arm11-gcc-uClibc-linux-gk7605v100/obj/src/common_venc/sample_comm_vi.o
                0x000000000006e750                sample_comm_vi_get_size_by_sns_type
                0x000000000006e82c                sample_comm_vi_get_obheight_by_sns_type
                0x000000000006e9a0                sample_comm_vi_get_default_sns_info
                0x000000000006e9e0                sample_comm_vi_get_default_mipi_info
                0x000000000006ea34                sample_comm_vi_get_mipi_info_by_dev_id
                0x000000000006eaa4                sample_comm_vi_get_default_dev_info
                0x000000000006ec54                sample_comm_vi_get_default_pipe_info
                0x000000000006f1d4                sample_comm_vi_init_pipe_info
                0x000000000006f754                sample_comm_vi_get_default_vi_cfg
                0x000000000006f800                sample_comm_vi_init_vi_cfg
                0x000000000006f8b8                sample_comm_vi_set_vi_vpss_mode
                0x0000000000071104                sample_comm_vi_start_vi
                0x000000000007134c                sample_comm_vi_stop_vi
                0x00000000000713c8                sample_comm_vi_mode_switch_stop_vi
                0x0000000000071638                sample_comm_vi_mode_switch_start_vi
                0x0000000000071be0                sample_comm_vi_switch_isp_mode
                0x0000000000071e7c                sample_comm_vi_switch_isp_resolution
                0x0000000000072134                sample_comm_vi_stop_four_vi
                0x0000000000072590                sample_comm_vi_free_frame_blk
                0x0000000000072658                sample_comm_vi_get_frame_blk
                0x00000000000727d8                sample_comm_vi_release_frame_blk
                0x0000000000072b4c                sample_comm_vi_save_fpn_file
                0x00000000000730d8                sample_comm_vi_fpn_calibrate
                0x00000000000733c4                sample_comm_vi_enable_fpn_correction
                0x00000000000735b8                sample_comm_vi_enable_fpn_correction_for_scene
                0x000000000007385c                sample_comm_vi_disable_fpn_correction
                0x0000000000073924                sample_comm_vi_start_virt_pipe
                0x00000000000739f8                sample_comm_vi_stop_virt_pipe
                0x0000000000074324                sample_common_vi_load_user_pic
                0x0000000000074408                sample_common_vi_unload_user_pic
                0x0000000000074a4c                sample_comm_vi_send_wdr_frame
 .text          0x0000000000074aec     0x2290 build/arm11-gcc-uClibc-linux-gk7605v100/obj/src/common_venc/sample_comm_vo.o
                0x0000000000074aec                sample_comm_vo_get_width_height
                0x0000000000074c30                sample_comm_vo_start_dev
                0x0000000000074e1c                sample_comm_vo_stop_dev
                0x0000000000074e7c                sample_comm_vo_start_layer
                0x0000000000074f58                sample_comm_vo_stop_layer
                0x0000000000074fb8                sample_comm_vo_get_wnd_info
                0x00000000000750f8                sample_comm_vo_get_chn_attr
                0x000000000007531c                sample_comm_vo_start_chn
                0x0000000000075500                sample_comm_vo_stop_chn
                0x00000000000757b0                sample_comm_vo_start_wbc
                0x00000000000758cc                sample_comm_vo_stop_wbc
                0x0000000000075918                sample_comm_vo_get_def_wbc_config
                0x00000000000759bc                sample_comm_vo_bt1120_start
                0x0000000000075a18                sample_comm_vo_hdmi_start
                0x0000000000075bac                sample_comm_vo_hdmi_stop
                0x0000000000075c8c                vo_get_dev_timing
                0x0000000000075cdc                vo_get_dev_user_sync_info
                0x0000000000075dcc                sample_comm_vo_get_def_config
                0x0000000000076170                sample_comm_vo_set_hdmi_rgb_mode
                0x00000000000761a4                sample_comm_vo_start_vo
                0x000000000007643c                sample_comm_vo_start_pip
                0x0000000000076654                sample_comm_vo_stop_vo
                0x00000000000767a4                sample_comm_vo_stop_pip
                0x0000000000076884                sample_comm_vo_get_def_layer_config
                0x0000000000076b48                sample_comm_vo_start_layer_chn
                0x0000000000076c98                sample_comm_vo_stop_layer_chn
 .text          0x0000000000076d7c      0x634 build/arm11-gcc-uClibc-linux-gk7605v100/obj/src/common_venc/sample_comm_vpss.o
                0x0000000000076d7c                sample_comm_vpss_get_default_grp_attr
                0x0000000000076e3c                sample_comm_vpss_get_default_chn_attr
                0x0000000000077094                sample_common_vpss_start
                0x0000000000077248                sample_common_vpss_stop
 .text          0x00000000000773b0     0x3f34 build/arm11-gcc-uClibc-linux-gk7605v100/obj/src/venc_audio/sample_audio.o
                0x0000000000077c38                sample_comm_audio_ai_ext_res_proc
                0x0000000000077ec8                sample_comm_audio_creat_trd_ai_ext_res
                0x0000000000077ffc                sample_comm_audio_destroy_trd_ai_ext_res
                0x00000000000789c8                sample_audio_set_ai_vqe_param
                0x0000000000078b00                sample_audio_adec_ao_inner
                0x0000000000078c0c                sample_audio_adec_ao
                0x0000000000078d40                sample_audio_ai_aenc_init_param
                0x0000000000078e30                sample_audio_aenc_bind_ai
                0x0000000000078f78                sample_audio_aenc_unbind_ai
                0x00000000000793a0                sample_audio_ai_aenc_inner
                0x0000000000079a8c                sample_audio_ai_to_ext_resample
                0x000000000007a058                sample_audio_ai_ao
                0x000000000007a490                sample_audio_ai_to_ao_sys_chn
                0x000000000007ab6c                sample_audio_ai_vqe_process_ao
                0x000000000007af30                sample_audio_ai_hdmi_ao
                0x000000000007b180                sample_audio_usage
 .text          0x000000000007b2e4     0x3950 build/arm11-gcc-uClibc-linux-gk7605v100/obj/src/venc_audio/sample_venc_aenc.o
                0x000000000007c454                SAMPLE_COMM_AUDIO_AencProc_new
                0x000000000007dd48                VENC_GetVencStreamProc
                0x000000000007e238                sample_venc_start_svp_x
                0x000000000007e774                load_pq_bin
                0x000000000007ea3c                rtsp_reboot
                0x000000000007eb5c                venc_audio_start
 .text          0x000000000007ec34     0x32ac build/arm11-gcc-uClibc-linux-gk7605v100/obj/src/venc_audio/adp/audio_aac_adp.o
                0x000000000007edcc                aac_deinit_enc_lib
                0x000000000007ee74                aacenc_get_version_adp
                0x000000000007eee0                aac_init_default_config_adp
                0x000000000007ef4c                aac_encoder_open_adp
                0x000000000007efc0                aac_encoder_frame_adp
                0x000000000007f044                aac_encoder_close_adp
                0x000000000007f170                aac_deinit_dec_lib
                0x000000000007f218                aacdec_get_version_adp
                0x000000000007f284                aac_init_decoder_adp
                0x000000000007f2ec                aac_free_decoder_adp
                0x000000000007f350                aac_set_raw_mode_adp
                0x000000000007f3cc                aac_decode_find_sync_header_adp
                0x000000000007f448                aac_decode_frame_adp
                0x000000000007f4cc                aac_get_last_frame_info_adp
                0x000000000007f540                aac_decoder_set_eos_flag_adp
                0x000000000007f5b4                aac_flush_codec_adp
                0x0000000000080c50                aenc_aac_check_config
                0x0000000000081064                open_aac_encoder
                0x0000000000081548                encode_aac_frm
                0x0000000000081654                close_aac_encoder
                0x00000000000816a0                open_aac_decoder
                0x0000000000081870                decode_aac_frm
                0x0000000000081a94                get_aac_frm_info
                0x0000000000081b80                close_aac_decoder
                0x0000000000081bcc                reset_aac_decoder
                0x0000000000081c68                ss_mpi_aenc_aac_init
                0x0000000000081d5c                ss_mpi_aenc_aac_deinit
                0x0000000000081d9c                ss_mpi_adec_aac_init
                0x0000000000081ea0                ss_mpi_adec_aac_deinit
 .text          0x0000000000081ee0      0x16c build/arm11-gcc-uClibc-linux-gk7605v100/obj/src/venc_audio/adp/audio_dl_adp.o
                0x0000000000081ee0                audio_dlpath
                0x0000000000081ef4                audio_dlopen
                0x0000000000081f78                audio_dlsym
                0x000000000008200c                audio_dlclose
 .text          0x000000000008204c     0x1ce0 build/arm11-gcc-uClibc-linux-gk7605v100/obj/src/svp_rtsp/common/sample_common_ive.o
                0x000000000008204c                sample_common_ive_check_mpi_init
                0x00000000000820d4                sample_common_ive_mpi_init
                0x0000000000082148                sample_common_ive_mpi_exit
                0x0000000000082370                sample_common_ive_read_file
                0x000000000008274c                sample_common_ive_write_file
                0x0000000000082a60                sample_common_ive_calc_stride
                0x0000000000082d2c                sample_common_ive_blob_to_rect
                0x00000000000837e0                sample_common_ive_create_image
                0x0000000000083818                sample_common_ive_create_mem_info
                0x0000000000083920                sample_common_ive_create_image_by_cached
                0x0000000000083958                sample_common_ive_dma_image
 .text          0x0000000000083d2c     0x38dc build/arm11-gcc-uClibc-linux-gk7605v100/obj/src/svp_rtsp/common/sample_common_svp.o
                0x000000000008502c                sample_common_svp_check_sys_init
                0x00000000000850f0                sample_common_svp_check_sys_exit
                0x00000000000851b0                sample_common_svp_align
                0x00000000000852b8                sample_common_svp_create_mem_info
                0x00000000000853f8                sample_common_svp_destroy_mem_info
                0x00000000000854bc                sample_common_svp_malloc_mem
                0x00000000000855a8                sample_common_svp_malloc_cached
                0x0000000000085694                sample_common_svp_flush_cache
                0x0000000000085a30                sample_common_svp_vgs_fill_rect_changecolor
                0x0000000000085e94                sample_common_svp_vgs_fill_rect
                0x0000000000086574                sample_common_svp_start_vo
                0x00000000000865e0                sample_common_svp_stop_vo
                0x0000000000086c60                sample_common_svp_start_vi_vpss_venc_vo
                0x0000000000087094                sample_common_svp_stop_vi_vpss_venc_vo
                0x000000000008723c                sample_comm_svp_load_core_binary
                0x000000000008753c                sample_comm_svp_unload_core_binary
 .text          0x0000000000087608       0xa0 build/arm11-gcc-uClibc-linux-gk7605v100/obj/src/svp_rtsp/ive/sample_ive_main.o
                0x000000000008763c                svp_main
 .text          0x00000000000876a8     0x1fe0 build/arm11-gcc-uClibc-linux-gk7605v100/obj/src/svp_rtsp/ive/sample/sample_ive_md.o
                0x0000000000087d00                string_to_bmp
                0x0000000000087f98                bitmap_update
                0x00000000000880cc                osd_ttf_task
                0x0000000000088458                RGN_AddOsdToVenc
                0x0000000000088768                udp_recv_thread
                0x0000000000088b40                start_udp_server
                0x00000000000894e4                sample_ive_md
                0x0000000000089670                sample_ive_md_handle_sig
 .text.stub     0x0000000000089688       0x10 linker stubs
 .text          0x000000000008a688     0x1934 build/arm11-gcc-uClibc-linux-gk7605v100/obj/src/ntpclient/ntp_client.o
                0x000000000008bd44                start_ntp_client
                0x000000000008be54                ntpc_enable
                0x000000000008be8c                ntpc_disable
                0x000000000008bebc                ntpc_set_addr
                0x000000000008bf80                ntpc_set_synctime
 .text          0x000000000008bfbc     0x5040 build/arm11-gcc-uClibc-linux-gk7605v100/obj/src/bplustree/bplustree.o
                0x000000000008c130                _get_block_size
                0x000000000008fef8                bplus_tree_get
                0x000000000008ff1c                bplus_tree_put
                0x000000000008ff84                bplus_tree_get_range
                0x00000000000901c8                bplus_open
                0x00000000000901ec                bplus_close
                0x0000000000090438                bplus_refresh_boot
                0x000000000009057c                bplus_tree_init
                0x0000000000090a18                bplus_tree_deinit
                0x0000000000090e24                bplus_tree_dump
 *fill*         0x0000000000090ffc        0x4 1f2003d5
 .text          0x0000000000091000       0x10 /opt/linux/x86-arm/aarch64-mix210-linux/host_bin/../target/usr/lib/libc_nonshared.a(fstat.oS)
                0x0000000000091000                __fstat
                0x0000000000091000                fstat
 .text          0x0000000000091010        0x0 /opt/linux/x86-arm/aarch64-mix210-linux/host_bin/../lib/gcc/aarch64-linux-gnu/7.3.0/crtendS.o
 .text          0x0000000000091010        0x0 /opt/linux/x86-arm/aarch64-mix210-linux/host_bin/../target/usr/lib/crtn.o
 *(.gnu.warning)

.fini           0x0000000000091010       0x10
 *(SORT_NONE(.fini))
 .fini          0x0000000000091010        0x8 /opt/linux/x86-arm/aarch64-mix210-linux/host_bin/../target/usr/lib/crti.o
                0x0000000000091010                _fini
 .fini          0x0000000000091018        0x8 /opt/linux/x86-arm/aarch64-mix210-linux/host_bin/../target/usr/lib/crtn.o
                [!provide]                        PROVIDE (__etext = .)
                [!provide]                        PROVIDE (_etext = .)
                [!provide]                        PROVIDE (etext = .)

.rodata         0x0000000000091020    0x17c49
 *(.rodata .rodata.* .gnu.linkonce.r.*)
 .rodata        0x0000000000091020      0x3ec build/arm11-gcc-uClibc-linux-gk7605v100/obj/src/rtsp/gk_rtsp.o
 *fill*         0x000000000009140c        0x4 
 .rodata        0x0000000000091410      0x375 build/arm11-gcc-uClibc-linux-gk7605v100/obj/src/factory_test/factory_test.o
 *fill*         0x0000000000091785        0x3 
 .rodata        0x0000000000091788      0x55d build/arm11-gcc-uClibc-linux-gk7605v100/obj/src/gkvision/gkvision.o
 *fill*         0x0000000000091ce5        0x3 
 .rodata        0x0000000000091ce8      0xb1d build/arm11-gcc-uClibc-linux-gk7605v100/obj/src/third/gb28181/ite_gb28181_rtp.o
 *fill*         0x0000000000092805        0x3 
 .rodata        0x0000000000092808     0x443a build/arm11-gcc-uClibc-linux-gk7605v100/obj/src/third/gb28181/ite_gb28181_sip.o
 *fill*         0x0000000000096c42        0x6 
 .rodata        0x0000000000096c48      0x65a build/arm11-gcc-uClibc-linux-gk7605v100/obj/src/third/gb28181/ite_gb28181_app.o
 *fill*         0x00000000000972a2        0x6 
 .rodata        0x00000000000972a8      0x621 build/arm11-gcc-uClibc-linux-gk7605v100/obj/src/third/gb28181/ite_gb28181_playback.o
 *fill*         0x00000000000978c9        0x7 
 .rodata        0x00000000000978d0      0x296 build/arm11-gcc-uClibc-linux-gk7605v100/obj/src/common/main.o
 *fill*         0x0000000000097b66        0x2 
 .rodata        0x0000000000097b68      0x7d5 build/arm11-gcc-uClibc-linux-gk7605v100/obj/src/common/netcam_sys.o
 *fill*         0x000000000009833d        0x3 
 .rodata        0x0000000000098340      0x4e3 build/arm11-gcc-uClibc-linux-gk7605v100/obj/src/video/netcam_video.o
 *fill*         0x0000000000098823        0x5 
 .rodata        0x0000000000098828      0x85f build/arm11-gcc-uClibc-linux-gk7605v100/obj/src/video/netcam_video_web_stream.o
 *fill*         0x0000000000099087        0x1 
 .rodata        0x0000000000099088       0xb6 build/arm11-gcc-uClibc-linux-gk7605v100/obj/src/image/netcam_image.o
 *fill*         0x000000000009913e        0x2 
 .rodata        0x0000000000099140      0x10d build/arm11-gcc-uClibc-linux-gk7605v100/obj/src/timer/netcam_timer.o
 *fill*         0x000000000009924d        0x3 
 .rodata        0x0000000000099250      0x289 build/arm11-gcc-uClibc-linux-gk7605v100/obj/src/autolight/netcam_autolight.o
 *fill*         0x00000000000994d9        0x7 
 .rodata        0x00000000000994e0      0x37d build/arm11-gcc-uClibc-linux-gk7605v100/obj/src/osd/netcam_osd.o
 *fill*         0x000000000009985d        0x3 
 .rodata        0x0000000000099860     0x16c0 build/arm11-gcc-uClibc-linux-gk7605v100/obj/src/http/netcam_http_web.o
 .rodata        0x000000000009af20      0xf57 build/arm11-gcc-uClibc-linux-gk7605v100/obj/src/net/netcam_network.o
 *fill*         0x000000000009be77        0x1 
 .rodata        0x000000000009be78      0x1e8 build/arm11-gcc-uClibc-linux-gk7605v100/obj/src/net/net_arp.o
 .rodata        0x000000000009c060      0x170 build/arm11-gcc-uClibc-linux-gk7605v100/obj/src/net/net_dhcp.o
 .rodata        0x000000000009c1d0      0x1fa build/arm11-gcc-uClibc-linux-gk7605v100/obj/src/net/net_arping.o
 *fill*         0x000000000009c3ca        0x6 
 .rodata        0x000000000009c3d0      0x4a2 build/arm11-gcc-uClibc-linux-gk7605v100/obj/src/ptz/netcam_ptz.o
 *fill*         0x000000000009c872        0x6 
 .rodata        0x000000000009c878      0x54c build/arm11-gcc-uClibc-linux-gk7605v100/obj/src/md/netcam_motion_detect.o
 *fill*         0x000000000009cdc4        0x4 
 .rodata        0x000000000009cdc8       0xd8 build/arm11-gcc-uClibc-linux-gk7605v100/obj/src/work_callback/system_handle.o
 .rodata        0x000000000009cea0      0x2c8 build/arm11-gcc-uClibc-linux-gk7605v100/obj/src/common_venc/loadbmp.o
 .rodata        0x000000000009d168      0xdec build/arm11-gcc-uClibc-linux-gk7605v100/obj/src/common_venc/sample_comm_audio.o
 *fill*         0x000000000009df54        0x4 
 .rodata        0x000000000009df58      0x267 build/arm11-gcc-uClibc-linux-gk7605v100/obj/src/common_venc/sample_comm_isp.o
 *fill*         0x000000000009e1bf        0x1 
 .rodata        0x000000000009e1c0      0x5a1 build/arm11-gcc-uClibc-linux-gk7605v100/obj/src/common_venc/sample_comm_mipi_tx.o
 *fill*         0x000000000009e761        0x7 
 .rodata        0x000000000009e768      0x921 build/arm11-gcc-uClibc-linux-gk7605v100/obj/src/common_venc/sample_comm_region.o
 *fill*         0x000000000009f089        0x7 
 .rodata        0x000000000009f090      0x686 build/arm11-gcc-uClibc-linux-gk7605v100/obj/src/common_venc/sample_comm_sys.o
 *fill*         0x000000000009f716        0x2 
 .rodata        0x000000000009f718      0x99e build/arm11-gcc-uClibc-linux-gk7605v100/obj/src/common_venc/sample_comm_vdec.o
 *fill*         0x00000000000a00b6        0x2 
 .rodata        0x00000000000a00b8     0x1657 build/arm11-gcc-uClibc-linux-gk7605v100/obj/src/common_venc/sample_comm_venc.o
                0x00000000000a00b8                g_soi
                0x00000000000a00c0                g_eoi
 *fill*         0x00000000000a170f        0x1 
 .rodata        0x00000000000a1710     0x1417 build/arm11-gcc-uClibc-linux-gk7605v100/obj/src/common_venc/sample_comm_vi.o
 *fill*         0x00000000000a2b27        0x1 
 .rodata        0x00000000000a2b28      0x8d6 build/arm11-gcc-uClibc-linux-gk7605v100/obj/src/common_venc/sample_comm_vo.o
 *fill*         0x00000000000a33fe        0x2 
 .rodata        0x00000000000a3400      0x210 build/arm11-gcc-uClibc-linux-gk7605v100/obj/src/common_venc/sample_comm_vpss.o
 .rodata        0x00000000000a3610      0xcc0 build/arm11-gcc-uClibc-linux-gk7605v100/obj/src/venc_audio/sample_audio.o
 .rodata        0x00000000000a42d0      0x7e8 build/arm11-gcc-uClibc-linux-gk7605v100/obj/src/venc_audio/sample_venc_aenc.o
 .rodata        0x00000000000a4ab8      0xb05 build/arm11-gcc-uClibc-linux-gk7605v100/obj/src/venc_audio/adp/audio_aac_adp.o
 *fill*         0x00000000000a55bd        0x3 
 .rodata        0x00000000000a55c0       0x51 build/arm11-gcc-uClibc-linux-gk7605v100/obj/src/venc_audio/adp/audio_dl_adp.o
 *fill*         0x00000000000a5611        0x7 
 .rodata        0x00000000000a5618      0xbcc build/arm11-gcc-uClibc-linux-gk7605v100/obj/src/svp_rtsp/common/sample_common_ive.o
 *fill*         0x00000000000a61e4        0x4 
 .rodata        0x00000000000a61e8     0x175b build/arm11-gcc-uClibc-linux-gk7605v100/obj/src/svp_rtsp/common/sample_common_svp.o
 *fill*         0x00000000000a7943        0x5 
 .rodata        0x00000000000a7948      0x853 build/arm11-gcc-uClibc-linux-gk7605v100/obj/src/svp_rtsp/ive/sample/sample_ive_md.o
                0x00000000000a7d20                PORT
 *fill*         0x00000000000a819b        0x5 
 .rodata        0x00000000000a81a0      0x609 build/arm11-gcc-uClibc-linux-gk7605v100/obj/src/ntpclient/ntp_client.o
 *fill*         0x00000000000a87a9        0x7 
 .rodata        0x00000000000a87b0      0x4b9 build/arm11-gcc-uClibc-linux-gk7605v100/obj/src/bplustree/bplustree.o

.rodata1
 *(.rodata1)

.eh_frame_hdr   0x00000000000a8c6c     0x265c
 *(.eh_frame_hdr)
 .eh_frame_hdr  0x00000000000a8c6c     0x265c /opt/linux/x86-arm/aarch64-mix210-linux/host_bin/../lib/gcc/aarch64-linux-gnu/7.3.0/crtbeginS.o
                0x00000000000a8c6c                __GNU_EH_FRAME_HDR
 *(.eh_frame_entry .eh_frame_entry.*)

.eh_frame       0x00000000000ab2c8     0xa788
 *(.eh_frame)
 .eh_frame      0x00000000000ab2c8       0x78 /opt/linux/x86-arm/aarch64-mix210-linux/host_bin/../lib/gcc/aarch64-linux-gnu/7.3.0/crtbeginS.o
 .eh_frame      0x00000000000ab340      0x210 build/arm11-gcc-uClibc-linux-gk7605v100/obj/src/rtsp/gk_rtsp.o
                                        0x228 (size before relaxing)
 .eh_frame      0x00000000000ab550      0x220 build/arm11-gcc-uClibc-linux-gk7605v100/obj/src/factory_test/factory_test.o
                                        0x230 (size before relaxing)
 .eh_frame      0x00000000000ab770      0x250 build/arm11-gcc-uClibc-linux-gk7605v100/obj/src/gkvision/gkvision.o
                                        0x260 (size before relaxing)
 .eh_frame      0x00000000000ab9c0      0x7d0 build/arm11-gcc-uClibc-linux-gk7605v100/obj/src/third/gb28181/ite_gb28181_rtp.o
                                        0x7e0 (size before relaxing)
 .eh_frame      0x00000000000ac190      0x508 build/arm11-gcc-uClibc-linux-gk7605v100/obj/src/third/gb28181/ite_gb28181_sip.o
                                        0x518 (size before relaxing)
 .eh_frame      0x00000000000ac698      0x3b0 build/arm11-gcc-uClibc-linux-gk7605v100/obj/src/third/gb28181/ite_gb28181_app.o
                                        0x3c0 (size before relaxing)
 .eh_frame      0x00000000000aca48      0x308 build/arm11-gcc-uClibc-linux-gk7605v100/obj/src/third/gb28181/ite_gb28181_playback.o
                                        0x320 (size before relaxing)
 .eh_frame      0x00000000000acd50      0x148 build/arm11-gcc-uClibc-linux-gk7605v100/obj/src/common/main.o
                                        0x160 (size before relaxing)
 .eh_frame      0x00000000000ace98      0x2c8 build/arm11-gcc-uClibc-linux-gk7605v100/obj/src/common/netcam_sys.o
                                        0x2e0 (size before relaxing)
 .eh_frame      0x00000000000ad160      0x358 build/arm11-gcc-uClibc-linux-gk7605v100/obj/src/video/netcam_video.o
                                        0x370 (size before relaxing)
 .eh_frame      0x00000000000ad4b8      0x270 build/arm11-gcc-uClibc-linux-gk7605v100/obj/src/video/netcam_video_web_stream.o
                                        0x288 (size before relaxing)
 .eh_frame      0x00000000000ad728      0x1a0 build/arm11-gcc-uClibc-linux-gk7605v100/obj/src/image/netcam_image.o
                                        0x1b0 (size before relaxing)
 .eh_frame      0x00000000000ad8c8      0x118 build/arm11-gcc-uClibc-linux-gk7605v100/obj/src/timer/netcam_timer.o
                                        0x130 (size before relaxing)
 .eh_frame      0x00000000000ad9e0      0x148 build/arm11-gcc-uClibc-linux-gk7605v100/obj/src/autolight/netcam_autolight.o
                                        0x158 (size before relaxing)
 .eh_frame      0x00000000000adb28      0x340 build/arm11-gcc-uClibc-linux-gk7605v100/obj/src/osd/netcam_osd.o
                                        0x358 (size before relaxing)
 .eh_frame      0x00000000000ade68      0x6a0 build/arm11-gcc-uClibc-linux-gk7605v100/obj/src/http/netcam_http_web.o
                                        0x6b8 (size before relaxing)
 .eh_frame      0x00000000000ae508      0x768 build/arm11-gcc-uClibc-linux-gk7605v100/obj/src/net/netcam_network.o
                                        0x778 (size before relaxing)
 .eh_frame      0x00000000000aec70      0x190 build/arm11-gcc-uClibc-linux-gk7605v100/obj/src/net/net_arp.o
                                        0x1a8 (size before relaxing)
 .eh_frame      0x00000000000aee00      0x118 build/arm11-gcc-uClibc-linux-gk7605v100/obj/src/net/net_dhcp.o
                                        0x130 (size before relaxing)
 .eh_frame      0x00000000000aef18       0x70 build/arm11-gcc-uClibc-linux-gk7605v100/obj/src/net/net_arping.o
                                         0x88 (size before relaxing)
 .eh_frame      0x00000000000aef88      0x3d0 build/arm11-gcc-uClibc-linux-gk7605v100/obj/src/ptz/netcam_ptz.o
                                        0x3e8 (size before relaxing)
 .eh_frame      0x00000000000af358      0x348 build/arm11-gcc-uClibc-linux-gk7605v100/obj/src/md/netcam_motion_detect.o
                                        0x360 (size before relaxing)
 .eh_frame      0x00000000000af6a0       0xd8 build/arm11-gcc-uClibc-linux-gk7605v100/obj/src/watchdog/netcam_watchdog.o
                                         0xf0 (size before relaxing)
 .eh_frame      0x00000000000af778       0x20 build/arm11-gcc-uClibc-linux-gk7605v100/obj/src/work_callback/system_handle.o
                                         0x30 (size before relaxing)
 .eh_frame      0x00000000000af798      0x310 build/arm11-gcc-uClibc-linux-gk7605v100/obj/src/common_venc/loadbmp.o
                                        0x320 (size before relaxing)
 .eh_frame      0x00000000000afaa8      0x4c8 build/arm11-gcc-uClibc-linux-gk7605v100/obj/src/common_venc/sample_comm_audio.o
                                        0x4e0 (size before relaxing)
 .eh_frame      0x00000000000aff70      0x228 build/arm11-gcc-uClibc-linux-gk7605v100/obj/src/common_venc/sample_comm_isp.o
                                        0x240 (size before relaxing)
 .eh_frame      0x00000000000b0198      0x120 build/arm11-gcc-uClibc-linux-gk7605v100/obj/src/common_venc/sample_comm_mipi_tx.o
                                        0x138 (size before relaxing)
 .eh_frame      0x00000000000b02b8      0x678 build/arm11-gcc-uClibc-linux-gk7605v100/obj/src/common_venc/sample_comm_region.o
                                        0x690 (size before relaxing)
 .eh_frame      0x00000000000b0930      0x478 build/arm11-gcc-uClibc-linux-gk7605v100/obj/src/common_venc/sample_comm_sys.o
                                        0x488 (size before relaxing)
 .eh_frame      0x00000000000b0da8      0x418 build/arm11-gcc-uClibc-linux-gk7605v100/obj/src/common_venc/sample_comm_vdec.o
                                        0x430 (size before relaxing)
 .eh_frame      0x00000000000b11c0      0xce8 build/arm11-gcc-uClibc-linux-gk7605v100/obj/src/common_venc/sample_comm_venc.o
                                        0xcf8 (size before relaxing)
 .eh_frame      0x00000000000b1ea8      0xdd0 build/arm11-gcc-uClibc-linux-gk7605v100/obj/src/common_venc/sample_comm_vi.o
                                        0xde0 (size before relaxing)
 .eh_frame      0x00000000000b2c78      0x4a8 build/arm11-gcc-uClibc-linux-gk7605v100/obj/src/common_venc/sample_comm_vo.o
                                        0x4b8 (size before relaxing)
 .eh_frame      0x00000000000b3120       0xa0 build/arm11-gcc-uClibc-linux-gk7605v100/obj/src/common_venc/sample_comm_vpss.o
                                         0xb0 (size before relaxing)
 .eh_frame      0x00000000000b31c0      0x6a8 build/arm11-gcc-uClibc-linux-gk7605v100/obj/src/venc_audio/sample_audio.o
                                        0x6b8 (size before relaxing)
 .eh_frame      0x00000000000b3868      0x5b0 build/arm11-gcc-uClibc-linux-gk7605v100/obj/src/venc_audio/sample_venc_aenc.o
                                        0x5c0 (size before relaxing)
 .eh_frame      0x00000000000b3e18      0x6b8 build/arm11-gcc-uClibc-linux-gk7605v100/obj/src/venc_audio/adp/audio_aac_adp.o
                                        0x6d0 (size before relaxing)
 .eh_frame      0x00000000000b44d0       0x88 build/arm11-gcc-uClibc-linux-gk7605v100/obj/src/venc_audio/adp/audio_dl_adp.o
                                         0x98 (size before relaxing)
 .eh_frame      0x00000000000b4558      0x220 build/arm11-gcc-uClibc-linux-gk7605v100/obj/src/svp_rtsp/common/sample_common_ive.o
                                        0x230 (size before relaxing)
 .eh_frame      0x00000000000b4778      0x558 build/arm11-gcc-uClibc-linux-gk7605v100/obj/src/svp_rtsp/common/sample_common_svp.o
                                        0x568 (size before relaxing)
 .eh_frame      0x00000000000b4cd0       0x48 build/arm11-gcc-uClibc-linux-gk7605v100/obj/src/svp_rtsp/ive/sample_ive_main.o
                                         0x60 (size before relaxing)
 .eh_frame      0x00000000000b4d18      0x1e0 build/arm11-gcc-uClibc-linux-gk7605v100/obj/src/svp_rtsp/ive/sample/sample_ive_md.o
                                        0x1f0 (size before relaxing)
 .eh_frame      0x00000000000b4ef8      0x220 build/arm11-gcc-uClibc-linux-gk7605v100/obj/src/ntpclient/ntp_client.o
                                        0x238 (size before relaxing)
 .eh_frame      0x00000000000b5118      0x920 build/arm11-gcc-uClibc-linux-gk7605v100/obj/src/bplustree/bplustree.o
                                        0x930 (size before relaxing)
 .eh_frame      0x00000000000b5a38       0x14 /opt/linux/x86-arm/aarch64-mix210-linux/host_bin/../target/usr/lib/libc_nonshared.a(fstat.oS)
                                         0x28 (size before relaxing)
 .eh_frame      0x00000000000b5a4c        0x4 /opt/linux/x86-arm/aarch64-mix210-linux/host_bin/../lib/gcc/aarch64-linux-gnu/7.3.0/crtendS.o
 *(.eh_frame.*)

.gcc_except_table
 *(.gcc_except_table .gcc_except_table.*)

.gnu_extab
 *(.gnu_extab*)

.exception_ranges
 *(.exception_ranges*)
                0x00000000000c6560                . = DATA_SEGMENT_ALIGN (CONSTANT (MAXPAGESIZE), CONSTANT (COMMONPAGESIZE))

.eh_frame
 *(.eh_frame)
 *(.eh_frame.*)

.gnu_extab
 *(.gnu_extab)

.gcc_except_table
 *(.gcc_except_table .gcc_except_table.*)

.exception_ranges
 *(.exception_ranges*)

.tdata
 *(.tdata .tdata.* .gnu.linkonce.td.*)

.tbss
 *(.tbss .tbss.* .gnu.linkonce.tb.*)
 *(.tcommon)

.preinit_array
 *(.preinit_array)

.init_array     0x00000000000c6560        0x8
 *(SORT_BY_INIT_PRIORITY(.init_array.*) SORT_BY_INIT_PRIORITY(.ctors.*))
 *(.init_array EXCLUDE_FILE(*crtend?.o *crtend.o *crtbegin?.o *crtbegin.o) .ctors)
 .init_array    0x00000000000c6560        0x8 /opt/linux/x86-arm/aarch64-mix210-linux/host_bin/../lib/gcc/aarch64-linux-gnu/7.3.0/crtbeginS.o

.fini_array     0x00000000000c6568        0x8
 *(SORT_BY_INIT_PRIORITY(.fini_array.*) SORT_BY_INIT_PRIORITY(.dtors.*))
 *(.fini_array EXCLUDE_FILE(*crtend?.o *crtend.o *crtbegin?.o *crtbegin.o) .dtors)
 .fini_array    0x00000000000c6568        0x8 /opt/linux/x86-arm/aarch64-mix210-linux/host_bin/../lib/gcc/aarch64-linux-gnu/7.3.0/crtbeginS.o

.ctors
 *crtbegin.o(.ctors)
 *crtbegin?.o(.ctors)
 *(EXCLUDE_FILE(*crtend?.o *crtend.o) .ctors)
 *(SORT_BY_NAME(.ctors.*))
 *(.ctors)

.dtors
 *crtbegin.o(.dtors)
 *crtbegin?.o(.dtors)
 *(EXCLUDE_FILE(*crtend?.o *crtend.o) .dtors)
 *(SORT_BY_NAME(.dtors.*))
 *(.dtors)

.jcr
 *(.jcr)

.data.rel.ro    0x00000000000c6570      0x300
 *(.data.rel.ro.local* .gnu.linkonce.d.rel.ro.local.*)
 .data.rel.ro.local
                0x00000000000c6570      0x300 build/arm11-gcc-uClibc-linux-gk7605v100/obj/src/common_venc/sample_comm_mipi_tx.o
 *(.data.rel.ro .data.rel.ro.* .gnu.linkonce.d.rel.ro.*)
 .data.rel.ro   0x00000000000c6870        0x0 /opt/linux/x86-arm/aarch64-mix210-linux/host_bin/../target/usr/lib/crti.o

.dynamic        0x00000000000c6870      0x250
 *(.dynamic)
 .dynamic       0x00000000000c6870      0x250 /opt/linux/x86-arm/aarch64-mix210-linux/host_bin/../target/usr/lib/crti.o
                0x00000000000c6870                _DYNAMIC

.got            0x00000000000c6ac0      0x528
 *(.got)
 .got           0x00000000000c6ac0      0x528 /opt/linux/x86-arm/aarch64-mix210-linux/host_bin/../target/usr/lib/crti.o
                0x00000000000c6ac0                _GLOBAL_OFFSET_TABLE_
 *(.igot)
                0x00000000000c6fe8                . = DATA_SEGMENT_RELRO_END (., 0x18)

.got.plt        0x00000000000c6fe8     0x2240
 *(.got.plt)
 .got.plt       0x00000000000c6fe8     0x2240 /opt/linux/x86-arm/aarch64-mix210-linux/host_bin/../target/usr/lib/crti.o
 *(.igot.plt)

.data           0x00000000000c9228     0x4568
                [!provide]                        PROVIDE (__data_start = .)
 *(.data .data.* .gnu.linkonce.d.*)
 .data          0x00000000000c9228        0x0 /opt/linux/x86-arm/aarch64-mix210-linux/host_bin/../target/usr/lib/crti.o
 .data          0x00000000000c9228        0x0 /opt/linux/x86-arm/aarch64-mix210-linux/host_bin/../lib/gcc/aarch64-linux-gnu/7.3.0/crtbeginS.o
 .data.rel.local
                0x00000000000c9228        0x8 /opt/linux/x86-arm/aarch64-mix210-linux/host_bin/../lib/gcc/aarch64-linux-gnu/7.3.0/crtbeginS.o
                0x00000000000c9228                __dso_handle
 .data          0x00000000000c9230        0x0 build/arm11-gcc-uClibc-linux-gk7605v100/obj/src/rtsp/gk_rtsp.o
 .data          0x00000000000c9230        0x0 build/arm11-gcc-uClibc-linux-gk7605v100/obj/src/factory_test/factory_test.o
 .data          0x00000000000c9230       0x24 build/arm11-gcc-uClibc-linux-gk7605v100/obj/src/gkvision/gkvision.o
 *fill*         0x00000000000c9254        0x4 
 .data          0x00000000000c9258      0x46c build/arm11-gcc-uClibc-linux-gk7605v100/obj/src/third/gb28181/ite_gb28181_rtp.o
                0x00000000000c9258                tsTestFd
                0x00000000000c9260                hostAddr
                0x00000000000c9270                tsTestIp
                0x00000000000c92b0                tsTestPort
                0x00000000000c92b8                s_crc32_table
 *fill*         0x00000000000c96c4        0x4 
 .data          0x00000000000c96c8      0x14d build/arm11-gcc-uClibc-linux-gk7605v100/obj/src/third/gb28181/ite_gb28181_sip.o
                0x00000000000c96c8                positionInterval
 *fill*         0x00000000000c9815        0x3 
 .data          0x00000000000c9818       0x78 build/arm11-gcc-uClibc-linux-gk7605v100/obj/src/third/gb28181/ite_gb28181_app.o
                0x00000000000c9818                g_bterminate
                0x00000000000c9820                serverIp
                0x00000000000c9858                gDeviceId
                0x00000000000c988c                serverPort
 .data          0x00000000000c9890        0x0 build/arm11-gcc-uClibc-linux-gk7605v100/obj/src/third/gb28181/ite_gb28181_playback.o
 .data          0x00000000000c9890        0x0 build/arm11-gcc-uClibc-linux-gk7605v100/obj/src/common/main.o
 .data          0x00000000000c9890        0x0 build/arm11-gcc-uClibc-linux-gk7605v100/obj/src/common/netcam_sys.o
 .data          0x00000000000c9890        0x0 build/arm11-gcc-uClibc-linux-gk7605v100/obj/src/video/netcam_video.o
 .data          0x00000000000c9890        0x4 build/arm11-gcc-uClibc-linux-gk7605v100/obj/src/video/netcam_video_web_stream.o
 .data          0x00000000000c9894        0x0 build/arm11-gcc-uClibc-linux-gk7605v100/obj/src/image/netcam_image.o
 .data          0x00000000000c9894        0x0 build/arm11-gcc-uClibc-linux-gk7605v100/obj/src/timer/netcam_timer.o
 .data          0x00000000000c9894        0x3 build/arm11-gcc-uClibc-linux-gk7605v100/obj/src/autolight/netcam_autolight.o
 *fill*         0x00000000000c9897        0x1 
 .data          0x00000000000c9898        0x4 build/arm11-gcc-uClibc-linux-gk7605v100/obj/src/osd/netcam_osd.o
 *fill*         0x00000000000c989c        0x4 
 .data.rel.local
                0x00000000000c98a0       0x70 build/arm11-gcc-uClibc-linux-gk7605v100/obj/src/osd/netcam_osd.o
 .data          0x00000000000c9910        0x0 build/arm11-gcc-uClibc-linux-gk7605v100/obj/src/http/netcam_http_web.o
 .data.rel      0x00000000000c9910       0xb0 build/arm11-gcc-uClibc-linux-gk7605v100/obj/src/http/netcam_http_web.o
 .data          0x00000000000c99c0       0x6c build/arm11-gcc-uClibc-linux-gk7605v100/obj/src/net/netcam_network.o
 *fill*         0x00000000000c9a2c        0x4 
 .data          0x00000000000c9a30       0x10 build/arm11-gcc-uClibc-linux-gk7605v100/obj/src/net/net_arp.o
 .data          0x00000000000c9a40        0x0 build/arm11-gcc-uClibc-linux-gk7605v100/obj/src/net/net_dhcp.o
 .data          0x00000000000c9a40        0x0 build/arm11-gcc-uClibc-linux-gk7605v100/obj/src/net/net_arping.o
 .data          0x00000000000c9a40        0x0 build/arm11-gcc-uClibc-linux-gk7605v100/obj/src/ptz/netcam_ptz.o
 .data.rel      0x00000000000c9a40        0x8 build/arm11-gcc-uClibc-linux-gk7605v100/obj/src/ptz/netcam_ptz.o
 .data          0x00000000000c9a48       0x40 build/arm11-gcc-uClibc-linux-gk7605v100/obj/src/md/netcam_motion_detect.o
 .data          0x00000000000c9a88        0x0 build/arm11-gcc-uClibc-linux-gk7605v100/obj/src/watchdog/netcam_watchdog.o
 .data          0x00000000000c9a88        0x0 build/arm11-gcc-uClibc-linux-gk7605v100/obj/src/work_callback/system_handle.o
 .data          0x00000000000c9a88       0x28 build/arm11-gcc-uClibc-linux-gk7605v100/obj/src/common_venc/loadbmp.o
                0x00000000000c9a88                g_osd_comp_info
 .data          0x00000000000c9ab0        0x4 build/arm11-gcc-uClibc-linux-gk7605v100/obj/src/common_venc/sample_comm_audio.o
 *fill*         0x00000000000c9ab4        0x4 
 .data          0x00000000000c9ab8      0x30c build/arm11-gcc-uClibc-linux-gk7605v100/obj/src/common_venc/sample_comm_isp.o
 .data          0x00000000000c9dc4        0x4 build/arm11-gcc-uClibc-linux-gk7605v100/obj/src/common_venc/sample_comm_mipi_tx.o
 .data          0x00000000000c9dc8        0x0 build/arm11-gcc-uClibc-linux-gk7605v100/obj/src/common_venc/sample_comm_region.o
 .data          0x00000000000c9dc8      0x140 build/arm11-gcc-uClibc-linux-gk7605v100/obj/src/common_venc/sample_comm_sys.o
 .data          0x00000000000c9f08     0x1808 build/arm11-gcc-uClibc-linux-gk7605v100/obj/src/common_venc/sample_comm_vdec.o
 .data          0x00000000000cb710        0x0 build/arm11-gcc-uClibc-linux-gk7605v100/obj/src/common_venc/sample_comm_venc.o
 .data          0x00000000000cb710     0x19c8 build/arm11-gcc-uClibc-linux-gk7605v100/obj/src/common_venc/sample_comm_vi.o
 .data          0x00000000000cd0d8      0x3ec build/arm11-gcc-uClibc-linux-gk7605v100/obj/src/common_venc/sample_comm_vo.o
 .data          0x00000000000cd4c4        0x0 build/arm11-gcc-uClibc-linux-gk7605v100/obj/src/common_venc/sample_comm_vpss.o
 .data          0x00000000000cd4c4       0x10 build/arm11-gcc-uClibc-linux-gk7605v100/obj/src/venc_audio/sample_audio.o
 *fill*         0x00000000000cd4d4        0x4 
 .data          0x00000000000cd4d8       0x7c build/arm11-gcc-uClibc-linux-gk7605v100/obj/src/venc_audio/sample_venc_aenc.o
 .data          0x00000000000cd554        0x8 build/arm11-gcc-uClibc-linux-gk7605v100/obj/src/venc_audio/adp/audio_aac_adp.o
                0x00000000000cd554                g_cnt_aenc
                0x00000000000cd558                g_cnt_adec
 .data          0x00000000000cd55c        0x0 build/arm11-gcc-uClibc-linux-gk7605v100/obj/src/venc_audio/adp/audio_dl_adp.o
 .data          0x00000000000cd55c        0x0 build/arm11-gcc-uClibc-linux-gk7605v100/obj/src/svp_rtsp/common/sample_common_ive.o
 *fill*         0x00000000000cd55c        0x4 
 .data          0x00000000000cd560       0x40 build/arm11-gcc-uClibc-linux-gk7605v100/obj/src/svp_rtsp/common/sample_common_svp.o
 .data          0x00000000000cd5a0        0x0 build/arm11-gcc-uClibc-linux-gk7605v100/obj/src/svp_rtsp/ive/sample_ive_main.o
 .data          0x00000000000cd5a0       0xcd build/arm11-gcc-uClibc-linux-gk7605v100/obj/src/svp_rtsp/ive/sample/sample_ive_md.o
                0x00000000000cd5b0                platename
 .data          0x00000000000cd66d        0x0 build/arm11-gcc-uClibc-linux-gk7605v100/obj/src/ntpclient/ntp_client.o
 *fill*         0x00000000000cd66d        0x3 
 .data.rel.local
                0x00000000000cd670      0x118 build/arm11-gcc-uClibc-linux-gk7605v100/obj/src/ntpclient/ntp_client.o
                0x00000000000cd670                ntp_server
 .data          0x00000000000cd788        0x0 build/arm11-gcc-uClibc-linux-gk7605v100/obj/src/bplustree/bplustree.o
 .data.rel.local
                0x00000000000cd788        0x8 build/arm11-gcc-uClibc-linux-gk7605v100/obj/src/bplustree/bplustree.o
 .data          0x00000000000cd790        0x0 /opt/linux/x86-arm/aarch64-mix210-linux/host_bin/../target/usr/lib/libc_nonshared.a(fstat.oS)
 .data          0x00000000000cd790        0x0 /opt/linux/x86-arm/aarch64-mix210-linux/host_bin/../lib/gcc/aarch64-linux-gnu/7.3.0/crtendS.o
 .data          0x00000000000cd790        0x0 /opt/linux/x86-arm/aarch64-mix210-linux/host_bin/../target/usr/lib/crtn.o

.tm_clone_table
                0x00000000000cd790        0x0
 .tm_clone_table
                0x00000000000cd790        0x0 /opt/linux/x86-arm/aarch64-mix210-linux/host_bin/../lib/gcc/aarch64-linux-gnu/7.3.0/crtbeginS.o
 .tm_clone_table
                0x00000000000cd790        0x0 /opt/linux/x86-arm/aarch64-mix210-linux/host_bin/../lib/gcc/aarch64-linux-gnu/7.3.0/crtendS.o

.data1
 *(.data1)