Archive member included to satisfy reference by file (symbol)

/opt/linux/x86-arm/aarch64-mix210-linux/host_bin/../target/usr/lib/libc_nonshared.a(fstat.oS)
                              build/arm11-gcc-uClibc-linux-gk7605v100/obj/src/common_venc/sample_comm_venc.o (fstat)

Allocating common symbols
Common symbol       size              file

stBitmap            0x18              build/arm11-gcc-uClibc-linux-gk7605v100/obj/src/svp_rtsp/ive/sample/sample_ive_md.o
shmid_tx            0x4               build/arm11-gcc-uClibc-linux-gk7605v100/obj/src/svp_rtsp/ive/sample/sample_ive_md.o
factory_test        0x2e8             build/arm11-gcc-uClibc-linux-gk7605v100/obj/src/factory_test/factory_test.o
g_call_id           0x4               build/arm11-gcc-uClibc-linux-gk7605v100/obj/src/third/gb28181/ite_gb28181_sip.o
random_int          0x4               build/arm11-gcc-uClibc-linux-gk7605v100/obj/src/svp_rtsp/ive/sample/sample_ive_md.o
sockfd              0x4               build/arm11-gcc-uClibc-linux-gk7605v100/obj/src/svp_rtsp/ive/sample/sample_ive_md.o
ptr_tx              0x8               build/arm11-gcc-uClibc-linux-gk7605v100/obj/src/svp_rtsp/ive/sample/sample_ive_md.o
SocketInfo          0x1e0             build/arm11-gcc-uClibc-linux-gk7605v100/obj/src/third/gb28181/ite_gb28181_rtp.o
sys_conf            0x14c             build/arm11-gcc-uClibc-linux-gk7605v100/obj/src/third/gb28181/ite_gb28181_app.o
g_call_id_str       0xc8              build/arm11-gcc-uClibc-linux-gk7605v100/obj/src/third/gb28181/ite_gb28181_sip.o
g_did_fileDown      0x4               build/arm11-gcc-uClibc-linux-gk7605v100/obj/src/third/gb28181/ite_gb28181_sip.o
g_dec_surveillance_param
                    0xc               build/arm11-gcc-uClibc-linux-gk7605v100/obj/src/third/gb28181/ite_gb28181_sip.o
g_enc_surveillance_param
                    0xc               build/arm11-gcc-uClibc-linux-gk7605v100/obj/src/third/gb28181/ite_gb28181_sip.o
g_broadcast_invite_callid
                    0x80              build/arm11-gcc-uClibc-linux-gk7605v100/obj/src/third/gb28181/ite_gb28181_sip.o
buf                 0x8               build/arm11-gcc-uClibc-linux-gk7605v100/obj/src/svp_rtsp/ive/sample/sample_ive_md.o
region_tmp_old      0x804             build/arm11-gcc-uClibc-linux-gk7605v100/obj/src/svp_rtsp/ive/sample/sample_ive_md.o
g_broadcast_dstid   0x40              build/arm11-gcc-uClibc-linux-gk7605v100/obj/src/third/gb28181/ite_gb28181_sip.o
g_dec_svc_param     0x10              build/arm11-gcc-uClibc-linux-gk7605v100/obj/src/third/gb28181/ite_gb28181_sip.o
uas_handle_Message  0x8               build/arm11-gcc-uClibc-linux-gk7605v100/obj/src/third/gb28181/ite_gb28181_app.o
device_status       0x28              build/arm11-gcc-uClibc-linux-gk7605v100/obj/src/third/gb28181/ite_gb28181_rtp.o
rtsp_handle         0x30              build/arm11-gcc-uClibc-linux-gk7605v100/obj/src/venc_audio/sample_venc_aenc.o
uas_handle_invite_sdp
                    0x8               build/arm11-gcc-uClibc-linux-gk7605v100/obj/src/third/gb28181/ite_gb28181_app.o
uas_start_transport
                    0x8               build/arm11-gcc-uClibc-linux-gk7605v100/obj/src/third/gb28181/ite_gb28181_app.o
g_did_backPlay      0x4               build/arm11-gcc-uClibc-linux-gk7605v100/obj/src/third/gb28181/ite_gb28181_sip.o
g_broadcast_callid  0x80              build/arm11-gcc-uClibc-linux-gk7605v100/obj/src/third/gb28181/ite_gb28181_sip.o
g_strAuth           0x400             build/arm11-gcc-uClibc-linux-gk7605v100/obj/src/third/gb28181/ite_gb28181_sip.o
g_broadcast_srcid   0x40              build/arm11-gcc-uClibc-linux-gk7605v100/obj/src/third/gb28181/ite_gb28181_sip.o
g_did_realPlay      0x4               build/arm11-gcc-uClibc-linux-gk7605v100/obj/src/third/gb28181/ite_gb28181_sip.o
ite_eXosip_callback
                    0x30              build/arm11-gcc-uClibc-linux-gk7605v100/obj/src/third/gb28181/ite_gb28181_rtp.o
serverAddr          0x10              build/arm11-gcc-uClibc-linux-gk7605v100/obj/src/svp_rtsp/ive/sample/sample_ive_md.o
rtcp_pkt_sr         0x1c              build/arm11-gcc-uClibc-linux-gk7605v100/obj/src/third/gb28181/ite_gb28181_rtp.o
p                   0x8               build/arm11-gcc-uClibc-linux-gk7605v100/obj/src/svp_rtsp/ive/sample/sample_ive_md.o
size                0x4               build/arm11-gcc-uClibc-linux-gk7605v100/obj/src/svp_rtsp/ive/sample/sample_ive_md.o
g_did_audioPlay     0x4               build/arm11-gcc-uClibc-linux-gk7605v100/obj/src/third/gb28181/ite_gb28181_sip.o
g_svac_audio_param  0x4               build/arm11-gcc-uClibc-linux-gk7605v100/obj/src/third/gb28181/ite_gb28181_sip.o
g_alarm_method      0xa               build/arm11-gcc-uClibc-linux-gk7605v100/obj/src/third/gb28181/ite_gb28181_sip.o
autolight_lock      0x38              build/arm11-gcc-uClibc-linux-gk7605v100/obj/src/autolight/netcam_autolight.o
[...]
Memory Configuration

Name             Origin             Length             Attributes
*default*        0x0000000000000000 0xffffffffffffffff

Linker script and memory map

LOAD /opt/linux/x86-arm/aarch64-mix210-linux/host_bin/../target/usr/lib/crti.o
LOAD /opt/linux/x86-arm/aarch64-mix210-linux/host_bin/../lib/gcc/aarch64-linux-gnu/7.3.0/crtbeginS.o
LOAD /opt/linux/x86-arm/aarch64-mix210-linux/host_bin/../lib/gcc/aarch64-linux-gnu/7.3.0/../../../../aarch64-linux-gnu/lib/../lib64/libstdc++.so
LOAD src/svp_rtsp/SDL2-2.26.1/install/lib/libSDL2.so
LOAD src/svp_rtsp/SDL2_ttf-2.0.18/install/lib/libSDL2_ttf.so
LOAD /opt/linux/x86-arm/aarch64-mix210-linux/host_bin/../target/usr/lib/libpthread.so
LOAD /opt/linux/x86-arm/aarch64-mix210-linux/host_bin/../target/usr/lib/librt.so
LOAD /opt/linux/x86-arm/aarch64-mix210-linux/host_bin/../target/usr/lib/libresolv.so
LOAD /opt/linux/x86-arm/aarch64-mix210-linux/host_bin/../target/usr/lib/libdl.so
LOAD /opt/linux/x86-arm/aarch64-mix210-linux/host_bin/../target/usr/lib/libm.so
LOAD /home/huxinjie/7608_netcam/install/arm11-gcc-uClibc-linux-gk7605v100/lib/librtsp.a
LOAD /opt/linux/x86-arm/aarch64-mix210-linux/host_bin/../target/usr/lib/libdl.so
LOAD /opt/linux/x86-arm/aarch64-mix210-linux/host_bin/../lib/gcc/aarch64-linux-gnu/7.3.0/../../../../aarch64-linux-gnu/lib/../lib64/libstdc++.so
LOAD /opt/linux/x86-arm/aarch64-mix210-linux/host_bin/../target/usr/lib/libm.so
LOAD /home/huxinjie/7608_netcam/install/arm11-gcc-uClibc-linux-gk7605v100/lib/libprotobuf-c.a
LOAD build/arm11-gcc-uClibc-linux-gk7605v100/obj/src/rtsp/gk_rtsp.o
LOAD build/arm11-gcc-uClibc-linux-gk7605v100/obj/src/factory_test/factory_test.o
LOAD build/arm11-gcc-uClibc-linux-gk7605v100/obj/src/gkvision/gkvision.o
LOAD build/arm11-gcc-uClibc-linux-gk7605v100/obj/src/third/gb28181/ite_gb28181_rtp.o
LOAD build/arm11-gcc-uClibc-linux-gk7605v100/obj/src/third/gb28181/ite_gb28181_sip.o
LOAD build/arm11-gcc-uClibc-linux-gk7605v100/obj/src/third/gb28181/ite_gb28181_app.o
LOAD build/arm11-gcc-uClibc-linux-gk7605v100/obj/src/third/gb28181/ite_gb28181_playback.o
LOAD build/arm11-gcc-uClibc-linux-gk7605v100/obj/src/common/main.o
LOAD build/arm11-gcc-uClibc-linux-gk7605v100/obj/src/common/netcam_sys.o
LOAD build/arm11-gcc-uClibc-linux-gk7605v100/obj/src/video/netcam_video.o
LOAD build/arm11-gcc-uClibc-linux-gk7605v100/obj/src/video/netcam_video_web_stream.o
LOAD build/arm11-gcc-uClibc-linux-gk7605v100/obj/src/image/netcam_image.o
LOAD build/arm11-gcc-uClibc-linux-gk7605v100/obj/src/timer/netcam_timer.o
LOAD build/arm11-gcc-uClibc-linux-gk7605v100/obj/src/autolight/netcam_autolight.o
LOAD build/arm11-gcc-uClibc-linux-gk7605v100/obj/src/osd/netcam_osd.o
LOAD build/arm11-gcc-uClibc-linux-gk7605v100/obj/src/http/netcam_http_web.o
LOAD build/arm11-gcc-uClibc-linux-gk7605v100/obj/src/net/netcam_network.o
LOAD build/arm11-gcc-uClibc-linux-gk7605v100/obj/src/net/net_arp.o
LOAD build/arm11-gcc-uClibc-linux-gk7605v100/obj/src/net/net_dhcp.o
LOAD build/arm11-gcc-uClibc-linux-gk7605v100/obj/src/net/net_arping.o
LOAD build/arm11-gcc-uClibc-linux-gk7605v100/obj/src/ptz/netcam_ptz.o
LOAD build/arm11-gcc-uClibc-linux-gk7605v100/obj/src/md/netcam_motion_detect.o
LOAD build/arm11-gcc-uClibc-linux-gk7605v100/obj/src/watchdog/netcam_watchdog.o
LOAD build/arm11-gcc-uClibc-linux-gk7605v100/obj/src/work_callback/system_handle.o
LOAD build/arm11-gcc-uClibc-linux-gk7605v100/obj/src/common_venc/loadbmp.o
LOAD build/arm11-gcc-uClibc-linux-gk7605v100/obj/src/common_venc/sample_comm_audio.o
LOAD build/arm11-gcc-uClibc-linux-gk7605v100/obj/src/common_venc/sample_comm_isp.o
LOAD build/arm11-gcc-uClibc-linux-gk7605v100/obj/src/common_venc/sample_comm_mipi_tx.o
LOAD build/arm11-gcc-uClibc-linux-gk7605v100/obj/src/common_venc/sample_comm_region.o
LOAD build/arm11-gcc-uClibc-linux-gk7605v100/obj/src/common_venc/sample_comm_sys.o
LOAD build/arm11-gcc-uClibc-linux-gk7605v100/obj/src/common_venc/sample_comm_vdec.o
LOAD build/arm11-gcc-uClibc-linux-gk7605v100/obj/src/common_venc/sample_comm_venc.o
LOAD build/arm11-gcc-uClibc-linux-gk7605v100/obj/src/common_venc/sample_comm_vi.o
LOAD build/arm11-gcc-uClibc-linux-gk7605v100/obj/src/common_venc/sample_comm_vo.o
LOAD build/arm11-gcc-uClibc-linux-gk7605v100/obj/src/common_venc/sample_comm_vpss.o
LOAD build/arm11-gcc-uClibc-linux-gk7605v100/obj/src/venc_audio/sample_audio.o
LOAD build/arm11-gcc-uClibc-linux-gk7605v100/obj/src/venc_audio/sample_venc_aenc.o
LOAD build/arm11-gcc-uClibc-linux-gk7605v100/obj/src/venc_audio/adp/audio_aac_adp.o
LOAD build/arm11-gcc-uClibc-linux-gk7605v100/obj/src/venc_audio/adp/audio_dl_adp.o
LOAD build/arm11-gcc-uClibc-linux-gk7605v100/obj/src/svp_rtsp/common/sample_common_ive.o
LOAD build/arm11-gcc-uClibc-linux-gk7605v100/obj/src/svp_rtsp/common/sample_common_svp.o
LOAD build/arm11-gcc-uClibc-linux-gk7605v100/obj/src/svp_rtsp/ive/sample_ive_main.o
LOAD build/arm11-gcc-uClibc-linux-gk7605v100/obj/src/svp_rtsp/ive/sample/sample_ive_md.o
LOAD build/arm11-gcc-uClibc-linux-gk7605v100/obj/src/ntpclient/ntp_client.o
LOAD build/arm11-gcc-uClibc-linux-gk7605v100/obj/src/bplustree/bplustree.o
LOAD /opt/linux/x86-arm/aarch64-mix210-linux/host_bin/../lib/gcc/aarch64-linux-gnu/7.3.0/libgcc.a
LOAD /opt/linux/x86-arm/aarch64-mix210-linux/host_bin/../lib/gcc/aarch64-linux-gnu/7.3.0/../../../../aarch64-linux-gnu/lib/../lib64/libgcc_s.so
LOAD /opt/linux/x86-arm/aarch64-mix210-linux/host_bin/../target/usr/lib/libc.so
START GROUP
LOAD /opt/linux/x86-arm/aarch64-mix210-linux/host_bin/../target/lib/libc.so.6
LOAD /opt/linux/x86-arm/aarch64-mix210-linux/host_bin/../target/usr/lib/libc_nonshared.a
LOAD /opt/linux/x86-arm/aarch64-mix210-linux/host_bin/../target/lib/ld-linux-aarch64.so.1
END GROUP
LOAD /opt/linux/x86-arm/aarch64-mix210-linux/host_bin/../lib/gcc/aarch64-linux-gnu/7.3.0/libgcc.a
LOAD /opt/linux/x86-arm/aarch64-mix210-linux/host_bin/../lib/gcc/aarch64-linux-gnu/7.3.0/../../../../aarch64-linux-gnu/lib/../lib64/libgcc_s.so
LOAD /opt/linux/x86-arm/aarch64-mix210-linux/host_bin/../lib/gcc/aarch64-linux-gnu/7.3.0/crtendS.o
LOAD /opt/linux/x86-arm/aarch64-mix210-linux/host_bin/../target/usr/lib/crtn.o
                0x0000000000000190                . = (SEGMENT_START ("text-segment", 0x0) + SIZEOF_HEADERS)

.note.gnu.build-id
 *(.note.gnu.build-id)

.hash           0x0000000000000190     0x27dc
 *(.hash)
 .hash          0x0000000000000190     0x27dc /opt/linux/x86-arm/aarch64-mix210-linux/host_bin/../target/usr/lib/crti.o

.gnu.hash       0x0000000000002970     0x1620
 *(.gnu.hash)
 .gnu.hash      0x0000000000002970     0x1620 /opt/linux/x86-arm/aarch64-mix210-linux/host_bin/../target/usr/lib/crti.o

.dynsym         0x0000000000003f90     0x8e50
 *(.dynsym)
 .dynsym        0x0000000000003f90     0x8e50 /opt/linux/x86-arm/aarch64-mix210-linux/host_bin/../target/usr/lib/crti.o

.dynstr         0x000000000000cde0     0x7c87
 *(.dynstr)
 .dynstr        0x000000000000cde0     0x7c87 /opt/linux/x86-arm/aarch64-mix210-linux/host_bin/../target/usr/lib/crti.o

.gnu.version    0x0000000000014a68      0xbdc
 *(.gnu.version)
 .gnu.version   0x0000000000014a68      0xbdc /opt/linux/x86-arm/aarch64-mix210-linux/host_bin/../target/usr/lib/crti.o

.gnu.version_d  0x0000000000015648        0x0
 *(.gnu.version_d)
 .gnu.version_d
                0x0000000000015648        0x0 /opt/linux/x86-arm/aarch64-mix210-linux/host_bin/../target/usr/lib/crti.o

.gnu.version_r  0x0000000000015648       0x60
 *(.gnu.version_r)
 .gnu.version_r
                0x0000000000015648       0x60 /opt/linux/x86-arm/aarch64-mix210-linux/host_bin/../target/usr/lib/crti.o

.rela.dyn       0x00000000000156a8     0x1908
 *(.rela.init)
 *(.rela.text .rela.text.* .rela.gnu.linkonce.t.*)
 *(.rela.fini)
 *(.rela.rodata .rela.rodata.* .rela.gnu.linkonce.r.*)
 *(.rela.data .rela.data.* .rela.gnu.linkonce.d.*)
 .rela.data.rel.local
                0x00000000000156a8      0x4c8 /opt/linux/x86-arm/aarch64-mix210-linux/host_bin/../target/usr/lib/crti.o
 .rela.data.rel
                0x0000000000015b70      0x1f8 /opt/linux/x86-arm/aarch64-mix210-linux/host_bin/../target/usr/lib/crti.o
 .rela.data     0x0000000000015d68      0x120 /opt/linux/x86-arm/aarch64-mix210-linux/host_bin/../target/usr/lib/crti.o
 .rela.data.rel.ro.local
                0x0000000000015e88      0x198 /opt/linux/x86-arm/aarch64-mix210-linux/host_bin/../target/usr/lib/crti.o
 *(.rela.tdata .rela.tdata.* .rela.gnu.linkonce.td.*)
 *(.rela.tbss .rela.tbss.* .rela.gnu.linkonce.tb.*)
 *(.rela.ctors)
 *(.rela.dtors)
 *(.rela.got)
 .rela.got      0x0000000000016020      0xf60 /opt/linux/x86-arm/aarch64-mix210-linux/host_bin/../target/usr/lib/crti.o
 *(.rela.bss .rela.bss.* .rela.gnu.linkonce.b.*)
 *(.rela.ifunc)
 .rela.ifunc    0x0000000000016f80        0x0 /opt/linux/x86-arm/aarch64-mix210-linux/host_bin/../target/usr/lib/crti.o
 .rela.init_array
                0x0000000000016f80       0x18 /opt/linux/x86-arm/aarch64-mix210-linux/host_bin/../target/usr/lib/crti.o
 .rela.fini_array
                0x0000000000016f98       0x18 /opt/linux/x86-arm/aarch64-mix210-linux/host_bin/../target/usr/lib/crti.o

.rela.plt       0x0000000000016fb0     0x6660
 *(.rela.plt)
 .rela.plt      0x0000000000016fb0     0x6660 /opt/linux/x86-arm/aarch64-mix210-linux/host_bin/../target/usr/lib/crti.o
 *(.rela.iplt)

.init           0x000000000001d610       0x14
 *(SORT_NONE(.init))
 .init          0x000000000001d610        0xc /opt/linux/x86-arm/aarch64-mix210-linux/host_bin/../target/usr/lib/crti.o
                0x000000000001d610                _init
 .init          0x000000000001d61c        0x8 /opt/linux/x86-arm/aarch64-mix210-linux/host_bin/../target/usr/lib/crtn.o

.plt            0x000000000001d630     0x4460
 *(.plt)
 .plt           0x000000000001d630     0x4460 /opt/linux/x86-arm/aarch64-mix210-linux/host_bin/../target/usr/lib/crti.o
 *(.iplt)

.text           0x0000000000021a90    0x6d500
 *(.text.unlikely .text.*_unlikely .text.unlikely.*)
 *(.text.exit .text.exit.*)
 *(.text.startup .text.startup.*)
 *(.text.hot .text.hot.*)
 *(SORT_BY_NAME(.text.sorted.*))
 *(.text .stub .text.* .gnu.linkonce.t.*)
 .text          0x0000000000021a90       0x14 /opt/linux/x86-arm/aarch64-mix210-linux/host_bin/../target/usr/lib/crti.o
 *fill*         0x0000000000021aa4        0x4 1f2003d5
 .text          0x0000000000021aa8       0xbc /opt/linux/x86-arm/aarch64-mix210-linux/host_bin/../lib/gcc/aarch64-linux-gnu/7.3.0/crtbeginS.o
 .text          0x0000000000021b64     0x1364 build/arm11-gcc-uClibc-linux-gk7605v100/obj/src/rtsp/gk_rtsp.o
                0x000000000002283c                printf_rtsp_param
                0x0000000000022b24                rtsp_setParam
                0x0000000000022b9c                rtsp_getParam
                0x0000000000022e28                rtsp_start
                0x0000000000022eb4                rtsp_stop
 .text          0x0000000000022ec8      0xdf4 build/arm11-gcc-uClibc-linux-gk7605v100/obj/src/factory_test/factory_test.o
                0x0000000000022ec8                vFactoryWorkMode_Play_AudioFile
                0x0000000000022fc0                vFactoryWorkMode_PTZ_Loop
                0x0000000000022fdc                vFactoryWorkMode_PTZ_StopLoop
                0x0000000000022ff4                vFactoryWorkMode_LinkWifi
                0x0000000000023144                vFactoryWorkMode_StopLinkWifi
                0x0000000000023178                vFactoryWorkMode_WriteRecordFile
                0x000000000002322c                vFactoryWorkMode_StartRecord
                0x00000000000232e0                vFactoryWorkMode_StopRecord
                0x0000000000023324                vFactoryWorkMode_StartPlayRecord
                0x0000000000023348                vFactoryWorkMode_TestInit
                0x0000000000023468                vFactoryWorkMode_BurninInit
                0x000000000002363c                iFactoryWorkMode_PreInit
                0x00000000000237fc                vFactoryWorkMode_Proc
                0x0000000000023bf4                vFactoryWorkMode_Init
                0x0000000000023c54                vFactoryWorkMode_Exit
 *fill*         0x0000000000023cbc        0x4 1f2003d5
 .text          0x0000000000023cc0     0x16c0 build/arm11-gcc-uClibc-linux-gk7605v100/obj/src/gkvision/gkvision.o
                0x0000000000023cc0                gk_vision_init
                0x0000000000023ee8                gk_vision_exit
                0x000000000002447c                gk_vision_set_human_detection_state
                0x00000000000244f8                gk_vision_set_motion_tracing
                0x0000000000025354                gk_vision_fresh_rect
                0x000000000002536c                gk_vision_set_sensitive
 .text          0x0000000000025380     0x71dc build/arm11-gcc-uClibc-linux-gk7605v100/obj/src/third/gb28181/ite_gb28181_rtp.o
                0x0000000000025380                ite_check_test_server
                0x0000000000025388                ite_make_ps_header
                0x00000000000257b8                ite_make_sys_header
                0x000000000002590c                ite_make_psm_header
                0x0000000000025b40                ite_make_pes_header
                0x0000000000025cec                ite_make_rtp_header
                0x0000000000025e70                ite_make_rtptcp_header
                0x00000000000260a4                rtp_send_h264ps
                0x00000000000262b0                ITE_SHARE_BUFFER_Init_Mgr
                0x00000000000262c4                saveps
                0x00000000000263fc                ite_RtpSendUdp_PS_H264frame
                0x0000000000026624                rtp_sendtcp_h264ps
                0x0000000000026ac4                ite_RtpSendTcp_PS_H264frame
                0x0000000000026d70                RtpSendOverUdpPkt3984
                0x000000000002713c                Pframe_process
                0x00000000000272c0                Iframe_process
                0x0000000000027590                GetH264FrameType
                0x0000000000027608                bulid_rtcp_sr
                0x00000000000276e0                bulid_rtcp_rr
                0x00000000000277b8                recvRtcpRr
                0x0000000000027adc                sendRtcpSr
                0x0000000000028584                SendVideoOverTcp_Org
                0x0000000000029490                rtp_stream_fail_event_upload
                0x000000000002995c                rtp_stream_status_send
                0x0000000000029990                SendVideoRtpTask
                0x000000000002ad14                RecvAudioRtpTask
                0x000000000002afb8                gk_rtp_playback_send
                0x000000000002b534                gk_rtp_playback_close
                0x000000000002b5c4                gk_rtp_play_close
                0x000000000002b60c                SetIFameFlag
                0x000000000002b630                rtpGetHandle
                0x000000000002baf4                rtpCloseHandle
                0x000000000002bbec                rtpInit
                0x000000000002bc14                ProcessInviteMediaPlay
                0x000000000002bd8c                ProcessInviteAudioPlay
                0x000000000002bf1c                ProcessMediaStop
                0x000000000002c010                ProcessVoiceStop
                0x000000000002c104                ProcessMediaStopAll
                0x000000000002c370                CreateUdpSocket
                0x000000000002c4a4                CreateTcpSocket
                0x000000000002c51c                gk_rtp_playback_close_rtp_channel
                0x000000000002c530                gk_rtp_playback_open_rtp_channel
 .text          0x000000000002c55c     0xa01c build/arm11-gcc-uClibc-linux-gk7605v100/obj/src/third/gb28181/ite_gb28181_sip.o
                0x000000000002c55c                uac_init
                0x000000000002c6cc                uac_register
                0x000000000002c708                uac_UNregister
                0x000000000002c73c                uac_invite
                0x000000000002c784                uac_bye
                0x000000000002c7a8                uac_send_info
                0x000000000002c88c                uac_send_message
                0x000000000002c968                getlocalip
                0x000000000002cae8                ite_eXosip_init
                0x000000000002cba4                SetSystemTime
                0x000000000002ccd8                ite_eXosip_rand_num
                0x000000000002cd50                ite_eXosip_register
                0x000000000002d50c                ite_eXosip_unregister
                0x000000000002d534                ite_eXosip_sendEventAlarm
                0x000000000002d878                ite_eXosip_sendEventPostion
                0x000000000002dac0                ite_eXosip_sendFileEnd
                0x000000000002e3d4                ite_eXosip_ProcessMsgBody
                0x00000000000330c8                ite_eXosip_parseInviteBody
                0x0000000000033c24                ite_eXosip_parseInfoBody
                0x0000000000034120                ite_eXosip_printEvent
                0x0000000000034500                ite_eXosip_NotifyAlarm_Task
                0x00000000000346d0                ite_eXosip_PositionAlert_Task
                0x000000000003481c                ite_eXosip_processEvent_Task
                0x0000000000035958                ite_eXosip_invit
                0x0000000000035cb8                ite_eXosip_bye
                0x0000000000035cec                ite_eXosip_keep_alive
                0x0000000000035f14                ite_eXosip_Kalive_Task
                0x00000000000360e4                ite_eXosip_get_register_status
                0x00000000000360f4                ite_eXosip_register_Task
                0x00000000000362b4                ite_eXosip_launch
 .text          0x0000000000036578     0x1288 build/arm11-gcc-uClibc-linux-gk7605v100/obj/src/third/gb28181/ite_gb28181_app.o
                0x0000000000036578                uac_get_sdp
                0x00000000000365b4                uac_handle_sdp
                0x00000000000365c8                uac_receive_media
                0x00000000000365d0                uac_get_rtsp
                0x0000000000036614                uac_handle_message
                0x0000000000036628                uac_close_media
                0x0000000000036630                uas_function_run
                0x0000000000036658                uas_handle_sdp
                0x0000000000036680                uas_get_sdp
                0x00000000000366bc                uas_send_media
                0x00000000000366c4                uas_handle_rtsp
                0x00000000000366d8                uas_get_message
                0x0000000000036718                uas_close_media
                0x0000000000036720                handle_invite
                0x00000000000368ec                handle_message
                0x00000000000369ec                handle_bye
                0x0000000000036a48                uas_eXosip_processEvent
                0x0000000000036d94                gb28181_init_signal
                0x0000000000036e80                UAC_TryConnectServer
                0x0000000000037230                rtp_get_data_init
                0x0000000000037278                rtp_get_data
                0x0000000000037304                rtp_get_data_close
                0x0000000000037324                gb28181_set_sip_info
                0x0000000000037450                gb28181_start_thread
                0x0000000000037734                gb28181_start
                0x0000000000037764                gb28181_close
                0x000000000003777c                gb28181_get_reg_serverip_port
                0x00000000000377dc                gb28181_set_reg_expire_time
 .text          0x0000000000037800     0x350c build/arm11-gcc-uClibc-linux-gk7605v100/obj/src/third/gb28181/ite_gb28181_playback.o
                0x00000000000378d8                gk_gb28181_timestamp_to_u64t
                0x0000000000037998                gk_gb28181_time_to_u64t
                0x0000000000037a6c                gk_gb28181_u64t_to_time
                0x0000000000037c28                gk_gb28181_playback_get_record_time
                0x0000000000039c98                gk_gb28181_playback_set_download_cmd
                0x000000000003a12c                gk_gb28181_playback_set_playback_cmd
                0x000000000003a590                gk_gb28181_playback_set_play_cmd
                0x000000000003a7e0                gk_gb28181_playback_set_pause_cmd
                0x000000000003a978                gk_gb28181_playback_set_stop_cmd
                0x000000000003aab0                gk_gb28181_playback_session_open
                0x000000000003ac5c                gk_gb28181_playback_init
 .text          0x000000000003ad0c      0x58c build/arm11-gcc-uClibc-linux-gk7605v100/obj/src/common/main.o
                0x000000000003b1b0                ignore_SIGPIPE
                0x000000000003b208                main
 .text          0x000000000003b298     0x1164 build/arm11-gcc-uClibc-linux-gk7605v100/obj/src/common/netcam_sys.o
                0x000000000003b298                netcam_sys_set_time_zone_by_utc_string
                0x000000000003b46c                netcam_sys_set_time_zone_by_utc_second
                0x000000000003b664                netcam_sys_init
                0x000000000003b730                netcam_sys_get_DevInfor
                0x000000000003b768                netcam_sys_use_timer_init
                0x000000000003b7e4                netcam_sys_save
                0x000000000003b804                netcam_sys_reboot
                0x000000000003b880                netcam_sys_get_local_time_string
                0x000000000003b960                netcam_sys_operation
                0x000000000003bc34                netcam_sys_ntp_get
                0x000000000003bca8                netcam_sys_ntp_set
                0x000000000003bcd8                netcam_sys_ntp_start_stop
                0x000000000003bd08                netcam_sys_init_maintain
                0x000000000003be38                netcam_sys_get_name
                0x000000000003bedc                netcam_sys_shell_result
 .text          0x000000000003c3fc     0x19dc build/arm11-gcc-uClibc-linux-gk7605v100/obj/src/video/netcam_video.o
                0x000000000003c6ac                netcam_video_get_channel_number
                0x000000000003c724                netcam_video_init
                0x000000000003ce1c                netcam_video_convert_channel
                0x000000000003ceb4                netcam_video_get_map
                0x000000000003d038                netcam_video_get
                0x000000000003d0bc                netcam_video_set
                0x000000000003d1d0                netcam_video_snapshot
                0x000000000003d2a4                netcam_video_get_all_channel_par
                0x000000000003d2e0                netcam_video_cfg_save
                0x000000000003d340                netcam_video_exit
                0x000000000003d42c                netcam_video_get_cfg_json_string
                0x000000000003d458                netcam_video_get_actual_fps
                0x000000000003d484                netcam_video_check_alive
                0x000000000003d4cc                video_syn_cfg
                0x000000000003d6c4                video_syn_cfg_x
                0x000000000003d87c                netcam_video_set_stream_name
                0x000000000003d90c                netcam_adjust_bps
                0x000000000003d930                netcam_adjust_fps
                0x000000000003d954                netcam_venc_set_h264_qp_config
                0x000000000003da54                netcam_video_force_i_frame
                0x000000000003da74                netcam_video_get_pic_format
 .text          0x000000000003ddd8     0x2074 build/arm11-gcc-uClibc-linux-gk7605v100/obj/src/video/netcam_video_web_stream.o
                0x000000000003e258                tcp_destroy_client_recod
                0x000000000003e410                tcp_init_client
                0x000000000003e580                tcp_client_usable_id
                0x000000000003ee50                fillAVTPPacket
                0x000000000003faa0                netcam_video_web_stream_init
 .text          0x000000000003fe4c      0x92c build/arm11-gcc-uClibc-linux-gk7605v100/obj/src/image/netcam_image.o
                0x0000000000040048                netcam_image_init
                0x00000000000400d4                netcam_iamge_ircut_auto_check
                0x00000000000400f4                netcam_image_get_map
                0x00000000000401c0                netcam_image_get
                0x00000000000401fc                netcam_image_set
                0x00000000000404fc                netcam_image_set2
                0x00000000000406f4                netcam_image_cfg_save
                0x0000000000040734                netcam_image_reset_default
 .text          0x0000000000040778      0xb74 build/arm11-gcc-uClibc-linux-gk7605v100/obj/src/timer/netcam_timer.o
                0x0000000000040778                timer_get_ms
                0x00000000000407d4                netcam_timer_add_task
                0x0000000000040ad8                netcam_timer_add_task2
                0x0000000000040e38                netcam_timer_del_task
                0x0000000000040f40                netcam_timer_del_task2
                0x00000000000411dc                netcam_timer_init
                0x000000000004125c                netcam_timer_destroy
 .text          0x00000000000412ec      0xa20 build/arm11-gcc-uClibc-linux-gk7605v100/obj/src/autolight/netcam_autolight.o
                0x0000000000041c00                netcam_autolight_init
                0x0000000000041c38                netcam_autolight_get
                0x0000000000041c70                netcam_autolight_set
                0x0000000000041ccc                netcam_autolight_cfg_save
 .text          0x0000000000041d0c     0x210c build/arm11-gcc-uClibc-linux-gk7605v100/obj/src/osd/netcam_osd.o
                0x0000000000041d90                netcam_osd_init
                0x0000000000041e70                netcam_osd_deinit
                0x00000000000423f4                netcam_osd_update_clock
                0x0000000000042620                netcam_osd_update_title
                0x0000000000042830                netcam_osd_update_id
                0x0000000000042fe4                netcam_osd_text_copy
                0x0000000000043058                netcam_osd_set_title
                0x0000000000043100                netcam_osd_set_id
                0x00000000000431ac                netcam_osd_pm_save
                0x0000000000043250                netcam_osd_cfg_json_string
                0x0000000000043328                netcam_pm_get_cfg_json_string
                0x0000000000043400                netcam_osd_get_info
                0x0000000000043508                netcam_osd_set_info
                0x000000000004360c                netcam_osd_update_id_rect
                0x00000000000438b4                netcam_osd_update_id_text
                0x000000000004399c                netcam_pm_init
                0x0000000000043ae4                netcam_pm_set_cover
                0x0000000000043c64                netcam_pm_get_cover
                0x0000000000043d6c                netcam_pm_exit_cover
 .text          0x0000000000043e18     0x675c build/arm11-gcc-uClibc-linux-gk7605v100/obj/src/http/netcam_http_web.o
                0x0000000000044474                netcam_http_service
                0x0000000000049f88                add_p2p_info
                0x000000000004a1a4                netcam_http_web_init
 *fill*         0x000000000004a574        0x4 1f2003d5
 .text.stub     0x000000000004a578       0x10 linker stubs
 .text          0x000000000004b578     0x30cc build/arm11-gcc-uClibc-linux-gk7605v100/obj/src/net/netcam_network.o
                0x000000000004c084                netcam_net_get_icute_number
                0x000000000004d0dc                netcam_net_register_smartlink
                0x000000000004d0f8                netcam_net_private_smartlink
                0x000000000004d10c                netcam_net_wifi_getConfigHostAP
                0x000000000004d128                netcam_net_wifi_setConfigHostAP
                0x000000000004d144                netcam_net_wifi_get_scan_list
                0x000000000004d168                netcam_net_wifi_get_scan_list_ext
                0x000000000004d18c                netcam_net_wifi_get_scan_list_ap
                0x000000000004d1b0                netcam_net_wifi_get_connect_info
                0x000000000004d1cc                netcam_net_wifi_probe
                0x000000000004d1e0                netcam_net_wifi_switchWorkMode
                0x000000000004d23c                netcam_net_set
                0x000000000004d388                netcam_net_getcfg
                0x000000000004d3b8                netcam_net_get
                0x000000000004d478                netcam_net_cfg_save
                0x000000000004d594                netcam_net_autotracking
                0x000000000004d8d0                netcam_net_get_detect
                0x000000000004d8ec                netcam_net_wifi_isenbale
                0x000000000004d8fc                netcam_net_wifi_getWorkMode
                0x000000000004d910                netcam_net_wifi_set_connect_info
                0x000000000004d950                netcam_net_wifi_connect_test
                0x000000000004daac                netcam_net_wifi_get_devname
                0x000000000004dac0                netcam_net_wifi_wps
                0x000000000004db44                netcam_net_reset_net_ip
                0x000000000004de04                netcam_net_monitor
                0x000000000004df14                netcam_net_wifi_isOn
                0x000000000004df24                netcam_net_wifi_on
                0x000000000004df68                netcam_net_wifi_off
                0x000000000004df98                netcam_net_init
                0x000000000004e064                netcam_net_wifi_start
                0x000000000004e190                netcam_net_wifi_init
                0x000000000004e4c8                netcam_net_exit
                0x000000000004e4f8                netcam_net_setwifi
 .text          0x000000000004e644     0x1214 build/arm11-gcc-uClibc-linux-gk7605v100/obj/src/net/net_arp.o
                0x000000000004e81c                arp_send_packet
                0x000000000004ef90                ARP_send_request
                0x000000000004f0e8                ARP_query
                0x000000000004f210                ARP_get_arptable
                0x000000000004f3d8                RARP_send_request
                0x000000000004f4e8                arp_sock_new
                0x000000000004f5e8                arp_proc
                0x000000000004f7ec                ARP_listener_start
                0x000000000004f844                ARP_listener_stop
 .text          0x000000000004f858      0xca4 build/arm11-gcc-uClibc-linux-gk7605v100/obj/src/net/net_dhcp.o
                0x000000000004fb54                get_ip_conflict_proc
                0x000000000004fbe4                NET_get_ip_conflict
                0x000000000005043c                NET_adapt_ip
 .text          0x00000000000504fc      0x758 build/arm11-gcc-uClibc-linux-gk7605v100/obj/src/net/net_arping.o
                0x00000000000504fc                read_interface
                0x000000000005073c                arpping
                0x0000000000050b6c                check_ip
 .text          0x0000000000050c54     0x2298 build/arm11-gcc-uClibc-linux-gk7605v100/obj/src/ptz/netcam_ptz.o
                0x0000000000051f14                netcam_ptz_init
                0x0000000000052200                netcam_ptz_exit
                0x000000000005226c                netcam_ptz_set_preset
                0x00000000000524d8                netcam_ptz_clr_preset
                0x00000000000525ac                netcam_ptz_start
                0x00000000000525d0                netcam_ptz_up
                0x0000000000052624                netcam_ptz_down
                0x0000000000052678                netcam_ptz_left
                0x00000000000526cc                netcam_ptz_right
                0x0000000000052720                netcam_ptz_left_up
                0x0000000000052828                netcam_ptz_left_down
                0x0000000000052930                netcam_ptz_right_up
                0x0000000000052a38                netcam_ptz_right_down
                0x0000000000052b40                netcam_ptz_get_presets
                0x0000000000052cc0                netcam_ptz_horizontal_cruise
                0x0000000000052ce8                netcam_ptz_vertical_cruise
                0x0000000000052d10                netcam_ptz_hor_ver_cruise
                0x0000000000052d38                netcam_ptz_preset_cruise
                0x0000000000052e54                netcam_ptz_stop
                0x0000000000052e8c                netcam_ptz_ciruise_stop
                0x0000000000052eb0                netcam_ptz_is_moving
 .text          0x0000000000052eec     0x121c build/arm11-gcc-uClibc-linux-gk7605v100/obj/src/md/netcam_motion_detect.o
                0x0000000000053044                md_light_close_delay
                0x000000000005342c                md_light_alarm
                0x00000000000534d0                netcam_md_handle
                0x0000000000053a78                netcam_md_enable
                0x0000000000053ad8                netcam_md_set_sensitivity_percentage
                0x0000000000053b68                netcam_md_set_sensitivity
                0x0000000000053bc0                netcam_md_get_sensitivity
                0x0000000000053df0                netcam_md_init
                0x0000000000053e6c                netcam_md_destroy
                0x0000000000053e84                netcam_md_light_auto_start
                0x0000000000053edc                netcam_md_light_auto_stop
                0x0000000000053f28                netcam_md_play_start_one
                0x0000000000053fec                netcam_md_play_stop_one
                0x00000000000540c4                netcam_md_play_get_cnt
                0x00000000000540d4                netcam_md_get_md_light_status
                0x00000000000540e4                netcam_md_set_md_light_status
 .text          0x0000000000054108       0xb8 build/arm11-gcc-uClibc-linux-gk7605v100/obj/src/watchdog/netcam_watchdog.o
                0x0000000000054148                netcam_watchdog_feed
                0x0000000000054168                netcam_watchdog_init
                0x0000000000054190                netcam_watchdog_exit
                0x00000000000541a4                netcam_watchdog_set_timeout
 .text          0x00000000000541c0       0xec build/arm11-gcc-uClibc-linux-gk7605v100/obj/src/work_callback/system_handle.o
                0x00000000000541c0                maintain_handle
 .text          0x00000000000542ac     0x1960 build/arm11-gcc-uClibc-linux-gk7605v100/obj/src/common_venc/loadbmp.o
                0x00000000000542ac                osd_make_color_u16
                0x00000000000543cc                get_bmp_info
                0x0000000000054884                load_bmp
                0x00000000000552c0                load_bmp_ex
                0x0000000000055658                load_bmp_canvas
                0x00000000000557f8                get_ext_name
                0x0000000000055888                load_image
                0x0000000000055928                load_image_ex
                0x00000000000559d0                load_canvas_ex
                0x0000000000055a78                load_bit_map_to_surface
                0x0000000000055ab8                create_surface_by_bit_map
                0x0000000000055b48                create_surface_by_canvas
 .text          0x0000000000055c0c     0x26f8 build/arm11-gcc-uClibc-linux-gk7605v100/obj/src/common_venc/sample_comm_audio.o
                0x0000000000055d98                sample_inner_codec_cfg_audio
                0x0000000000055ed4                sample_comm_audio_cfg_acodec
                0x000000000005616c                sample_comm_audio_ai_proc
                0x00000000000565dc                sample_comm_audio_aenc_proc
                0x000000000005684c                sample_comm_audio_adec_proc
                0x00000000000569c4                sample_comm_audio_ao_vol_proc
                0x0000000000056c18                sample_comm_audio_creat_trd_ai_ao
                0x0000000000056d3c                sample_comm_audio_creat_trd_ai_aenc
                0x0000000000056e50                sample_comm_audio_creat_trd_aenc_adec
                0x0000000000056f44                sample_comm_audio_creat_trd_file_adec
                0x000000000005701c                sample_comm_audio_creat_trd_ao_vol_ctrl
                0x00000000000570c4                sample_comm_audio_destory_trd_ai
                0x0000000000057194                sample_comm_audio_destory_trd_aenc_adec
                0x0000000000057258                sample_comm_audio_destory_trd_file_adec
                0x000000000005731c                sample_comm_audio_destory_trd_ao_vol_ctrl
                0x00000000000573bc                sample_comm_audio_ao_bind_adec
                0x0000000000057410                sample_comm_audio_ao_unbind_adec
                0x0000000000057464                sample_comm_audio_ao_bind_ai
                0x00000000000574c0                sample_comm_audio_ao_unbind_ai
                0x000000000005751c                sample_comm_audio_aenc_bind_ai
                0x0000000000057570                sample_comm_audio_aenc_unbind_ai
                0x0000000000057740                sample_comm_audio_start_ai
                0x00000000000578ec                sample_comm_audio_stop_ai
                0x0000000000057a68                sample_comm_audio_start_ao
                0x0000000000057c5c                sample_comm_audio_stop_ao
                0x0000000000057d9c                sample_comm_audio_start_aenc
                0x0000000000057f4c                sample_comm_audio_stop_aenc
                0x0000000000057fc4                sample_comm_audio_destory_all_trd
                0x0000000000058140                sample_comm_audio_start_adec
                0x00000000000582b0                sample_comm_audio_stop_adec
 .text          0x0000000000058304      0xae0 build/arm11-gcc-uClibc-linux-gk7605v100/obj/src/common_venc/sample_comm_isp.o
                0x0000000000058304                sample_comm_isp_get_pub_attr_by_sns
                0x00000000000584f0                sample_comm_isp_get_sns_obj
                0x000000000005859c                sample_comm_get_sns_bus_type
                0x00000000000585b0                sample_comm_isp_sensor_regiter_callback
                0x00000000000586c4                sample_comm_isp_sensor_unregiter_callback
                0x00000000000587ec                sample_comm_isp_bind_sns
                0x00000000000588ec                sample_comm_isp_ae_lib_callback
                0x0000000000058964                sample_comm_isp_ae_lib_uncallback
                0x00000000000589dc                sample_comm_isp_awb_lib_callback
                0x0000000000058a54                sample_comm_isp_awb_lib_uncallback
                0x0000000000058b80                sample_comm_isp_sensor_founction_cfg
                0x0000000000058bf0                sample_comm_isp_mirror_flip_set
                0x0000000000058cc4                sample_comm_isp_run
                0x0000000000058d4c                sample_comm_isp_stop
                0x0000000000058da8                sample_comm_all_isp_stop
 .text          0x0000000000058de4      0x694 build/arm11-gcc-uClibc-linux-gk7605v100/obj/src/common_venc/sample_comm_mipi_tx.o
                0x000000000005913c                sample_comm_start_mipi_tx
                0x0000000000059378                sample_comm_stop_mipi_tx
 .text          0x0000000000059478     0x3050 build/arm11-gcc-uClibc-linux-gk7605v100/obj/src/common_venc/sample_comm_region.o
                0x0000000000059880                fil_bmp
                0x000000000005994c                region_mst_load_bmp
                0x0000000000059b3c                region_mst_update_canvas
                0x0000000000059d58                sample_comm_region_get_min_handle
                0x0000000000059e20                sample_region_create_overlay
                0x000000000005a090                sample_region_create_overlayex
                0x000000000005a150                sample_region_create_cover
                0x000000000005a1e8                sample_region_create_coverex
                0x000000000005a280                sample_region_create_line
                0x000000000005a318                sample_region_create_mosaic
                0x000000000005a3b0                sample_region_create_mosaicex
                0x000000000005a448                sample_region_create_corner_rectex
                0x000000000005a4e0                sample_region_destroy
                0x000000000005a540                sample_region_attach_to_chn
                0x000000000005a5b0                sample_region_detach_from_chn
                0x000000000005a618                sample_region_set_bit_map
                0x000000000005a680                sample_region_get_up_canvas_info
                0x000000000005a730                sample_comm_region_create
                0x000000000005a8e0                sample_comm_region_destroy
                0x000000000005a9f8                sample_comm_region_attach_check
                0x000000000005ab9c                sample_region_set_overlay_chn_attr
                0x000000000005ad58                sample_region_set_overlayex_chn_attr
                0x000000000005b0b0                sample_region_set_cover_chn_attr
                0x000000000005b430                sample_region_set_coverex_chn_attr
                0x000000000005b660                sample_region_set_corner_rectex_chn_attr
                0x000000000005bc6c                sample_region_set_mosaicex_chn_attr
                0x000000000005bd88                sample_region_set_chn_attr
                0x000000000005bebc                sample_comm_region_attach_to_chn
                0x000000000005bf68                sample_comm_check_min
                0x000000000005bf9c                sample_comm_region_detach_frm_chn
                0x000000000005c13c                sample_comm_region_set_bit_map
                0x000000000005c388                sample_comm_region_get_up_canvas
 .text          0x000000000005c4c8     0x13b8 build/arm11-gcc-uClibc-linux-gk7605v100/obj/src/common_venc/sample_comm_sys.o
                0x000000000005c4c8                sample_sys_signal
                0x000000000005c53c                sample_sys_io_mmap
                0x000000000005c67c                sample_sys_munmap
                0x000000000005c6dc                sample_sys_set_reg
                0x000000000005c73c                sample_sys_get_reg
                0x000000000005c7b8                sample_comm_sys_get_pic_size
                0x000000000005c884                sample_comm_sys_get_pic_enum
                0x000000000005ca3c                sample_comm_sys_mem_config
                0x000000000005ca88                sample_comm_sys_init
                0x000000000005cba8                sample_comm_sys_init_with_vb_supplement
                0x000000000005cd18                sample_comm_sys_exit
                0x000000000005cd3c                sample_comm_vi_bind_vo
                0x000000000005cdd8                sample_comm_vi_un_bind_vo
                0x000000000005ce74                sample_comm_vi_bind_vpss
                0x000000000005cf10                sample_comm_vi_un_bind_vpss
                0x000000000005cfac                sample_comm_vi_bind_venc
                0x000000000005d040                sample_comm_vi_un_bind_venc
                0x000000000005d0d4                sample_comm_avs_bind_venc
                0x000000000005d168                sample_comm_avs_un_bind_venc
                0x000000000005d1fc                sample_comm_avs_bind_vo
                0x000000000005d298                sample_comm_avs_un_bind_vo
                0x000000000005d334                sample_comm_vpss_bind_vo
                0x000000000005d3d0                sample_comm_vpss_un_bind_vo
                0x000000000005d46c                sample_comm_vpss_bind_avs
                0x000000000005d508                sample_comm_vpss_un_bind_avs
                0x000000000005d5a4                sample_comm_vpss_bind_venc
                0x000000000005d638                sample_comm_vpss_un_bind_venc
                0x000000000005d6cc                sample_comm_vdec_bind_vpss
                0x000000000005d758                sample_comm_vdec_un_bind_vpss
                0x000000000005d7e4                sample_comm_vo_bind_vo
                0x000000000005d840                sample_comm_vo_un_bind_vo
 .text          0x000000000005d880     0x3784 build/arm11-gcc-uClibc-linux-gk7605v100/obj/src/common_venc/sample_comm_vdec.o
                0x000000000005dd14                sample_comm_vdec_print_chn_status
                0x000000000005ddb4                sample_comm_vdec_get_lowdelay_en
                0x000000000005ddc4                sample_comm_vdec_set_lowdelay_en
                0x000000000005dde8                sample_comm_vdec_init_user_vb_pool
                0x000000000005dfe4                sample_comm_handle_init_vb_fail
                0x000000000005e108                sample_comm_vdec_cal_vb_size
                0x000000000005e4d0                sample_comm_vdec_config_vb_pool
                0x000000000005e970                sample_comm_vdec_init_vb_pool
                0x000000000005eb30                sample_comm_vdec_exit_user_vb_pool
                0x000000000005ec40                sample_comm_vdec_exit_vb_pool
                0x000000000005ec90                sample_comm_vdec_send_h264_frame_process
                0x000000000005f010                sample_comm_vdec_send_mpeg4_frame_process
                0x000000000005f260                sample_comm_vdec_send_h265_frame_process
                0x000000000005f584                sample_comm_vdec_send_jpeg_frame_process
                0x000000000005f7ec                sample_comm_vdec_cut_frame
                0x000000000005f980                sample_comm_vdec_send_stream_proc
                0x000000000005fb0c                sample_comm_vdec_handle_send_stream
                0x000000000005fc90                sample_comm_vdec_send_stream_process
                0x000000000005fe88                sample_comm_vdec_check_send_stream_param
                0x000000000006004c                sample_comm_vdec_send_stream
                0x000000000006028c                sample_comm_vdec_cmd_not_circle_send
                0x000000000006046c                sample_comm_vdec_start_send_stream
                0x0000000000060564                sample_comm_vdec_stop_send_stream
                0x0000000000060678                sample_comm_vdec_config_attr
                0x0000000000060818                sample_comm_config_ldy_attr
                0x0000000000060980                sample_comm_vdec_start
                0x0000000000060f10                sample_comm_vdec_stop
 .text          0x0000000000061004     0x9fcc build/arm11-gcc-uClibc-linux-gk7605v100/obj/src/common_venc/sample_comm_venc.o
                0x00000000000617a4                sample_comm_venc_mem_config
                0x000000000006183c                sample_comm_venc_get_file_postfix
                0x0000000000061958                sample_comm_venc_get_gop_attr
                0x0000000000061a7c                sample_comm_venc_get_dcf_info
                0x0000000000061cbc                sample_comm_venc_save_stream
                0x0000000000062148                sample_comm_venc_save_stream_phys_addr
                0x00000000000623f0                sample_comm_venc_close_reencode
                0x0000000000065570                sample_comm_venc_create
                0x00000000000656d8                sample_comm_venc_create_x
                0x0000000000065834                sample_comm_venc_start
                0x00000000000658f4                sample_comm_venc_stop
                0x000000000006599c                sample_comm_venc_snap_start
                0x0000000000065b24                sample_comm_venc_photo_start
                0x0000000000065c60                sample_comm_venc_snap_stop
                0x00000000000661e0                sample_comm_venc_snap_process
                0x0000000000066444                sample_comm_venc_save_jpeg
                0x0000000000067134                sample_comm_qpmap_send_frame_proc
                0x000000000006743c                sample_comm_venc_qpmap_send_frame
                0x000000000006778c                sample_venc_process_jpeg_roi
                0x0000000000067dd4                sample_comm_send_roimap_frame_proc
                0x00000000000681ac                sample_comm_venc_send_roimap_frame
                0x0000000000068e7c                sample_comm_venc_get_venc_stream_proc
                0x0000000000069244                sample_comm_venc_set_region
                0x0000000000069468                sample_comm_venc_set_svc_param
                0x0000000000069644                sample_comm_venc_rateauto_stream_proc
                0x000000000006a304                sample_comm_venc_get_venc_stream_proc_svc_t
                0x000000000006a6b0                sample_comm_venc_start_get_stream
                0x000000000006a76c                sample_comm_venc_rateauto_start
                0x000000000006a870                sample_comm_venc_start_get_stream_svc_t
                0x000000000006a8cc                sample_comm_venc_stop_get_stream
                0x000000000006a97c                sample_comm_venc_stop_get_stream_x
                0x000000000006aa40                sample_comm_venc_stop_send_qpmap_frame
                0x000000000006aa88                sample_comm_venc_stop_send_roimap_frame
                0x000000000006aad0                sample_comm_venc_stop_rateauto
                0x000000000006ad6c                sample_comm_venc_plan_to_semi
 .text          0x000000000006afd0     0x7acc build/arm11-gcc-uClibc-linux-gk7605v100/obj/src/common_venc/sample_comm_vi.o
                0x000000000006c700                sample_comm_vi_get_size_by_sns_type
                0x000000000006c7dc                sample_comm_vi_get_obheight_by_sns_type
                0x000000000006c950                sample_comm_vi_get_default_sns_info
                0x000000000006c990                sample_comm_vi_get_default_mipi_info
                0x000000000006c9e4                sample_comm_vi_get_mipi_info_by_dev_id
                0x000000000006ca54                sample_comm_vi_get_default_dev_info
                0x000000000006cc04                sample_comm_vi_get_default_pipe_info
                0x000000000006d184                sample_comm_vi_init_pipe_info
                0x000000000006d704                sample_comm_vi_get_default_vi_cfg
                0x000000000006d7b0                sample_comm_vi_init_vi_cfg
                0x000000000006d868                sample_comm_vi_set_vi_vpss_mode
                0x000000000006f0b4                sample_comm_vi_start_vi
                0x000000000006f2fc                sample_comm_vi_stop_vi
                0x000000000006f378                sample_comm_vi_mode_switch_stop_vi
                0x000000000006f5e8                sample_comm_vi_mode_switch_start_vi
                0x000000000006fb90                sample_comm_vi_switch_isp_mode
                0x000000000006fe2c                sample_comm_vi_switch_isp_resolution
                0x00000000000700e4                sample_comm_vi_stop_four_vi
                0x0000000000070540                sample_comm_vi_free_frame_blk
                0x0000000000070608                sample_comm_vi_get_frame_blk
                0x0000000000070788                sample_comm_vi_release_frame_blk
                0x0000000000070afc                sample_comm_vi_save_fpn_file
                0x0000000000071088                sample_comm_vi_fpn_calibrate
                0x0000000000071374                sample_comm_vi_enable_fpn_correction
                0x0000000000071568                sample_comm_vi_enable_fpn_correction_for_scene
                0x000000000007180c                sample_comm_vi_disable_fpn_correction
                0x00000000000718d4                sample_comm_vi_start_virt_pipe
                0x00000000000719a8                sample_comm_vi_stop_virt_pipe
                0x00000000000722d4                sample_common_vi_load_user_pic
                0x00000000000723b8                sample_common_vi_unload_user_pic
                0x00000000000729fc                sample_comm_vi_send_wdr_frame
 .text          0x0000000000072a9c     0x2290 build/arm11-gcc-uClibc-linux-gk7605v100/obj/src/common_venc/sample_comm_vo.o
                0x0000000000072a9c                sample_comm_vo_get_width_height
                0x0000000000072be0                sample_comm_vo_start_dev
                0x0000000000072dcc                sample_comm_vo_stop_dev
                0x0000000000072e2c                sample_comm_vo_start_layer
                0x0000000000072f08                sample_comm_vo_stop_layer
                0x0000000000072f68                sample_comm_vo_get_wnd_info
                0x00000000000730a8                sample_comm_vo_get_chn_attr
                0x00000000000732cc                sample_comm_vo_start_chn
                0x00000000000734b0                sample_comm_vo_stop_chn
                0x0000000000073760                sample_comm_vo_start_wbc
                0x000000000007387c                sample_comm_vo_stop_wbc
                0x00000000000738c8                sample_comm_vo_get_def_wbc_config
                0x000000000007396c                sample_comm_vo_bt1120_start
                0x00000000000739c8                sample_comm_vo_hdmi_start
                0x0000000000073b5c                sample_comm_vo_hdmi_stop
                0x0000000000073c3c                vo_get_dev_timing
                0x0000000000073c8c                vo_get_dev_user_sync_info
                0x0000000000073d7c                sample_comm_vo_get_def_config
                0x0000000000074120                sample_comm_vo_set_hdmi_rgb_mode
                0x0000000000074154                sample_comm_vo_start_vo
                0x00000000000743ec                sample_comm_vo_start_pip
                0x0000000000074604                sample_comm_vo_stop_vo
                0x0000000000074754                sample_comm_vo_stop_pip
                0x0000000000074834                sample_comm_vo_get_def_layer_config
                0x0000000000074af8                sample_comm_vo_start_layer_chn
                0x0000000000074c48                sample_comm_vo_stop_layer_chn
 .text          0x0000000000074d2c      0x634 build/arm11-gcc-uClibc-linux-gk7605v100/obj/src/common_venc/sample_comm_vpss.o
                0x0000000000074d2c                sample_comm_vpss_get_default_grp_attr
                0x0000000000074dec                sample_comm_vpss_get_default_chn_attr
                0x0000000000075044                sample_common_vpss_start
                0x00000000000751f8                sample_common_vpss_stop
 .text          0x0000000000075360     0x3f34 build/arm11-gcc-uClibc-linux-gk7605v100/obj/src/venc_audio/sample_audio.o
                0x0000000000075be8                sample_comm_audio_ai_ext_res_proc
                0x0000000000075e78                sample_comm_audio_creat_trd_ai_ext_res
                0x0000000000075fac                sample_comm_audio_destroy_trd_ai_ext_res
                0x0000000000076978                sample_audio_set_ai_vqe_param
                0x0000000000076ab0                sample_audio_adec_ao_inner
                0x0000000000076bbc                sample_audio_adec_ao
                0x0000000000076cf0                sample_audio_ai_aenc_init_param
                0x0000000000076de0                sample_audio_aenc_bind_ai
                0x0000000000076f28                sample_audio_aenc_unbind_ai
                0x0000000000077350                sample_audio_ai_aenc_inner
                0x0000000000077a3c                sample_audio_ai_to_ext_resample
                0x0000000000078008                sample_audio_ai_ao
                0x0000000000078440                sample_audio_ai_to_ao_sys_chn
                0x0000000000078b1c                sample_audio_ai_vqe_process_ao
                0x0000000000078ee0                sample_audio_ai_hdmi_ao
                0x0000000000079130                sample_audio_usage
 .text          0x0000000000079294     0x3950 build/arm11-gcc-uClibc-linux-gk7605v100/obj/src/venc_audio/sample_venc_aenc.o
                0x000000000007a404                SAMPLE_COMM_AUDIO_AencProc_new
                0x000000000007bcf8                VENC_GetVencStreamProc
                0x000000000007c1e8                sample_venc_start_svp_x
                0x000000000007c724                load_pq_bin
                0x000000000007c9ec                rtsp_reboot
                0x000000000007cb0c                venc_audio_start
 .text          0x000000000007cbe4     0x32ac build/arm11-gcc-uClibc-linux-gk7605v100/obj/src/venc_audio/adp/audio_aac_adp.o
                0x000000000007cd7c                aac_deinit_enc_lib
                0x000000000007ce24                aacenc_get_version_adp
                0x000000000007ce90                aac_init_default_config_adp
                0x000000000007cefc                aac_encoder_open_adp
                0x000000000007cf70                aac_encoder_frame_adp
                0x000000000007cff4                aac_encoder_close_adp
                0x000000000007d120                aac_deinit_dec_lib
                0x000000000007d1c8                aacdec_get_version_adp
                0x000000000007d234                aac_init_decoder_adp
                0x000000000007d29c                aac_free_decoder_adp
                0x000000000007d300                aac_set_raw_mode_adp
                0x000000000007d37c                aac_decode_find_sync_header_adp
                0x000000000007d3f8                aac_decode_frame_adp
                0x000000000007d47c                aac_get_last_frame_info_adp
                0x000000000007d4f0                aac_decoder_set_eos_flag_adp
                0x000000000007d564                aac_flush_codec_adp
                0x000000000007ec00                aenc_aac_check_config
                0x000000000007f014                open_aac_encoder
                0x000000000007f4f8                encode_aac_frm
                0x000000000007f604                close_aac_encoder
                0x000000000007f650                open_aac_decoder
                0x000000000007f820                decode_aac_frm
                0x000000000007fa44                get_aac_frm_info
                0x000000000007fb30                close_aac_decoder
                0x000000000007fb7c                reset_aac_decoder
                0x000000000007fc18                ss_mpi_aenc_aac_init
                0x000000000007fd0c                ss_mpi_aenc_aac_deinit
                0x000000000007fd4c                ss_mpi_adec_aac_init
                0x000000000007fe50                ss_mpi_adec_aac_deinit
 .text          0x000000000007fe90      0x16c build/arm11-gcc-uClibc-linux-gk7605v100/obj/src/venc_audio/adp/audio_dl_adp.o
                0x000000000007fe90                audio_dlpath
                0x000000000007fea4                audio_dlopen
                0x000000000007ff28                audio_dlsym
                0x000000000007ffbc                audio_dlclose
 .text          0x000000000007fffc     0x1ce0 build/arm11-gcc-uClibc-linux-gk7605v100/obj/src/svp_rtsp/common/sample_common_ive.o
                0x000000000007fffc                sample_common_ive_check_mpi_init
                0x0000000000080084                sample_common_ive_mpi_init
                0x00000000000800f8                sample_common_ive_mpi_exit
                0x0000000000080320                sample_common_ive_read_file
                0x00000000000806fc                sample_common_ive_write_file
                0x0000000000080a10                sample_common_ive_calc_stride
                0x0000000000080cdc                sample_common_ive_blob_to_rect
                0x0000000000081790                sample_common_ive_create_image
                0x00000000000817c8                sample_common_ive_create_mem_info
                0x00000000000818d0                sample_common_ive_create_image_by_cached
                0x0000000000081908                sample_common_ive_dma_image
 .text          0x0000000000081cdc     0x38dc build/arm11-gcc-uClibc-linux-gk7605v100/obj/src/svp_rtsp/common/sample_common_svp.o
                0x0000000000082fdc                sample_common_svp_check_sys_init
                0x00000000000830a0                sample_common_svp_check_sys_exit
                0x0000000000083160                sample_common_svp_align
                0x0000000000083268                sample_common_svp_create_mem_info
                0x00000000000833a8                sample_common_svp_destroy_mem_info
                0x000000000008346c                sample_common_svp_malloc_mem
                0x0000000000083558                sample_common_svp_malloc_cached
                0x0000000000083644                sample_common_svp_flush_cache
                0x00000000000839e0                sample_common_svp_vgs_fill_rect_changecolor
                0x0000000000083e44                sample_common_svp_vgs_fill_rect
                0x0000000000084524                sample_common_svp_start_vo
                0x0000000000084590                sample_common_svp_stop_vo
                0x0000000000084c10                sample_common_svp_start_vi_vpss_venc_vo
                0x0000000000085044                sample_common_svp_stop_vi_vpss_venc_vo
                0x00000000000851ec                sample_comm_svp_load_core_binary
                0x00000000000854ec                sample_comm_svp_unload_core_binary
 .text.stub     0x00000000000855b8       0x10 linker stubs
 .text          0x00000000000865b8       0xa0 build/arm11-gcc-uClibc-linux-gk7605v100/obj/src/svp_rtsp/ive/sample_ive_main.o
                0x00000000000865ec                svp_main
 .text          0x0000000000086658     0x1fb4 build/arm11-gcc-uClibc-linux-gk7605v100/obj/src/svp_rtsp/ive/sample/sample_ive_md.o
                0x0000000000086cb0                string_to_bmp
                0x0000000000086f48                bitmap_update
                0x000000000008707c                osd_ttf_task
                0x00000000000873dc                RGN_AddOsdToVenc
                0x00000000000876ec                udp_recv_thread
                0x0000000000087ac4                start_udp_server
                0x0000000000088468                sample_ive_md
                0x00000000000885f4                sample_ive_md_handle_sig
 .text          0x000000000008860c     0x1934 build/arm11-gcc-uClibc-linux-gk7605v100/obj/src/ntpclient/ntp_client.o
                0x0000000000089cc8                start_ntp_client
                0x0000000000089dd8                ntpc_enable
                0x0000000000089e10                ntpc_disable
                0x0000000000089e40                ntpc_set_addr
                0x0000000000089f04                ntpc_set_synctime
 .text          0x0000000000089f40     0x5040 build/arm11-gcc-uClibc-linux-gk7605v100/obj/src/bplustree/bplustree.o
                0x000000000008a0b4                _get_block_size
                0x000000000008de7c                bplus_tree_get
                0x000000000008dea0                bplus_tree_put
                0x000000000008df08                bplus_tree_get_range
                0x000000000008e14c                bplus_open
                0x000000000008e170                bplus_close
                0x000000000008e3bc                bplus_refresh_boot
                0x000000000008e500                bplus_tree_init
                0x000000000008e99c                bplus_tree_deinit
                0x000000000008eda8                bplus_tree_dump
 *fill*         0x000000000008ef80        0x0 1f2003d5
 .text          0x000000000008ef80       0x10 /opt/linux/x86-arm/aarch64-mix210-linux/host_bin/../target/usr/lib/libc_nonshared.a(fstat.oS)
                0x000000000008ef80                __fstat
                0x000000000008ef80                fstat
 .text          0x000000000008ef90        0x0 /opt/linux/x86-arm/aarch64-mix210-linux/host_bin/../lib/gcc/aarch64-linux-gnu/7.3.0/crtendS.o
 .text          0x000000000008ef90        0x0 /opt/linux/x86-arm/aarch64-mix210-linux/host_bin/../target/usr/lib/crtn.o
 *(.gnu.warning)

.fini           0x000000000008ef90       0x10
 *(SORT_NONE(.fini))
 .fini          0x000000000008ef90        0x8 /opt/linux/x86-arm/aarch64-mix210-linux/host_bin/../target/usr/lib/crti.o
                0x000000000008ef90                _fini
 .fini          0x000000000008ef98        0x8 /opt/linux/x86-arm/aarch64-mix210-linux/host_bin/../target/usr/lib/crtn.o
                [!provide]                        PROVIDE (__etext = .)
                [!provide]                        PROVIDE (_etext = .)
                [!provide]                        PROVIDE (etext = .)

.rodata         0x000000000008efa0    0x17c29
 *(.rodata .rodata.* .gnu.linkonce.r.*)
 .rodata        0x000000000008efa0      0x3ec build/arm11-gcc-uClibc-linux-gk7605v100/obj/src/rtsp/gk_rtsp.o
 *fill*         0x000000000008f38c        0x4 
 .rodata        0x000000000008f390      0x375 build/arm11-gcc-uClibc-linux-gk7605v100/obj/src/factory_test/factory_test.o
 *fill*         0x000000000008f705        0x3 
 .rodata        0x000000000008f708      0x55d build/arm11-gcc-uClibc-linux-gk7605v100/obj/src/gkvision/gkvision.o
 *fill*         0x000000000008fc65        0x3 
 .rodata        0x000000000008fc68      0xb1d build/arm11-gcc-uClibc-linux-gk7605v100/obj/src/third/gb28181/ite_gb28181_rtp.o
 *fill*         0x0000000000090785        0x3 
 .rodata        0x0000000000090788     0x443a build/arm11-gcc-uClibc-linux-gk7605v100/obj/src/third/gb28181/ite_gb28181_sip.o
 *fill*         0x0000000000094bc2        0x6 
 .rodata        0x0000000000094bc8      0x65a build/arm11-gcc-uClibc-linux-gk7605v100/obj/src/third/gb28181/ite_gb28181_app.o
 *fill*         0x0000000000095222        0x6 
 .rodata        0x0000000000095228      0x621 build/arm11-gcc-uClibc-linux-gk7605v100/obj/src/third/gb28181/ite_gb28181_playback.o
 *fill*         0x0000000000095849        0x7 
 .rodata        0x0000000000095850      0x296 build/arm11-gcc-uClibc-linux-gk7605v100/obj/src/common/main.o
 *fill*         0x0000000000095ae6        0x2 
 .rodata        0x0000000000095ae8      0x7d5 build/arm11-gcc-uClibc-linux-gk7605v100/obj/src/common/netcam_sys.o
 *fill*         0x00000000000962bd        0x3 
 .rodata        0x00000000000962c0      0x4e3 build/arm11-gcc-uClibc-linux-gk7605v100/obj/src/video/netcam_video.o
 *fill*         0x00000000000967a3        0x5 
 .rodata        0x00000000000967a8      0x85f build/arm11-gcc-uClibc-linux-gk7605v100/obj/src/video/netcam_video_web_stream.o
 *fill*         0x0000000000097007        0x1 
 .rodata        0x0000000000097008       0xb6 build/arm11-gcc-uClibc-linux-gk7605v100/obj/src/image/netcam_image.o
 *fill*         0x00000000000970be        0x2 
 .rodata        0x00000000000970c0      0x10d build/arm11-gcc-uClibc-linux-gk7605v100/obj/src/timer/netcam_timer.o
 *fill*         0x00000000000971cd        0x3 
 .rodata        0x00000000000971d0      0x289 build/arm11-gcc-uClibc-linux-gk7605v100/obj/src/autolight/netcam_autolight.o
 *fill*         0x0000000000097459        0x7 
 .rodata        0x0000000000097460      0x37d build/arm11-gcc-uClibc-linux-gk7605v100/obj/src/osd/netcam_osd.o
 *fill*         0x00000000000977dd        0x3 
 .rodata        0x00000000000977e0     0x16c0 build/arm11-gcc-uClibc-linux-gk7605v100/obj/src/http/netcam_http_web.o
 .rodata        0x0000000000098ea0      0xf57 build/arm11-gcc-uClibc-linux-gk7605v100/obj/src/net/netcam_network.o
 *fill*         0x0000000000099df7        0x1 
 .rodata        0x0000000000099df8      0x1e8 build/arm11-gcc-uClibc-linux-gk7605v100/obj/src/net/net_arp.o
 .rodata        0x0000000000099fe0      0x170 build/arm11-gcc-uClibc-linux-gk7605v100/obj/src/net/net_dhcp.o
 .rodata        0x000000000009a150      0x1fa build/arm11-gcc-uClibc-linux-gk7605v100/obj/src/net/net_arping.o
 *fill*         0x000000000009a34a        0x6 
 .rodata        0x000000000009a350      0x4a2 build/arm11-gcc-uClibc-linux-gk7605v100/obj/src/ptz/netcam_ptz.o
 *fill*         0x000000000009a7f2        0x6 
 .rodata        0x000000000009a7f8      0x54c build/arm11-gcc-uClibc-linux-gk7605v100/obj/src/md/netcam_motion_detect.o
 *fill*         0x000000000009ad44        0x4 
 .rodata        0x000000000009ad48       0xd8 build/arm11-gcc-uClibc-linux-gk7605v100/obj/src/work_callback/system_handle.o
 .rodata        0x000000000009ae20      0x2c8 build/arm11-gcc-uClibc-linux-gk7605v100/obj/src/common_venc/loadbmp.o
 .rodata        0x000000000009b0e8      0xdec build/arm11-gcc-uClibc-linux-gk7605v100/obj/src/common_venc/sample_comm_audio.o
 *fill*         0x000000000009bed4        0x4 
 .rodata        0x000000000009bed8      0x267 build/arm11-gcc-uClibc-linux-gk7605v100/obj/src/common_venc/sample_comm_isp.o
 *fill*         0x000000000009c13f        0x1 
 .rodata        0x000000000009c140      0x5a1 build/arm11-gcc-uClibc-linux-gk7605v100/obj/src/common_venc/sample_comm_mipi_tx.o
 *fill*         0x000000000009c6e1        0x7 
 .rodata        0x000000000009c6e8      0x921 build/arm11-gcc-uClibc-linux-gk7605v100/obj/src/common_venc/sample_comm_region.o
 *fill*         0x000000000009d009        0x7 
 .rodata        0x000000000009d010      0x686 build/arm11-gcc-uClibc-linux-gk7605v100/obj/src/common_venc/sample_comm_sys.o
 *fill*         0x000000000009d696        0x2 
 .rodata        0x000000000009d698      0x99e build/arm11-gcc-uClibc-linux-gk7605v100/obj/src/common_venc/sample_comm_vdec.o
 *fill*         0x000000000009e036        0x2 
 .rodata        0x000000000009e038     0x1657 build/arm11-gcc-uClibc-linux-gk7605v100/obj/src/common_venc/sample_comm_venc.o
                0x000000000009e038                g_soi
                0x000000000009e040                g_eoi
 *fill*         0x000000000009f68f        0x1 
 .rodata        0x000000000009f690     0x1417 build/arm11-gcc-uClibc-linux-gk7605v100/obj/src/common_venc/sample_comm_vi.o
 *fill*         0x00000000000a0aa7        0x1 
 .rodata        0x00000000000a0aa8      0x8d6 build/arm11-gcc-uClibc-linux-gk7605v100/obj/src/common_venc/sample_comm_vo.o
 *fill*         0x00000000000a137e        0x2 
 .rodata        0x00000000000a1380      0x210 build/arm11-gcc-uClibc-linux-gk7605v100/obj/src/common_venc/sample_comm_vpss.o
 .rodata        0x00000000000a1590      0xcc0 build/arm11-gcc-uClibc-linux-gk7605v100/obj/src/venc_audio/sample_audio.o
 .rodata        0x00000000000a2250      0x7e8 build/arm11-gcc-uClibc-linux-gk7605v100/obj/src/venc_audio/sample_venc_aenc.o
 .rodata        0x00000000000a2a38      0xb05 build/arm11-gcc-uClibc-linux-gk7605v100/obj/src/venc_audio/adp/audio_aac_adp.o
 *fill*         0x00000000000a353d        0x3 
 .rodata        0x00000000000a3540       0x51 build/arm11-gcc-uClibc-linux-gk7605v100/obj/src/venc_audio/adp/audio_dl_adp.o
 *fill*         0x00000000000a3591        0x7 
 .rodata        0x00000000000a3598      0xbcc build/arm11-gcc-uClibc-linux-gk7605v100/obj/src/svp_rtsp/common/sample_common_ive.o
 *fill*         0x00000000000a4164        0x4 
 .rodata        0x00000000000a4168     0x175b build/arm11-gcc-uClibc-linux-gk7605v100/obj/src/svp_rtsp/common/sample_common_svp.o
 *fill*         0x00000000000a58c3        0x5 
 .rodata        0x00000000000a58c8      0x833 build/arm11-gcc-uClibc-linux-gk7605v100/obj/src/svp_rtsp/ive/sample/sample_ive_md.o
                0x00000000000a5c80                PORT
 *fill*         0x00000000000a60fb        0x5 
 .rodata        0x00000000000a6100      0x609 build/arm11-gcc-uClibc-linux-gk7605v100/obj/src/ntpclient/ntp_client.o
 *fill*         0x00000000000a6709        0x7 
 .rodata        0x00000000000a6710      0x4b9 build/arm11-gcc-uClibc-linux-gk7605v100/obj/src/bplustree/bplustree.o

.rodata1
 *(.rodata1)

.eh_frame_hdr   0x00000000000a6bcc     0x265c
 *(.eh_frame_hdr)
 .eh_frame_hdr  0x00000000000a6bcc     0x265c /opt/linux/x86-arm/aarch64-mix210-linux/host_bin/../lib/gcc/aarch64-linux-gnu/7.3.0/crtbeginS.o
                0x00000000000a6bcc                __GNU_EH_FRAME_HDR
 *(.eh_frame_entry .eh_frame_entry.*)

.eh_frame       0x00000000000a9228     0xa788
 *(.eh_frame)
 .eh_frame      0x00000000000a9228       0x78 /opt/linux/x86-arm/aarch64-mix210-linux/host_bin/../lib/gcc/aarch64-linux-gnu/7.3.0/crtbeginS.o
 .eh_frame      0x00000000000a92a0      0x210 build/arm11-gcc-uClibc-linux-gk7605v100/obj/src/rtsp/gk_rtsp.o
                                        0x228 (size before relaxing)
 .eh_frame      0x00000000000a94b0      0x220 build/arm11-gcc-uClibc-linux-gk7605v100/obj/src/factory_test/factory_test.o
                                        0x230 (size before relaxing)
 .eh_frame      0x00000000000a96d0      0x250 build/arm11-gcc-uClibc-linux-gk7605v100/obj/src/gkvision/gkvision.o
                                        0x260 (size before relaxing)
 .eh_frame      0x00000000000a9920      0x7d0 build/arm11-gcc-uClibc-linux-gk7605v100/obj/src/third/gb28181/ite_gb28181_rtp.o
                                        0x7e0 (size before relaxing)
 .eh_frame      0x00000000000aa0f0      0x508 build/arm11-gcc-uClibc-linux-gk7605v100/obj/src/third/gb28181/ite_gb28181_sip.o
                                        0x518 (size before relaxing)
 .eh_frame      0x00000000000aa5f8      0x3b0 build/arm11-gcc-uClibc-linux-gk7605v100/obj/src/third/gb28181/ite_gb28181_app.o
                                        0x3c0 (size before relaxing)
 .eh_frame      0x00000000000aa9a8      0x308 build/arm11-gcc-uClibc-linux-gk7605v100/obj/src/third/gb28181/ite_gb28181_playback.o
                                        0x320 (size before relaxing)
 .eh_frame      0x00000000000aacb0      0x148 build/arm11-gcc-uClibc-linux-gk7605v100/obj/src/common/main.o
                                        0x160 (size before relaxing)
 .eh_frame      0x00000000000aadf8      0x2c8 build/arm11-gcc-uClibc-linux-gk7605v100/obj/src/common/netcam_sys.o
                                        0x2e0 (size before relaxing)
 .eh_frame      0x00000000000ab0c0      0x358 build/arm11-gcc-uClibc-linux-gk7605v100/obj/src/video/netcam_video.o
                                        0x370 (size before relaxing)
 .eh_frame      0x00000000000ab418      0x270 build/arm11-gcc-uClibc-linux-gk7605v100/obj/src/video/netcam_video_web_stream.o
                                        0x288 (size before relaxing)
 .eh_frame      0x00000000000ab688      0x1a0 build/arm11-gcc-uClibc-linux-gk7605v100/obj/src/image/netcam_image.o
                                        0x1b0 (size before relaxing)
 .eh_frame      0x00000000000ab828      0x118 build/arm11-gcc-uClibc-linux-gk7605v100/obj/src/timer/netcam_timer.o
                                        0x130 (size before relaxing)
 .eh_frame      0x00000000000ab940      0x148 build/arm11-gcc-uClibc-linux-gk7605v100/obj/src/autolight/netcam_autolight.o
                                        0x158 (size before relaxing)
 .eh_frame      0x00000000000aba88      0x340 build/arm11-gcc-uClibc-linux-gk7605v100/obj/src/osd/netcam_osd.o
                                        0x358 (size before relaxing)
 .eh_frame      0x00000000000abdc8      0x6a0 build/arm11-gcc-uClibc-linux-gk7605v100/obj/src/http/netcam_http_web.o
                                        0x6b8 (size before relaxing)
 .eh_frame      0x00000000000ac468      0x768 build/arm11-gcc-uClibc-linux-gk7605v100/obj/src/net/netcam_network.o
                                        0x778 (size before relaxing)
 .eh_frame      0x00000000000acbd0      0x190 build/arm11-gcc-uClibc-linux-gk7605v100/obj/src/net/net_arp.o
                                        0x1a8 (size before relaxing)
 .eh_frame      0x00000000000acd60      0x118 build/arm11-gcc-uClibc-linux-gk7605v100/obj/src/net/net_dhcp.o
                                        0x130 (size before relaxing)
 .eh_frame      0x00000000000ace78       0x70 build/arm11-gcc-uClibc-linux-gk7605v100/obj/src/net/net_arping.o
                                         0x88 (size before relaxing)
 .eh_frame      0x00000000000acee8      0x3d0 build/arm11-gcc-uClibc-linux-gk7605v100/obj/src/ptz/netcam_ptz.o
                                        0x3e8 (size before relaxing)
 .eh_frame      0x00000000000ad2b8      0x348 build/arm11-gcc-uClibc-linux-gk7605v100/obj/src/md/netcam_motion_detect.o
                                        0x360 (size before relaxing)
 .eh_frame      0x00000000000ad600       0xd8 build/arm11-gcc-uClibc-linux-gk7605v100/obj/src/watchdog/netcam_watchdog.o
                                         0xf0 (size before relaxing)
 .eh_frame      0x00000000000ad6d8       0x20 build/arm11-gcc-uClibc-linux-gk7605v100/obj/src/work_callback/system_handle.o
                                         0x30 (size before relaxing)
 .eh_frame      0x00000000000ad6f8      0x310 build/arm11-gcc-uClibc-linux-gk7605v100/obj/src/common_venc/loadbmp.o
                                        0x320 (size before relaxing)
 .eh_frame      0x00000000000ada08      0x4c8 build/arm11-gcc-uClibc-linux-gk7605v100/obj/src/common_venc/sample_comm_audio.o
                                        0x4e0 (size before relaxing)
 .eh_frame      0x00000000000aded0      0x228 build/arm11-gcc-uClibc-linux-gk7605v100/obj/src/common_venc/sample_comm_isp.o
                                        0x240 (size before relaxing)
 .eh_frame      0x00000000000ae0f8      0x120 build/arm11-gcc-uClibc-linux-gk7605v100/obj/src/common_venc/sample_comm_mipi_tx.o
                                        0x138 (size before relaxing)
 .eh_frame      0x00000000000ae218      0x678 build/arm11-gcc-uClibc-linux-gk7605v100/obj/src/common_venc/sample_comm_region.o
                                        0x690 (size before relaxing)
 .eh_frame      0x00000000000ae890      0x478 build/arm11-gcc-uClibc-linux-gk7605v100/obj/src/common_venc/sample_comm_sys.o
                                        0x488 (size before relaxing)
 .eh_frame      0x00000000000aed08      0x418 build/arm11-gcc-uClibc-linux-gk7605v100/obj/src/common_venc/sample_comm_vdec.o
                                        0x430 (size before relaxing)
 .eh_frame      0x00000000000af120      0xce8 build/arm11-gcc-uClibc-linux-gk7605v100/obj/src/common_venc/sample_comm_venc.o
                                        0xcf8 (size before relaxing)
 .eh_frame      0x00000000000afe08      0xdd0 build/arm11-gcc-uClibc-linux-gk7605v100/obj/src/common_venc/sample_comm_vi.o
                                        0xde0 (size before relaxing)
 .eh_frame      0x00000000000b0bd8      0x4a8 build/arm11-gcc-uClibc-linux-gk7605v100/obj/src/common_venc/sample_comm_vo.o
                                        0x4b8 (size before relaxing)
 .eh_frame      0x00000000000b1080       0xa0 build/arm11-gcc-uClibc-linux-gk7605v100/obj/src/common_venc/sample_comm_vpss.o
                                         0xb0 (size before relaxing)
 .eh_frame      0x00000000000b1120      0x6a8 build/arm11-gcc-uClibc-linux-gk7605v100/obj/src/venc_audio/sample_audio.o
                                        0x6b8 (size before relaxing)
 .eh_frame      0x00000000000b17c8      0x5b0 build/arm11-gcc-uClibc-linux-gk7605v100/obj/src/venc_audio/sample_venc_aenc.o
                                        0x5c0 (size before relaxing)
 .eh_frame      0x00000000000b1d78      0x6b8 build/arm11-gcc-uClibc-linux-gk7605v100/obj/src/venc_audio/adp/audio_aac_adp.o
                                        0x6d0 (size before relaxing)
 .eh_frame      0x00000000000b2430       0x88 build/arm11-gcc-uClibc-linux-gk7605v100/obj/src/venc_audio/adp/audio_dl_adp.o
                                         0x98 (size before relaxing)
 .eh_frame      0x00000000000b24b8      0x220 build/arm11-gcc-uClibc-linux-gk7605v100/obj/src/svp_rtsp/common/sample_common_ive.o
                                        0x230 (size before relaxing)
 .eh_frame      0x00000000000b26d8      0x558 build/arm11-gcc-uClibc-linux-gk7605v100/obj/src/svp_rtsp/common/sample_common_svp.o
                                        0x568 (size before relaxing)
 .eh_frame      0x00000000000b2c30       0x48 build/arm11-gcc-uClibc-linux-gk7605v100/obj/src/svp_rtsp/ive/sample_ive_main.o
                                         0x60 (size before relaxing)
 .eh_frame      0x00000000000b2c78      0x1e0 build/arm11-gcc-uClibc-linux-gk7605v100/obj/src/svp_rtsp/ive/sample/sample_ive_md.o
                                        0x1f0 (size before relaxing)
 .eh_frame      0x00000000000b2e58      0x220 build/arm11-gcc-uClibc-linux-gk7605v100/obj/src/ntpclient/ntp_client.o
                                        0x238 (size before relaxing)
 .eh_frame      0x00000000000b3078      0x920 build/arm11-gcc-uClibc-linux-gk7605v100/obj/src/bplustree/bplustree.o
                                        0x930 (size before relaxing)
 .eh_frame      0x00000000000b3998       0x14 /opt/linux/x86-arm/aarch64-mix210-linux/host_bin/../target/usr/lib/libc_nonshared.a(fstat.oS)
                                         0x28 (size before relaxing)
 .eh_frame      0x00000000000b39ac        0x4 /opt/linux/x86-arm/aarch64-mix210-linux/host_bin/../lib/gcc/aarch64-linux-gnu/7.3.0/crtendS.o
 *(.eh_frame.*)

.gcc_except_table
 *(.gcc_except_table .gcc_except_table.*)

.gnu_extab
 *(.gnu_extab*)

.exception_ranges
 *(.exception_ranges*)
                0x00000000000c4560                . = DATA_SEGMENT_ALIGN (CONSTANT (MAXPAGESIZE), CONSTANT (COMMONPAGESIZE))

.eh_frame
 *(.eh_frame)
 *(.eh_frame.*)

.gnu_extab
 *(.gnu_extab)

.gcc_except_table
 *(.gcc_except_table .gcc_except_table.*)

.exception_ranges
 *(.exception_ranges*)

.tdata
 *(.tdata .tdata.* .gnu.linkonce.td.*)

.tbss
 *(.tbss .tbss.* .gnu.linkonce.tb.*)
 *(.tcommon)

.preinit_array
 *(.preinit_array)

.init_array     0x00000000000c4560        0x8
 *(SORT_BY_INIT_PRIORITY(.init_array.*) SORT_BY_INIT_PRIORITY(.ctors.*))
 *(.init_array EXCLUDE_FILE(*crtend?.o *crtend.o *crtbegin?.o *crtbegin.o) .ctors)
 .init_array    0x00000000000c4560        0x8 /opt/linux/x86-arm/aarch64-mix210-linux/host_bin/../lib/gcc/aarch64-linux-gnu/7.3.0/crtbeginS.o

.fini_array     0x00000000000c4568        0x8
 *(SORT_BY_INIT_PRIORITY(.fini_array.*) SORT_BY_INIT_PRIORITY(.dtors.*))
 *(.fini_array EXCLUDE_FILE(*crtend?.o *crtend.o *crtbegin?.o *crtbegin.o) .dtors)
 .fini_array    0x00000000000c4568        0x8 /opt/linux/x86-arm/aarch64-mix210-linux/host_bin/../lib/gcc/aarch64-linux-gnu/7.3.0/crtbeginS.o

.ctors
 *crtbegin.o(.ctors)
 *crtbegin?.o(.ctors)
 *(EXCLUDE_FILE(*crtend?.o *crtend.o) .ctors)
 *(SORT_BY_NAME(.ctors.*))
 *(.ctors)

.dtors
 *crtbegin.o(.dtors)
 *crtbegin?.o(.dtors)
 *(EXCLUDE_FILE(*crtend?.o *crtend.o) .dtors)
 *(SORT_BY_NAME(.dtors.*))
 *(.dtors)

.jcr
 *(.jcr)

.data.rel.ro    0x00000000000c4570      0x300
 *(.data.rel.ro.local* .gnu.linkonce.d.rel.ro.local.*)
 .data.rel.ro.local
                0x00000000000c4570      0x300 build/arm11-gcc-uClibc-linux-gk7605v100/obj/src/common_venc/sample_comm_mipi_tx.o
 *(.data.rel.ro .data.rel.ro.* .gnu.linkonce.d.rel.ro.*)
 .data.rel.ro   0x00000000000c4870        0x0 /opt/linux/x86-arm/aarch64-mix210-linux/host_bin/../target/usr/lib/crti.o

.dynamic        0x00000000000c4870      0x250
 *(.dynamic)
 .dynamic       0x00000000000c4870      0x250 /opt/linux/x86-arm/aarch64-mix210-linux/host_bin/../target/usr/lib/crti.o
                0x00000000000c4870                _DYNAMIC

.got            0x00000000000c4ac0      0x528
 *(.got)
 .got           0x00000000000c4ac0      0x528 /opt/linux/x86-arm/aarch64-mix210-linux/host_bin/../target/usr/lib/crti.o
                0x00000000000c4ac0                _GLOBAL_OFFSET_TABLE_
 *(.igot)
                0x00000000000c4fe8                . = DATA_SEGMENT_RELRO_END (., 0x18)

.got.plt        0x00000000000c4fe8     0x2238
 *(.got.plt)
 .got.plt       0x00000000000c4fe8     0x2238 /opt/linux/x86-arm/aarch64-mix210-linux/host_bin/../target/usr/lib/crti.o
 *(.igot.plt)

.data           0x00000000000c7220     0x4568
                [!provide]                        PROVIDE (__data_start = .)
 *(.data .data.* .gnu.linkonce.d.*)
 .data          0x00000000000c7220        0x0 /opt/linux/x86-arm/aarch64-mix210-linux/host_bin/../target/usr/lib/crti.o
 .data          0x00000000000c7220        0x0 /opt/linux/x86-arm/aarch64-mix210-linux/host_bin/../lib/gcc/aarch64-linux-gnu/7.3.0/crtbeginS.o
 .data.rel.local
                0x00000000000c7220        0x8 /opt/linux/x86-arm/aarch64-mix210-linux/host_bin/../lib/gcc/aarch64-linux-gnu/7.3.0/crtbeginS.o
                0x00000000000c7220                __dso_handle
 .data          0x00000000000c7228        0x0 build/arm11-gcc-uClibc-linux-gk7605v100/obj/src/rtsp/gk_rtsp.o
 .data          0x00000000000c7228        0x0 build/arm11-gcc-uClibc-linux-gk7605v100/obj/src/factory_test/factory_test.o
 .data          0x00000000000c7228       0x24 build/arm11-gcc-uClibc-linux-gk7605v100/obj/src/gkvision/gkvision.o
 *fill*         0x00000000000c724c        0x4 
 .data          0x00000000000c7250      0x46c build/arm11-gcc-uClibc-linux-gk7605v100/obj/src/third/gb28181/ite_gb28181_rtp.o
                0x00000000000c7250                tsTestFd
                0x00000000000c7258                hostAddr
                0x00000000000c7268                tsTestIp
                0x00000000000c72a8                tsTestPort
                0x00000000000c72b0                s_crc32_table
 *fill*         0x00000000000c76bc        0x4 
 .data          0x00000000000c76c0      0x14d build/arm11-gcc-uClibc-linux-gk7605v100/obj/src/third/gb28181/ite_gb28181_sip.o
                0x00000000000c76c0                positionInterval
 *fill*         0x00000000000c780d        0x3 
 .data          0x00000000000c7810       0x78 build/arm11-gcc-uClibc-linux-gk7605v100/obj/src/third/gb28181/ite_gb28181_app.o
                0x00000000000c7810                g_bterminate
                0x00000000000c7818                serverIp
                0x00000000000c7850                gDeviceId
                0x00000000000c7884                serverPort
 .data          0x00000000000c7888        0x0 build/arm11-gcc-uClibc-linux-gk7605v100/obj/src/third/gb28181/ite_gb28181_playback.o
 .data          0x00000000000c7888        0x0 build/arm11-gcc-uClibc-linux-gk7605v100/obj/src/common/main.o
 .data          0x00000000000c7888        0x0 build/arm11-gcc-uClibc-linux-gk7605v100/obj/src/common/netcam_sys.o
 .data          0x00000000000c7888        0x0 build/arm11-gcc-uClibc-linux-gk7605v100/obj/src/video/netcam_video.o
 .data          0x00000000000c7888        0x4 build/arm11-gcc-uClibc-linux-gk7605v100/obj/src/video/netcam_video_web_stream.o
 .data          0x00000000000c788c        0x0 build/arm11-gcc-uClibc-linux-gk7605v100/obj/src/image/netcam_image.o
 .data          0x00000000000c788c        0x0 build/arm11-gcc-uClibc-linux-gk7605v100/obj/src/timer/netcam_timer.o
 .data          0x00000000000c788c        0x3 build/arm11-gcc-uClibc-linux-gk7605v100/obj/src/autolight/netcam_autolight.o
 *fill*         0x00000000000c788f        0x1 
 .data          0x00000000000c7890        0x4 build/arm11-gcc-uClibc-linux-gk7605v100/obj/src/osd/netcam_osd.o
 *fill*         0x00000000000c7894        0x4 
 .data.rel.local
                0x00000000000c7898       0x70 build/arm11-gcc-uClibc-linux-gk7605v100/obj/src/osd/netcam_osd.o
 .data          0x00000000000c7908        0x0 build/arm11-gcc-uClibc-linux-gk7605v100/obj/src/http/netcam_http_web.o
 .data.rel      0x00000000000c7908       0xb0 build/arm11-gcc-uClibc-linux-gk7605v100/obj/src/http/netcam_http_web.o
 .data          0x00000000000c79b8       0x6c build/arm11-gcc-uClibc-linux-gk7605v100/obj/src/net/netcam_network.o
 *fill*         0x00000000000c7a24        0x4 
 .data          0x00000000000c7a28       0x10 build/arm11-gcc-uClibc-linux-gk7605v100/obj/src/net/net_arp.o
 .data          0x00000000000c7a38        0x0 build/arm11-gcc-uClibc-linux-gk7605v100/obj/src/net/net_dhcp.o
 .data          0x00000000000c7a38        0x0 build/arm11-gcc-uClibc-linux-gk7605v100/obj/src/net/net_arping.o
 .data          0x00000000000c7a38        0x0 build/arm11-gcc-uClibc-linux-gk7605v100/obj/src/ptz/netcam_ptz.o
 .data.rel      0x00000000000c7a38        0x8 build/arm11-gcc-uClibc-linux-gk7605v100/obj/src/ptz/netcam_ptz.o
 .data          0x00000000000c7a40       0x40 build/arm11-gcc-uClibc-linux-gk7605v100/obj/src/md/netcam_motion_detect.o
 .data          0x00000000000c7a80        0x0 build/arm11-gcc-uClibc-linux-gk7605v100/obj/src/watchdog/netcam_watchdog.o
 .data          0x00000000000c7a80        0x0 build/arm11-gcc-uClibc-linux-gk7605v100/obj/src/work_callback/system_handle.o
 .data          0x00000000000c7a80       0x28 build/arm11-gcc-uClibc-linux-gk7605v100/obj/src/common_venc/loadbmp.o
                0x00000000000c7a80                g_osd_comp_info
 .data          0x00000000000c7aa8        0x4 build/arm11-gcc-uClibc-linux-gk7605v100/obj/src/common_venc/sample_comm_audio.o
 *fill*         0x00000000000c7aac        0x4 
 .data          0x00000000000c7ab0      0x30c build/arm11-gcc-uClibc-linux-gk7605v100/obj/src/common_venc/sample_comm_isp.o
 .data          0x00000000000c7dbc        0x4 build/arm11-gcc-uClibc-linux-gk7605v100/obj/src/common_venc/sample_comm_mipi_tx.o
 .data          0x00000000000c7dc0        0x0 build/arm11-gcc-uClibc-linux-gk7605v100/obj/src/common_venc/sample_comm_region.o
 .data          0x00000000000c7dc0      0x140 build/arm11-gcc-uClibc-linux-gk7605v100/obj/src/common_venc/sample_comm_sys.o
 .data          0x00000000000c7f00     0x1808 build/arm11-gcc-uClibc-linux-gk7605v100/obj/src/common_venc/sample_comm_vdec.o
 .data          0x00000000000c9708        0x0 build/arm11-gcc-uClibc-linux-gk7605v100/obj/src/common_venc/sample_comm_venc.o
 .data          0x00000000000c9708     0x19c8 build/arm11-gcc-uClibc-linux-gk7605v100/obj/src/common_venc/sample_comm_vi.o
 .data          0x00000000000cb0d0      0x3ec build/arm11-gcc-uClibc-linux-gk7605v100/obj/src/common_venc/sample_comm_vo.o
 .data          0x00000000000cb4bc        0x0 build/arm11-gcc-uClibc-linux-gk7605v100/obj/src/common_venc/sample_comm_vpss.o
 .data          0x00000000000cb4bc       0x10 build/arm11-gcc-uClibc-linux-gk7605v100/obj/src/venc_audio/sample_audio.o
 *fill*         0x00000000000cb4cc        0x4 
 .data          0x00000000000cb4d0       0x7c build/arm11-gcc-uClibc-linux-gk7605v100/obj/src/venc_audio/sample_venc_aenc.o
 .data          0x00000000000cb54c        0x8 build/arm11-gcc-uClibc-linux-gk7605v100/obj/src/venc_audio/adp/audio_aac_adp.o
                0x00000000000cb54c                g_cnt_aenc
                0x00000000000cb550                g_cnt_adec
 .data          0x00000000000cb554        0x0 build/arm11-gcc-uClibc-linux-gk7605v100/obj/src/venc_audio/adp/audio_dl_adp.o
 .data          0x00000000000cb554        0x0 build/arm11-gcc-uClibc-linux-gk7605v100/obj/src/svp_rtsp/common/sample_common_ive.o
 *fill*         0x00000000000cb554        0x4 
 .data          0x00000000000cb558       0x40 build/arm11-gcc-uClibc-linux-gk7605v100/obj/src/svp_rtsp/common/sample_common_svp.o
 .data          0x00000000000cb598        0x0 build/arm11-gcc-uClibc-linux-gk7605v100/obj/src/svp_rtsp/ive/sample_ive_main.o
 .data          0x00000000000cb598       0xcd build/arm11-gcc-uClibc-linux-gk7605v100/obj/src/svp_rtsp/ive/sample/sample_ive_md.o
                0x00000000000cb5a8                platename
 .data          0x00000000000cb665        0x0 build/arm11-gcc-uClibc-linux-gk7605v100/obj/src/ntpclient/ntp_client.o
 *fill*         0x00000000000cb665        0x3 
 .data.rel.local
                0x00000000000cb668      0x118 build/arm11-gcc-uClibc-linux-gk7605v100/obj/src/ntpclient/ntp_client.o
                0x00000000000cb668                ntp_server
 .data          0x00000000000cb780        0x0 build/arm11-gcc-uClibc-linux-gk7605v100/obj/src/bplustree/bplustree.o
 .data.rel.local
                0x00000000000cb780        0x8 build/arm11-gcc-uClibc-linux-gk7605v100/obj/src/bplustree/bplustree.o
 .data          0x00000000000cb788        0x0 /opt/linux/x86-arm/aarch64-mix210-linux/host_bin/../target/usr/lib/libc_nonshared.a(fstat.oS)
 .data          0x00000000000cb788        0x0 /opt/linux/x86-arm/aarch64-mix210-linux/host_bin/../lib/gcc/aarch64-linux-gnu/7.3.0/crtendS.o
 .data          0x00000000000cb788        0x0 /opt/linux/x86-arm/aarch64-mix210-linux/host_bin/../target/usr/lib/crtn.o

.tm_clone_table
                0x00000000000cb788        0x0
 .tm_clone_table
                0x00000000000cb788        0x0 /opt/linux/x86-arm/aarch64-mix210-linux/host_bin/../lib/gcc/aarch64-linux-gnu/7.3.0/crtbeginS.o
 .tm_clone_table
                0x00000000000cb788        0x0 /opt/linux/x86-arm/aarch64-mix210-linux/host_bin/../lib/gcc/aarch64-linux-gnu/7.3.0/crtendS.o

.data1
 *(.data1)
                [!provide]                        PROVIDE (_edata = .)
                [!provide]                        PROVIDE (edata = .)